Microchip MPLAB XC8 Compiler V1.33 ()

Linker command line:

--edf=C:\Program Files (x86)\Microchip\xc8\v1.33\dat\en_msgs.txt -cs \
  -h+dist/default/production\projet_sansfils.X.production.sym \
  --cmf=dist/default/production\projet_sansfils.X.production.cmf -z \
  -Q18F46J50 -oC:\Users\fdaigle\AppData\Local\Temp\s1q4.6 \
  -Mdist/default/production/projet_sansfils.X.production.map -E1 -ver=XC8 \
  -ASTACK=0A00h-0ebfh -pstack=STACK -ACODE=00h-0FFF7h -ACONST=00h-0FFF7h \
  -ASMALLCONST=0F00h-0FFFhx240,0FF00h-0FFF7h -AMEDIUMCONST=0F00h-0FFF7h \
  -ACOMRAM=01h-05Fh -AABS1=00h-0EBFh -ABIGRAM=01h-0EBFh \
  -ARAM=060h-0FFh,0100h-01FFhx13,0E00h-0EBFh -ABANK0=060h-0FFh \
  -ABANK1=0100h-01FFh -ABANK2=0200h-02FFh -ABANK3=0300h-03FFh \
  -ABANK4=0400h-04FFh -ABANK5=0500h-05FFh -ABANK6=0600h-06FFh \
  -ABANK7=0700h-07FFh -ABANK8=0800h-08FFh -ABANK9=0900h-09FFh \
  -ABANK10=0A00h-0AFFh -ABANK11=0B00h-0BFFh -ABANK12=0C00h-0CFFh \
  -ABANK13=0D00h-0DFFh -ABANK14=0E00h-0EBFh \
  -ASFR=0EC0h-0EFFh,0F00h-0F5Fh,0F60h-0FFFh \
  -preset_vec=00h,intcode=08h,intcodelo,powerup,init,end_init \
  -pramtop=0F00h -psmallconst=SMALLCONST -pmediumconst=MEDIUMCONST \
  -pconst=CONST -AFARRAM=00h-00h -ACONFIG=0FFF8h-0FFFFh -pconfig=CONFIG \
  -pjflash_buffer=0F800h \
  -prdata=COMRAM,nvrram=COMRAM,nvbit=COMRAM,rbss=COMRAM,rbit=COMRAM \
  -pfarbss=FARRAM,fardata=FARRAM,nvFARRAM=FARRAM \
  -pintsave_regs=BIGRAM,bigbss=BIGRAM,bigdata=BIGRAM -pbss=RAM \
  -pidata=CODE,irdata=CODE,ibigdata=CODE,ifardata=CODE \
  C:\Users\fdaigle\AppData\Local\Temp\s1q4.obj \
  dist/default/production\projet_sansfils.X.production.obj 

Object code version is 3.11

Machine type is 18F46J50

Call graph: (short form)




                Name                               Link     Load   Length Selector   Space Scale
C:\Users\fdaigle\AppData\Local\Temp\s1q4.obj
                end_init                            204      204        4        4       0
                reset_vec                             0        0        4        0       0
                config                             FFF8     FFF8        8     FFF8       0
dist/default/production\projet_sansfils.X.production.obj
                intcode                               8        8      1FC        4       0
                mediumconst                        FBA6     FBA6      452     7DD3       0
                text99                             DA08     DA08        2        4       0
                text98                             D952     D952       1A        4       0
                text97                             D9E8     D9E8        A        4       0
                text96                             D474     D474       52        4       0
                text95                             D8A6     D8A6       2A        4       0
                text94                             D8D0     D8D0       28        4       0
                text92                             DA02     DA02        4        4       0
                text91                             D936     D936       1C        4       0
                text90                             D9DE     D9DE        A        4       0
                text89                             C496     C496       E0        4       0
                text88                             D4C6     D4C6       50        4       0
                text87                             C64C     C64C       D6        4       0
                text86                             CD04     CD04       92        4       0
                text85                             D672     D672       40        4       0
                text84                             C18E     C18E      11C        4       0
                text83                             D1EC     D1EC       68        4       0
                text82                             D5EC     D5EC       44        4       0
                text81                             CA4A     CA4A       BC        4       0
                text80                             CF3E     CF3E       86        4       0
                text79                             C576     C576       D6        4       0
                text78                             D8F8     D8F8       22        4       0
                text77                             D9F2     D9F2        8        4       0
                text76                             D91A     D91A       1C        4       0
                text75                             D254     D254       66        4       0
                text74                             D7EE     D7EE       32        4       0
                text73                             D41E     D41E       56        4       0
                text72                             D560     D560       48        4       0
                text71                             D9D4     D9D4        A        4       0
                text70                             D184     D184       68        4       0
                text69                             D720     D720       36        4       0
                text68                             D516     D516       4A        4       0
                text67                             C3B4     C3B4       E2        4       0
                text66                             AD1C     AD1C      270        4       0
                text65                             6B18     6B18      78E        4       0
                text64                             A210     A210      2F2        4       0
                text63                             D03C     D03C       76        4       0
                text62                             8DC4     8DC4      502        4       0
                text61                             A502     A502      2E2        4       0
                text60                             BE00     BE00      142        4       0
                text59                             C7F6     C7F6       D2        4       0
                text58                             BF42     BF42      12E        4       0
                text57                             D31A     D31A       58        4       0
                text56                             5B44     5B44      840        4       0
                text55                             CD96     CD96       90        4       0
                text54                             6384     6384      794        4       0
                text53                             92C6     92C6      494        4       0
                text52                             CE26     CE26       8E        4       0
                text51                             C8C8     C8C8       C4        4       0
                text50                              208      208     3D8E        4       0
                text49                             D9BA     D9BA       10        4       0
                text48                             B1F4     B1F4      268        4       0
                text47                             8390     8390      52C        4       0
                text46                             975A     975A      482        4       0
                text45                             88BC     88BC      508        4       0
                text44                             D96C     D96C       16        4       0
                text43                             D3C8     D3C8       56        4       0
                text42                             D372     D372       56        4       0
                text41                             B6AA     B6AA      194        4       0
                text40                             D0B2     D0B2       6A        4       0
                text39                             7E26     7E26      56A        4       0
                text38                             9F04     9F04      30C        4       0
                text37                             B9BA     B9BA      178        4       0
                text36                             D9FE     D9FE        4        4       0
                text35                             D9FA     D9FA        4        4       0
                text34                             D996     D996       14        4       0
                text33                             D6B2     D6B2       38        4       0
                text32                             D5A8     D5A8       44        4       0
                text31                             D982     D982       14        4       0
                text30                             C98C     C98C       BE        4       0
                text29                             CFC4     CFC4       78        4       0
                text28                             D2BA     D2BA       60        4       0
                text27                             D6EA     D6EA       36        4       0
                text26                             D87A     D87A       2C        4       0
                text25                             506E     506E      AD6        4       0
                text24                             D11C     D11C       68        4       0
                text23                             AF8C     AF8C      268        4       0
                text22                             78A2     78A2      584        4       0
                text21                             D756     D756       34        4       0
                text20                             C070     C070      11E        4       0
                text19                             CEB4     CEB4       8A        4       0
                text18                             CBC0     CBC0       AE        4       0
                text17                             D84E     D84E       2C        4       0
                text16                             9BDC     9BDC      328        4       0
                text15                             D9AA     D9AA       10        4       0
                text14                             B45C     B45C      24E        4       0
                text13                             CB06     CB06       BA        4       0
                text12                             C2AA     C2AA      10A        4       0
                text11                             AA9C     AA9C      280        4       0
                text10                             BCA8     BCA8      158        4       0
                text9                              C722     C722       D4        4       0
                text8                              BB32     BB32      176        4       0
                text7                              D7BC     D7BC       32        4       0
                text6                              B83E     B83E      17C        4       0
                text5                              D78A     D78A       32        4       0
                text4                              D820     D820       2E        4       0
                text3                              A7E4     A7E4      2B8        4       0
                text2                              D630     D630       42        4       0
                text1                              72A6     72A6      5FC        4       0
                text0                              3F96     3F96     10D8        4       0
                cstackCOMRAM                          1        1       20        1       1
                cstackBANK0                          60       60       9E       60       1
                cstackBANK1                         1B6      1B6       2E      100       1
                cstackBANK3                         3DA      3DA       1B      300       1
                bssBANK6                            600      600       80      600       1
                bssBANK5                            500      500       86      500       1
                bssBANK4                            400      400       A0      400       1
                bssBANK3                            300      300       DA      300       1
                bssBANK2                            200      200       F5      200       1
                dataBANK1                           1E4      1E4        A      100       1
                bssBANK1                            100      100       B6      100       1
                dataCOMRAM                           3F       3F        2        1       1
                bssCOMRAM                            21       21       1E        1       1
                cinit                              CC6E     CC6E       96        4       0
                idataBANK1                         D9CA     D9CA        A        4       0
                idataCOMRAM                        DA06     DA06        2        4       0

TOTAL           Name                               Link     Load   Length     Space
        CLASS   STACK          

        CLASS   CODE           
                end_init                            204      204        4         0
                intcode                               8        8      1FC         0
                reset_vec                             0        0        4         0
                text99                             DA08     DA08        2         0
                text98                             D952     D952       1A         0
                text97                             D9E8     D9E8        A         0
                text96                             D474     D474       52         0
                text95                             D8A6     D8A6       2A         0
                text94                             D8D0     D8D0       28         0
                text92                             DA02     DA02        4         0
                text91                             D936     D936       1C         0
                text90                             D9DE     D9DE        A         0
                text89                             C496     C496       E0         0
                text88                             D4C6     D4C6       50         0
                text87                             C64C     C64C       D6         0
                text86                             CD04     CD04       92         0
                text85                             D672     D672       40         0
                text84                             C18E     C18E      11C         0
                text83                             D1EC     D1EC       68         0
                text82                             D5EC     D5EC       44         0
                text81                             CA4A     CA4A       BC         0
                text80                             CF3E     CF3E       86         0
                text79                             C576     C576       D6         0
                text78                             D8F8     D8F8       22         0
                text77                             D9F2     D9F2        8         0
                text76                             D91A     D91A       1C         0
                text75                             D254     D254       66         0
                text74                             D7EE     D7EE       32         0
                text73                             D41E     D41E       56         0
                text72                             D560     D560       48         0
                text71                             D9D4     D9D4        A         0
                text70                             D184     D184       68         0
                text69                             D720     D720       36         0
                text68                             D516     D516       4A         0
                text67                             C3B4     C3B4       E2         0
                text66                             AD1C     AD1C      270         0
                text65                             6B18     6B18      78E         0
                text64                             A210     A210      2F2         0
                text63                             D03C     D03C       76         0
                text62                             8DC4     8DC4      502         0
                text61                             A502     A502      2E2         0
                text60                             BE00     BE00      142         0
                text59                             C7F6     C7F6       D2         0
                text58                             BF42     BF42      12E         0
                text57                             D31A     D31A       58         0
                text56                             5B44     5B44      840         0
                text55                             CD96     CD96       90         0
                text54                             6384     6384      794         0
                text53                             92C6     92C6      494         0
                text52                             CE26     CE26       8E         0
                text51                             C8C8     C8C8       C4         0
                text50                              208      208     3D8E         0
                text49                             D9BA     D9BA       10         0
                text48                             B1F4     B1F4      268         0
                text47                             8390     8390      52C         0
                text46                             975A     975A      482         0
                text45                             88BC     88BC      508         0
                text44                             D96C     D96C       16         0
                text43                             D3C8     D3C8       56         0
                text42                             D372     D372       56         0
                text41                             B6AA     B6AA      194         0
                text40                             D0B2     D0B2       6A         0
                text39                             7E26     7E26      56A         0
                text38                             9F04     9F04      30C         0
                text37                             B9BA     B9BA      178         0
                text36                             D9FE     D9FE        4         0
                text35                             D9FA     D9FA        4         0
                text34                             D996     D996       14         0
                text33                             D6B2     D6B2       38         0
                text32                             D5A8     D5A8       44         0
                text31                             D982     D982       14         0
                text30                             C98C     C98C       BE         0
                text29                             CFC4     CFC4       78         0
                text28                             D2BA     D2BA       60         0
                text27                             D6EA     D6EA       36         0
                text26                             D87A     D87A       2C         0
                text25                             506E     506E      AD6         0
                text24                             D11C     D11C       68         0
                text23                             AF8C     AF8C      268         0
                text22                             78A2     78A2      584         0
                text21                             D756     D756       34         0
                text20                             C070     C070      11E         0
                text19                             CEB4     CEB4       8A         0
                text18                             CBC0     CBC0       AE         0
                text17                             D84E     D84E       2C         0
                text16                             9BDC     9BDC      328         0
                text15                             D9AA     D9AA       10         0
                text14                             B45C     B45C      24E         0
                text13                             CB06     CB06       BA         0
                text12                             C2AA     C2AA      10A         0
                text11                             AA9C     AA9C      280         0
                text10                             BCA8     BCA8      158         0
                text9                              C722     C722       D4         0
                text8                              BB32     BB32      176         0
                text7                              D7BC     D7BC       32         0
                text6                              B83E     B83E      17C         0
                text5                              D78A     D78A       32         0
                text4                              D820     D820       2E         0
                text3                              A7E4     A7E4      2B8         0
                text2                              D630     D630       42         0
                text1                              72A6     72A6      5FC         0
                text0                              3F96     3F96     10D8         0
                cinit                              CC6E     CC6E       96         0
                idataBANK1                         D9CA     D9CA        A         0
                idataCOMRAM                        DA06     DA06        2         0

        CLASS   CONST          

        CLASS   SMALLCONST     

        CLASS   MEDIUMCONST    
                mediumconst                        FBA6     FBA6      452         0

        CLASS   COMRAM         
                cstackCOMRAM                          1        1       20         1
                dataCOMRAM                           3F       3F        2         1
                bssCOMRAM                            21       21       1E         1

        CLASS   ABS1           

        CLASS   BIGRAM         

        CLASS   RAM            

        CLASS   BANK0          
                cstackBANK0                          60       60       9E         1

        CLASS   BANK1          
                cstackBANK1                         1B6      1B6       2E         1
                dataBANK1                           1E4      1E4        A         1
                bssBANK1                            100      100       B6         1

        CLASS   BANK2          
                bssBANK2                            200      200       F5         1

        CLASS   BANK3          
                cstackBANK3                         3DA      3DA       1B         1
                bssBANK3                            300      300       DA         1

        CLASS   BANK4          
                bssBANK4                            400      400       A0         1

        CLASS   BANK5          
                bssBANK5                            500      500       86         1

        CLASS   BANK6          
                bssBANK6                            600      600       80         1

        CLASS   BANK7          

        CLASS   BANK8          

        CLASS   BANK9          

        CLASS   BANK10         

        CLASS   BANK11         

        CLASS   BANK12         

        CLASS   BANK13         

        CLASS   BANK14         

        CLASS   SFR            

        CLASS   FARRAM         

        CLASS   CONFIG         
                config                             FFF8     FFF8        8         0

        CLASS   IDLOC          



SEGMENTS        Name                           Load    Length   Top    Selector   Space  Class

                reset_vec                      000000  000004  000004         0       0  CODE    
                cstackCOMRAM                   000001  000040  000041         1       1  COMRAM  
                intcode                        000008  00DA02  00DA0A         4       0  CODE    
                cstackBANK0                    000060  00009E  0000FE        60       1  BANK0   
                bssBANK1                       000100  0000EE  0001EE       100       1  BANK1   
                bssBANK2                       000200  0000F5  0002F5       200       1  BANK2   
                bssBANK3                       000300  0000F5  0003F5       300       1  BANK3   
                bssBANK4                       000400  0000A0  0004A0       400       1  BANK4   
                bssBANK5                       000500  000086  000586       500       1  BANK5   
                bssBANK6                       000600  000080  000680       600       1  BANK6   
                mediumconst                    00FBA6  000452  00FFF8      7DD3       0  MEDIUMCO
                config                         00FFF8  000008  010000      FFF8       0  CONFIG  


UNUSED ADDRESS RANGES

        Name                Unused          Largest block    Delta
        BANK0            000FE-000FF               2
        BANK1            001EE-001FF              12
        BANK10           00A00-00AFF             100
        BANK11           00B00-00BFF             100
        BANK12           00C00-00CFF             100
        BANK13           00D00-00DFF             100
        BANK14           00E00-00EBF              C0
        BANK2            002F5-002FF               B
        BANK3            003F5-003FF               B
        BANK4            004A0-004FF              60
        BANK5            00586-005FF              7A
        BANK6            00680-006FF              80
        BANK7            00700-007FF             100
        BANK8            00800-008FF             100
        BANK9            00900-009FF             100
        BIGRAM           00041-0005F              1F
                         000FE-000FF               2
                         001EE-001FF              12
                         002F5-002FF               B
                         003F5-003FF               B
                         004A0-004FF              60
                         00586-005FF              7A
                         00680-00EBF             840
        CODE             00004-00007               4
                         0DA0A-0FBA5            219C
        COMRAM           00041-0005F              1F
        CONST            00004-00007               4
                         0DA0A-0FBA5            219C
        MEDIUMCONST      0DA0A-0FBA5            219C
        RAM              000FE-000FF               2
                         001EE-001FF              12
                         002F5-002FF               B
                         003F5-003FF               B
                         004A0-004FF              60
                         00586-005FF              7A
                         00680-00EBF             100
        SFR              00EC0-00FFF              60
        SMALLCONST       0DA0A-0FBA5             100
        STACK            00A00-00EBF             4C0

                                  Symbol Table

?_MiWi_TickGet                              cstackBANK0   00060
?_Read_VBGVoltage                           cstackBANK0   00074
?___awdiv                                   cstackBANK0   00060
?___awmod                                   cstackBANK0   00060
?___ftadd                                   cstackBANK0   0006F
?___ftdiv                                   cstackBANK0   0007B
?___ftmul                                   cstackBANK0   0007B
?___ftneg                                   cstackBANK0   0006C
?___ftpack                                  cstackBANK0   00060
?___fttol                                   cstackBANK0   00060
?___lbtoft                                  cstackBANK0   00068
?___lmul                                    cstackBANK0   00060
?___lwdiv                                   cstackBANK0   00060
?___lwmod                                   cstackBANK0   00067
?___lwtoft                                  cstackBANK0   00068
?___wmul                                    cstackBANK0   00060
?_sprintf                                   cstackBANK0   0006C
AddNodeToNetworkTable@handle                cstackBANK0   00068
AddNodeToNetworkTable@i                     cstackBANK0   00067
BUTTON_Pressed@result                       cstackBANK0   00075
BUTTON_Pressed@t                            cstackBANK0   00071
BUTTON_Pressed@tickDifference               cstackBANK0   0006D
BroadcastJitter@jitter                      cstackBANK0   0007A
BroadcastJitter@range                       cstackBANK0   00079
BroadcastJitter@t1                          cstackBANK0   00071
BroadcastJitter@t2                          cstackBANK0   00075
DELAY_10us@cyclesRequiredForEntireDelay     cstackBANK0   00070
DELAY_10us@tenMicroSecondCounter            cstackBANK0   0006C
DELAY_ms@cyclesRequiredForEntireDelay       cstackBANK0   0006E
DELAY_ms@ms                                 cstackBANK0   0006C
EEPROMRead@addr                             cstackBANK0   00064
EEPROMRead@count                            cstackBANK0   00065
EEPROMRead@dest                             cstackBANK0   00062
FindDepth@depth                             cstackBANK0   00061
FindDepth@loopCheck                         cstackBANK0   00060
FindDepth@nodeMSB                           cstackBANK0   00063
FindDepth@target                            cstackBANK0   00062
FindRoutingPath@destMSB                     cstackBANK0   00071
FindRoutingPath@destRole                    cstackBANK0   0006E
FindRoutingPath@i                           cstackBANK0   00074
FindRoutingPath@j                           cstackBANK0   00070
FindRoutingPath@k                           cstackBANK0   00072
FindRoutingPath@loopCheck                   cstackBANK0   0006F
FindRoutingPath@target                      cstackBANK0   00073
FindRoutingPath@treeSteps                   cstackBANK0   0006D
InitMRF24J40@_dcnt                          cstackBANK0   0006B
InitMRF24J40@_dcnt_3131                     cstackBANK0   0006F
InitMRF24J40@_ms                            cstackBANK0   00073
InitMRF24J40@_ms_3132                       cstackBANK0   00077
InitMRF24J40@i                              cstackBANK0   0007D
InitMRF24J40@j                              cstackBANK0   0007B
LCD_Display@delay                           cstackBANK0   00090
LCD_Display@i                               cstackBANK0   00091
LCD_Display@text                            cstackBANK0   0008D
LCD_Display@value                           cstackBANK0   0008F
LCD_Update@i                                cstackBANK0   00063
LCD_WriteCmd@data                           cstackBANK0   00062
LCD_WriteData@data                          cstackBANK0   00062
MiApp_BroadcastPacket@SecEn                 cstackBANK0   000A0
MiApp_ConnectionMode@Mode                   cstackBANK0   0006E
MiApp_EstablishConnection@ActiveScanIndex   cstackBANK1   001DB
MiApp_EstablishConnection@Mode              cstackBANK0   000F9
MiApp_EstablishConnection@i                 cstackBANK1   001DA
MiApp_EstablishConnection@retry             cstackBANK1   001D9
MiApp_EstablishConnection@t1                cstackBANK1   001D1
MiApp_EstablishConnection@t2                cstackBANK1   001D5
MiApp_NoiseDetection@ChannelMap             cstackBANK0   0006E
MiApp_NoiseDetection@DetectionMode          cstackBANK0   00073
MiApp_NoiseDetection@OptimalChannel         cstackBANK0   0008F
MiApp_NoiseDetection@RSSIValue              cstackBANK0   00074
MiApp_NoiseDetection@RSSIcheck              cstackBANK0   00091
MiApp_NoiseDetection@ScanDuration           cstackBANK0   00072
MiApp_NoiseDetection@channelMask            cstackBANK0   00082
MiApp_NoiseDetection@i                      cstackBANK0   00094
MiApp_NoiseDetection@j                      cstackBANK0   0008E
MiApp_NoiseDetection@k                      cstackBANK0   00090
MiApp_NoiseDetection@maxRSSI                cstackBANK0   00093
MiApp_NoiseDetection@minRSSI                cstackBANK0   00092
MiApp_NoiseDetection@t1                     cstackBANK0   00086
MiApp_NoiseDetection@t2                     cstackBANK0   0008A
MiApp_ProtocolInit@MIP                      cstackBANK0   00085
MiApp_ProtocolInit@bNetworkFreezer          cstackBANK0   00084
MiApp_ProtocolInit@i                        cstackBANK0   00089
MiApp_ProtocolInit@j                        cstackBANK0   00088
MiApp_SearchConnection@ChannelMap           cstackBANK0   000E9
MiApp_SearchConnection@ScanDuration         cstackBANK1   001C2
MiApp_SearchConnection@backupChannel        cstackBANK1   001C3
MiApp_SearchConnection@channelMask          cstackBANK1   001B6
MiApp_SearchConnection@i                    cstackBANK1   001C4
MiApp_SearchConnection@t1                   cstackBANK1   001BA
MiApp_SearchConnection@t2                   cstackBANK1   001BE
MiApp_SetChannel@channel                    cstackBANK0   0006D
MiApp_StartConnection@ChannelMap            cstackBANK0   00096
MiApp_StartConnection@Mode                  cstackBANK0   0009B
MiApp_StartConnection@RSSIValue             cstackBANK0   0009D
MiApp_StartConnection@ScanDuration          cstackBANK0   00095
MiApp_StartConnection@channel               cstackBANK0   0009C
MiApp_UnicastAddress@DestAddress            cstackBANK0   000E9
MiApp_UnicastAddress@MiWiPROFrameControl    cstackBANK1   001C6
MiApp_UnicastAddress@PermanentAddr          cstackBANK0   000EB
MiApp_UnicastAddress@SecEn                  cstackBANK0   000EC
MiApp_UnicastAddress@handle                 cstackBANK1   001C8
MiApp_UnicastAddress@i                      cstackBANK1   001C7
MiApp_UnicastAddress@t1                     cstackBANK1   001B6
MiApp_UnicastAddress@t1_4426                cstackBANK1   001BE
MiApp_UnicastAddress@t2                     cstackBANK1   001BA
MiApp_UnicastAddress@t2_4437                cstackBANK1   001C2
MiApp_UnicastConnection@ConnectionIndex     cstackBANK0   000FB
MiApp_UnicastConnection@MiWiPROFrameControl cstackBANK0   000FA
MiApp_UnicastConnection@SecEn               cstackBANK0   000E9
MiApp_UnicastConnection@t1                  cstackBANK0   000F2
MiApp_UnicastConnection@t2                  cstackBANK0   000F6
MiMAC_ChannelAssessment@RSSIcheck           cstackBANK0   00068
MiMAC_Init@i                                cstackBANK0   00081
MiMAC_Init@initValue                        cstackBANK0   0007E
MiMAC_ReceivedPacket@addrMode               cstackBANK0   00066
MiMAC_ReceivedPacket@bIntraPAN              cstackBANK0   00068
MiMAC_ReceivedPacket@i                      cstackBANK0   00067
MiMAC_SendPacket@IntraPAN                   cstackBANK0   00098
MiMAC_SendPacket@MACPayload                 cstackBANK0   00085
MiMAC_SendPacket@MACPayloadLen              cstackBANK0   00087
MiMAC_SendPacket@frameControl               cstackBANK0   00099
MiMAC_SendPacket@headerLength               cstackBANK0   0009A
MiMAC_SendPacket@i                          cstackBANK0   0009B
MiMAC_SendPacket@loc                        cstackBANK0   0009C
MiMAC_SendPacket@t1                         cstackBANK0   00090
MiMAC_SendPacket@t2                         cstackBANK0   00094
MiMAC_SendPacket@transParam                 cstackBANK0   0007E
MiMAC_SetAltAddress@Address                 cstackBANK0   00065
MiMAC_SetAltAddress@PANID                   cstackBANK0   00067
MiMAC_SetChannel@channel                    cstackBANK0   00069
MiMAC_SetChannel@offsetFreq                 cstackBANK0   00068
MiWiPROTasks@CapacityByte                   cstackBANK0   000C7
MiWiPROTasks@ChannelMap                     cstackBANK0   000CC
MiWiPROTasks@associateStatus                cstackBANK0   000C1
MiWiPROTasks@associateStatus_4161           cstackBANK0   000C4
MiWiPROTasks@backupChannel                  cstackBANK0   000C0
MiWiPROTasks@cIndex                         cstackBANK0   000E4
MiWiPROTasks@destPANID                      cstackBANK0   000D1
MiWiPROTasks@destShortAddress               cstackBANK0   000E0
MiWiPROTasks@entry                          cstackBANK0   000E3
MiWiPROTasks@entry2                         cstackBANK0   000BC
MiWiPROTasks@entry2_4172                    cstackBANK0   000BF
MiWiPROTasks@entry_4119                     cstackBANK0   000CA
MiWiPROTasks@entry_4162                     cstackBANK0   000BD
MiWiPROTasks@handle                         cstackBANK0   000D0
MiWiPROTasks@handle_4160                    cstackBANK0   000E2
MiWiPROTasks@i                              cstackBANK0   000E8
MiWiPROTasks@index                          cstackBANK0   000C9
MiWiPROTasks@index_4121                     cstackBANK0   000C2
MiWiPROTasks@index_4170                     cstackBANK0   000CB
MiWiPROTasks@initiator                      cstackBANK0   000C3
MiWiPROTasks@j                              cstackBANK0   000C5
MiWiPROTasks@j_4096                         cstackBANK0   000E7
MiWiPROTasks@j_4130                         cstackBANK0   000DB
MiWiPROTasks@j_4163                         cstackBANK0   000D3
MiWiPROTasks@j_4205                         cstackBANK0   000D4
MiWiPROTasks@loopCheck                      cstackBANK0   000BB
MiWiPROTasks@loopCheckTarget                cstackBANK0   000C8
MiWiPROTasks@loopCheck_4171                 cstackBANK0   000BE
MiWiPROTasks@rxIndex                        cstackBANK0   000C6
MiWiPROTasks@sourcePANID                    cstackBANK0   000D5
MiWiPROTasks@sourceShortAddress             cstackBANK0   000E5
MiWiPROTasks@t1                             cstackBANK0   000DC
MiWiPROTasks@t2                             cstackBANK0   000D7
MiWi_TickGet@currentTime                    cstackBANK0   00065
MiWi_TickGet@failureCounter                 cstackBANK0   00064
MultiCast@MultiCastMode                     cstackBANK0   0009E
MultiCast@SecEn                             cstackBANK0   0009D
MultiCast@i                                 cstackBANK0   0009F
NVMInit@result                              cstackBANK0   00066
NVMRead@addr                                cstackBANK0   00064
NVMRead@count                               cstackBANK0   00066
NVMRead@dest                                cstackBANK0   00062
NVMRead@oldRFIE                             cstackBANK0   0006B
NVMWrite@PageCounter                        cstackBANK0   0006C
NVMWrite@addr                               cstackBANK0   00064
NVMWrite@count                              cstackBANK0   00066
NVMWrite@oldRFIE                            cstackBANK0   0006B
NVMWrite@source                             cstackBANK0   00062
NVMalloc@location                           cstackBANK0   00062
NVMalloc@size                               cstackBANK0   00060
OpenSocket@i                                cstackBANK0   000F7
PHYGetLongRAMAddr@address                   cstackBANK0   00062
PHYGetLongRAMAddr@tmpRFIE                   cstackBANK0   00067
PHYGetLongRAMAddr@toReturn                  cstackBANK0   00066
PHYGetShortRAMAddr@address                  cstackBANK0   00062
PHYGetShortRAMAddr@tmpRFIE                  cstackBANK0   00064
PHYGetShortRAMAddr@toReturn                 cstackBANK0   00063
PHYSetLongRAMAddr@address                   cstackBANK0   00062
PHYSetLongRAMAddr@tmpRFIE                   cstackBANK0   00067
PHYSetLongRAMAddr@value                     cstackBANK0   00064
PHYSetShortRAMAddr@address                  cstackBANK0   00063
PHYSetShortRAMAddr@tmpRFIE                  cstackBANK0   00064
PHYSetShortRAMAddr@value                    cstackBANK0   00062
PrintTempLCD@temp                           cstackBANK0   00090
PrintTempLCD@tempF                          cstackBANK0   0008F
RangeDemo@Pkt_Loss_Cnt                      cstackBANK1   001C0
RangeDemo@Run_Demo                          cstackBANK1   001CA
RangeDemo@Tx_Packet                         cstackBANK1   001BF
RangeDemo@pktCmd                            cstackBANK1   001BE
RangeDemo@rssi                              cstackBANK1   001CB
RangeDemo@switch_val                        cstackBANK1   001C5
RangeDemo@tick1                             cstackBANK1   001C6
RangeDemo@tick2                             cstackBANK1   001C1
ReadTempSensor@VBGResult                    cstackBANK0   0008A
ReadTempSensor@i                            cstackBANK0   0009D
ReadTempSensor@temp                         cstackBANK0   00096
ReadTempSensor@tempArray                    cstackBANK0   00090
ReadTempSensor@tempAverage                  cstackBANK0   0009A
ReadTempSensor@tempHere                     cstackBANK0   00099
ReadTempSensor@tempValue                    cstackBANK0   00094
Read_MAC_Address@i                          cstackBANK0   00068
RouteMessage@PANID                          cstackBANK0   0009D
RouteMessage@SecEn                          cstackBANK0   000A1
RouteMessage@ShortAddress                   cstackBANK0   0009F
RouteMessage@i                              cstackBANK0   000A8
RouteMessage@i_4232                         cstackBANK0   000A6
RouteMessage@parentNode                     cstackBANK0   000A7
SPIPut2@i                                   cstackBANK0   00060
SPIPut2@v                                   cstackBANK0   00061
SPIPut@i                                    cstackBANK0   00060
SPIPut@v                                    cstackBANK0   00061
SSTGetID@dest                               cstackBANK0   00062
SaveIndirectMessage@Broadcast               cstackBANK0   00073
SaveIndirectMessage@DestinationAddress      cstackBANK0   0006B
SaveIndirectMessage@DestinationPANID        cstackBANK0   00069
SaveIndirectMessage@SecurityEnabled         cstackBANK0   0006E
SaveIndirectMessage@i                       cstackBANK0   00075
SaveIndirectMessage@isAltAddress            cstackBANK0   0006D
SaveIndirectMessage@j                       cstackBANK0   00074
SearchForLongAddress@i                      cstackBANK0   00064
SearchForLongAddress@j                      cstackBANK0   00063
SearchForShortAddress@i                     cstackBANK0   00060
SelfTest@Tx_Success                         cstackBANK1   001C7
SelfTest@Tx_Trials                          cstackBANK1   001C5
SelfTest@myChannel                          cstackBANK1   001C8
SelfTest@scanresult                         cstackBANK1   001C6
SendBeacon@i                                cstackBANK0   000A4
SendIndirectPacket@Address                  cstackBANK0   000A4
SendIndirectPacket@AltAddress               cstackBANK0   000A6
SendIndirectPacket@i                        cstackBANK0   000AE
SendIndirectPacket@index                    cstackBANK0   000AD
SendIndirectPacket@isAltAddress             cstackBANK0   000A8
SendIndirectPacket@j                        cstackBANK0   000AC
SendIndirectPacket@packetType               cstackBANK0   000AB
SendMACPacket@Address                       cstackBANK0   0009F
SendMACPacket@ModeMask                      cstackBANK0   000A2
SendMACPacket@PANID                         cstackBANK0   0009D
SendMACPacket@PacketType                    cstackBANK0   000A1
TempDemo@Run_Demo                           cstackBANK1   001C8
TempDemo@VBGResult                          cstackBANK1   001C1
TempDemo@i                                  cstackBANK1   001D1
TempDemo@switch_val                         cstackBANK1   001C7
TempDemo@temp                               cstackBANK1   001BE
TempDemo@tick1                              cstackBANK1   001CD
TempDemo@tick2                              cstackBANK1   001C9
TempDemo@tick3                              cstackBANK1   001C3
UnicastShortAddress@DestAddress             cstackBANK0   000A9
_ADCON0                                     (abs)         00FC2
_ADCON0bits                                 (abs)         00FC2
_ADCON1                                     (abs)         00FC1
_ADRES                                      (abs)         00FC3
_ANCON0                                     (abs)         00F48
_ANCON1                                     (abs)         00F49
_ANCON1bits                                 (abs)         00F49
_AcknowledgementAddr                        bssBANK1      00199
_AcknowledgementSeq                         dataBANK1     001E4
_ActiveScanResultIndex                      bssCOMRAM     00021
_ActiveScanResults                          bssBANK3      00380
_AddNodeToNetworkTable                      text84        0C18E
_AdditionalNodeID                           bssCOMRAM     00022
_BUTTON_Pressed                             text37        0B9BA
_BankIndex                                  dataCOMRAM    0003F
_BroadcastJitter                            text81        0CA4A
_ConnMode                                   bssCOMRAM     0003B
_ConnectionEntry                            bssBANK1      00127
_ConnectionTable                            bssBANK2      00228
_CurrentNodeIndex                           bssCOMRAM     00023
_DELAY_10us                                 text13        0CB06
_DELAY_ms                                   text79        0C576
_EECON2                                     (abs)         00FA7
_EEPROMRead                                 text21        0D756
_EEPROM_Val                                 bssBANK1      00196
_EnergyScanResults                          bssBANK3      00300
_FamilyTree                                 bssBANK2      002D5
_FindDepth                                  text55        0CD96
_FindRoutingPath                            text54        06384
_FrequencyAgilityInfo                       bssBANK1      00182
_IEEESeqNum                                 bssBANK1      00128
_INTCON2bits                                (abs)         00FF1
_INTCONbits                                 (abs)         00FF2
_InitMRF24J40                               text64        0A210
_InitSymbolTimer                            text44        0D96C
_LATAbits                                   (abs)         00F89
_LATCbits                                   (abs)         00F8B
_LATDbits                                   (abs)         00F8C
_LATEbits                                   (abs)         00F8D
_LCDText                                    bssBANK2      002B4
_LCD_BacklightOFF                           text36        0D9FE
_LCD_BacklightON                            text35        0D9FA
_LCD_Display                                text24        0D11C
_LCD_Erase                                  text32        0D5A8
_LCD_Initialize                             text19        0CEB4
_LCD_Update                                 text30        0C98C
_LCD_WriteCmd                               text34        0D996
_LCD_WriteData                              text31        0D982
_MACCurrentChannel                          bssBANK1      00129
_MACInitParams                              bssBANK1      0011E
_MACRxPacket                                bssCOMRAM     00028
_MAC_PANID                                  bssBANK1      0019B
_MRF24J40Status                             bssCOMRAM     00024
_MTP                                        bssBANK1      0018B
_MacroNop                                   text92        0DA02
_MiApp_BroadcastPacket                      text15        0D9AA
_MiApp_ConnectionMode                       text88        0D4C6
_MiApp_DiscardMessage                       text77        0D9F2
_MiApp_EstablishConnection                  text45        088BC
_MiApp_MessageAvailable                     text49        0D9BA
_MiApp_NoiseDetection                       text66        0AD1C
_MiApp_ProtocolInit                         text39        07E26
_MiApp_SearchConnection                     text48        0B1F4
_MiApp_SetChannel                           text72        0D560
_MiApp_StartConnection                      text38        09F04
_MiApp_UnicastAddress                       text47        08390
_MiApp_UnicastConnection                    text23        0AF8C
_MiMAC_ChannelAssessment                    text68        0D516
_MiMAC_DiscardPacket                        text78        0D8F8
_MiMAC_Init                                 text43        0D3C8
_MiMAC_ReceivedPacket                       text65        06B18
_MiMAC_SendPacket                           text62        08DC4
_MiMAC_SetAltAddress                        text63        0D03C
_MiMAC_SetChannel                           text73        0D41E
_MiWiPROAckRequired                         bssBANK1      0012A
_MiWiPROCapacityInfo                        bssBANK1      0012B
_MiWiPRONVMStatus                           bssBANK1      0012C
_MiWiPROSeqNum                              bssCOMRAM     00025
_MiWiPROStateMachine                        bssCOMRAM     00026
_MiWiPROStatus                              bssBANK1      0012D
_MiWiPROTasks                               text50        00208
_MiWi_TickGet                               text83        0D1EC
_MultiCast                                  text60        0BE00
_NVMInit                                    text41        0B6AA
_NVMRead                                    text40        0D0B2
_NVMWrite                                   text89        0C496
_NVMalloc                                   text42        0D372
_NeighborRoutingTable                       bssBANK6      00600
_NetFreezerEnable                           bssBANK1      0012E
_NodeTemp                                   bssBANK3      003BC
_OSCCON                                     (abs)         00FD3
_OSCTUNEbits                                (abs)         00F9B
_OpenSocket                                 text46        0975A
_PHYGetLongRAMAddr                          text70        0D184
_PHYGetShortRAMAddr                         text69        0D720
_PHYSetLongRAMAddr                          text75        0D254
_PHYSetShortRAMAddr                         text74        0D7EE
_PIE1bits                                   (abs)         00F9D
_PIR1bits                                   (abs)         00F9E
_PIR3bits                                   (abs)         00FA4
_PORTBbits                                  (abs)         00F81
_PPSCONbits                                 (abs)         00EFF
_PacketRecords                              bssBANK2      00200
_PrintTempLCD                               text14        0B45C
_RPINR1                                     (abs)         00EE7
_RPINR21                                    (abs)         00EFB
_RPOR19                                     (abs)         00ED9
_RPOR21                                     (abs)         00EDB
_RandomSendInfo                             bssBANK3      00340
_RangeDemo                                  text22        078A2
_ReadTempSensor                             text3         0A7E4
_Read_MAC_Address                           text20        0C070
_Read_VBGVoltage                            text2         0D630
_RouteMessage                               text53        092C6
_RouterFailures                             bssBANK3      00320
_RoutingTable                               bssBANK1      00192
_RxBuffer                                   bssBANK4      00400
_SPIGet                                     text71        0D9D4
_SPIGet2                                    text90        0D9DE
_SPIPut                                     text76        0D91A
_SPIPut2                                    text91        0D936
_SSP1BUF                                    (abs)         00FC9
_SSP1CON1                                   (abs)         00FC6
_SSP1CON1bits                               (abs)         00FC6
_SSP1STAT                                   (abs)         00FC7
_SSP2BUF                                    (abs)         00F75
_SSP2CON1                                   (abs)         00F72
_SSP2CON1bits                               (abs)         00F72
_SSP2STAT                                   (abs)         00F73
_SSTGetID                                   text17        0D84E
_SST_Val                                    bssBANK1      001B5
_SYSTEM_Initialize                          text18        0CBC0
_SaveIndirectMessage                        text61        0A502
_ScanTime                                   mediumconst   0FBA7
_SearchForLongAddress                       text87        0C64C
_SearchForShortAddress                      text86        0CD04
_SelfTest                                   text16        09BDC
_SendBeacon                                 text58        0BF42
_SendIndirectPacket                         text56        05B44
_SendMACPacket                              text59        0C7F6
_T1CON                                      (abs)         00FCD
_T1CONbits                                  (abs)         00FCD
_TMR0L                                      (abs)         00FD6
_TMR1H                                      (abs)         00FCF
_TMR1L                                      (abs)         00FCE
_TRISAbits                                  (abs)         00F92
_TRISBbits                                  (abs)         00F93
_TRISCbits                                  (abs)         00F94
_TRISDbits                                  (abs)         00F95
_TRISEbits                                  (abs)         00F96
_TempDemo                                   text1         072A6
_TxBuffer                                   bssBANK1      00134
_TxData                                     bssBANK1      0012F
_UnicastShortAddress                        text52        0CE26
_UserInterruptHandler                       text99        0DA08
_WDTCONbits                                 (abs)         00FC0
__CFG_CPUDIV$OSC3_PLL3                      (abs)         00000
__CFG_OSC$INTOSCPLL                         (abs)         00000
__CFG_PLLDIV$2                              (abs)         00000
__CFG_WDTEN$OFF                             (abs)         00000
__CFG_WDTPS$2048                            (abs)         00000
__CFG_XINST$OFF                             (abs)         00000
__HRAM                                      (abs)         00000
__Habs1                                     abs1          00000
__Hbank0                                    bank0         00000
__Hbank1                                    bank1         00000
__Hbank10                                   bank10        00000
__Hbank11                                   bank11        00000
__Hbank12                                   bank12        00000
__Hbank13                                   bank13        00000
__Hbank14                                   bank14        00000
__Hbank2                                    bank2         00000
__Hbank3                                    bank3         00000
__Hbank4                                    bank4         00000
__Hbank5                                    bank5         00000
__Hbank6                                    bank6         00000
__Hbank7                                    bank7         00000
__Hbank8                                    bank8         00000
__Hbank9                                    bank9         00000
__Hbigbss                                   bigbss        00000
__Hbigdata                                  bigdata       00000
__Hbigram                                   bigram        00000
__Hbss                                      bss           00000
__HbssBANK1                                 bssBANK1      00000
__HbssBANK2                                 bssBANK2      00000
__HbssBANK3                                 bssBANK3      00000
__HbssBANK4                                 bssBANK4      00000
__HbssBANK5                                 bssBANK5      00000
__HbssBANK6                                 bssBANK6      00000
__HbssCOMRAM                                bssCOMRAM     00000
__Hcinit                                    cinit         00000
__Hclrtext                                  clrtext       00000
__Hcomram                                   comram        00000
__Hconfig                                   config        10000
__Hconst                                    const         00000
__HcstackBANK0                              cstackBANK0   00000
__HcstackBANK1                              cstackBANK1   00000
__HcstackBANK3                              cstackBANK3   00000
__HcstackCOMRAM                             cstackCOMRAM  00000
__Hdata                                     data          00000
__HdataBANK1                                dataBANK1     00000
__HdataCOMRAM                               dataCOMRAM    00000
__Hend_init                                 end_init      00208
__Hfarbss                                   farbss        00000
__Hfardata                                  fardata       00000
__Hibigdata                                 ibigdata      00000
__Hidata                                    idata         00000
__HidataBANK1                               idataBANK1    00000
__HidataCOMRAM                              idataCOMRAM   00000
__Hidloc                                    idloc         00000
__Hifardata                                 ifardata      00000
__Hinit                                     init          00204
__Hintcode                                  intcode       00204
__Hintcode_body                             intcode_body  00000
__Hintcodelo                                intcodelo     00204
__Hintentry                                 intentry      00000
__Hintret                                   intret        00000
__Hintsave_regs                             intsave_regs  00000
__Hirdata                                   irdata        00000
__Hjflash_buffer                            jflash_buffer 0F800
__Hmediumconst                              mediumconst   0FFF8
__HnvFARRAM                                 nvFARRAM      00000
__Hnvbit                                    nvbit         00000
__Hnvrram                                   nvrram        00000
__Hparam                                    rparam        00000
__Hpowerup                                  powerup       00204
__Hram                                      ram           00000
__Hramtop                                   ramtop        00F00
__Hrbit                                     rbit          00000
__Hrbss                                     rbss          00000
__Hrdata                                    rdata         00000
__Hreset_vec                                reset_vec     00004
__Hrparam                                   rparam        00000
__Hsfr                                      sfr           00000
__Hsmallconst                               smallconst    00000
__Hspace_0                                  (abs)         10000
__Hspace_1                                  (abs)         00680
__Hspace_2                                  (abs)         00000
__Hstack                                    stack         00000
__Hstruct                                   struct        00000
__Htemp                                     temp          00000
__Htext                                     text          00000
__Htext0                                    text0         00000
__Htext1                                    text1         00000
__Htext10                                   text10        00000
__Htext11                                   text11        00000
__Htext12                                   text12        00000
__Htext13                                   text13        00000
__Htext14                                   text14        00000
__Htext15                                   text15        00000
__Htext16                                   text16        00000
__Htext17                                   text17        00000
__Htext18                                   text18        00000
__Htext19                                   text19        00000
__Htext2                                    text2         00000
__Htext20                                   text20        00000
__Htext21                                   text21        00000
__Htext22                                   text22        00000
__Htext23                                   text23        00000
__Htext24                                   text24        00000
__Htext25                                   text25        00000
__Htext26                                   text26        00000
__Htext27                                   text27        00000
__Htext28                                   text28        00000
__Htext29                                   text29        00000
__Htext3                                    text3         00000
__Htext30                                   text30        00000
__Htext31                                   text31        00000
__Htext32                                   text32        00000
__Htext33                                   text33        00000
__Htext34                                   text34        00000
__Htext35                                   text35        00000
__Htext36                                   text36        00000
__Htext37                                   text37        00000
__Htext38                                   text38        00000
__Htext39                                   text39        00000
__Htext4                                    text4         00000
__Htext40                                   text40        00000
__Htext41                                   text41        00000
__Htext42                                   text42        00000
__Htext43                                   text43        00000
__Htext44                                   text44        00000
__Htext45                                   text45        00000
__Htext46                                   text46        00000
__Htext47                                   text47        00000
__Htext48                                   text48        00000
__Htext49                                   text49        00000
__Htext5                                    text5         00000
__Htext50                                   text50        00000
__Htext51                                   text51        00000
__Htext52                                   text52        00000
__Htext53                                   text53        00000
__Htext54                                   text54        00000
__Htext55                                   text55        00000
__Htext56                                   text56        00000
__Htext57                                   text57        00000
__Htext58                                   text58        00000
__Htext59                                   text59        00000
__Htext6                                    text6         00000
__Htext60                                   text60        00000
__Htext61                                   text61        00000
__Htext62                                   text62        00000
__Htext63                                   text63        00000
__Htext64                                   text64        00000
__Htext65                                   text65        00000
__Htext66                                   text66        00000
__Htext67                                   text67        00000
__Htext68                                   text68        00000
__Htext69                                   text69        00000
__Htext7                                    text7         00000
__Htext70                                   text70        00000
__Htext71                                   text71        00000
__Htext72                                   text72        00000
__Htext73                                   text73        00000
__Htext74                                   text74        00000
__Htext75                                   text75        00000
__Htext76                                   text76        00000
__Htext77                                   text77        00000
__Htext78                                   text78        00000
__Htext79                                   text79        00000
__Htext8                                    text8         00000
__Htext80                                   text80        00000
__Htext81                                   text81        00000
__Htext82                                   text82        00000
__Htext83                                   text83        00000
__Htext84                                   text84        00000
__Htext85                                   text85        00000
__Htext86                                   text86        00000
__Htext87                                   text87        00000
__Htext88                                   text88        00000
__Htext89                                   text89        00000
__Htext9                                    text9         00000
__Htext90                                   text90        00000
__Htext91                                   text91        00000
__Htext92                                   text92        00000
__Htext94                                   text94        00000
__Htext95                                   text95        00000
__Htext96                                   text96        00000
__Htext97                                   text97        00000
__Htext98                                   text98        00000
__Htext99                                   text99        00000
__LRAM                                      (abs)         00001
__Labs1                                     abs1          00000
__Lbank0                                    bank0         00000
__Lbank1                                    bank1         00000
__Lbank10                                   bank10        00000
__Lbank11                                   bank11        00000
__Lbank12                                   bank12        00000
__Lbank13                                   bank13        00000
__Lbank14                                   bank14        00000
__Lbank2                                    bank2         00000
__Lbank3                                    bank3         00000
__Lbank4                                    bank4         00000
__Lbank5                                    bank5         00000
__Lbank6                                    bank6         00000
__Lbank7                                    bank7         00000
__Lbank8                                    bank8         00000
__Lbank9                                    bank9         00000
__Lbigbss                                   bigbss        00000
__Lbigdata                                  bigdata       00000
__Lbigram                                   bigram        00000
__Lbss                                      bss           00000
__LbssBANK1                                 bssBANK1      00000
__LbssBANK2                                 bssBANK2      00000
__LbssBANK3                                 bssBANK3      00000
__LbssBANK4                                 bssBANK4      00000
__LbssBANK5                                 bssBANK5      00000
__LbssBANK6                                 bssBANK6      00000
__LbssCOMRAM                                bssCOMRAM     00000
__Lcinit                                    cinit         00000
__Lclrtext                                  clrtext       00000
__Lcomram                                   comram        00000
__Lconfig                                   config        0FFF8
__Lconst                                    const         00000
__LcstackBANK0                              cstackBANK0   00000
__LcstackBANK1                              cstackBANK1   00000
__LcstackBANK3                              cstackBANK3   00000
__LcstackCOMRAM                             cstackCOMRAM  00000
__Ldata                                     data          00000
__LdataBANK1                                dataBANK1     00000
__LdataCOMRAM                               dataCOMRAM    00000
__Lend_init                                 end_init      00204
__Lfarbss                                   farbss        00000
__Lfardata                                  fardata       00000
__Libigdata                                 ibigdata      00000
__Lidata                                    idata         00000
__LidataBANK1                               idataBANK1    00000
__LidataCOMRAM                              idataCOMRAM   00000
__Lidloc                                    idloc         00000
__Lifardata                                 ifardata      00000
__Linit                                     init          00204
__Lintcode                                  intcode       00008
__Lintcode_body                             intcode_body  00000
__Lintcodelo                                intcodelo     00204
__Lintentry                                 intentry      00000
__Lintret                                   intret        00000
__Lintsave_regs                             intsave_regs  00000
__Lirdata                                   irdata        00000
__Ljflash_buffer                            jflash_buffer 0F800
__Lmediumconst                              mediumconst   0FBA6
__LnvFARRAM                                 nvFARRAM      00000
__Lnvbit                                    nvbit         00000
__Lnvrram                                   nvrram        00000
__Lparam                                    rparam        00000
__Lpowerup                                  powerup       00204
__Lram                                      ram           00000
__Lramtop                                   ramtop        00F00
__Lrbit                                     rbit          00000
__Lrbss                                     rbss          00000
__Lrdata                                    rdata         00000
__Lreset_vec                                reset_vec     00000
__Lrparam                                   rparam        00000
__Lsfr                                      sfr           00000
__Lsmallconst                               smallconst    00000
__Lspace_0                                  (abs)         00000
__Lspace_1                                  (abs)         00000
__Lspace_2                                  (abs)         00000
__Lstack                                    stack         00000
__Lstruct                                   struct        00000
__Ltemp                                     temp          00000
__Ltext                                     text          00000
__Ltext0                                    text0         00000
__Ltext1                                    text1         00000
__Ltext10                                   text10        00000
__Ltext11                                   text11        00000
__Ltext12                                   text12        00000
__Ltext13                                   text13        00000
__Ltext14                                   text14        00000
__Ltext15                                   text15        00000
__Ltext16                                   text16        00000
__Ltext17                                   text17        00000
__Ltext18                                   text18        00000
__Ltext19                                   text19        00000
__Ltext2                                    text2         00000
__Ltext20                                   text20        00000
__Ltext21                                   text21        00000
__Ltext22                                   text22        00000
__Ltext23                                   text23        00000
__Ltext24                                   text24        00000
__Ltext25                                   text25        00000
__Ltext26                                   text26        00000
__Ltext27                                   text27        00000
__Ltext28                                   text28        00000
__Ltext29                                   text29        00000
__Ltext3                                    text3         00000
__Ltext30                                   text30        00000
__Ltext31                                   text31        00000
__Ltext32                                   text32        00000
__Ltext33                                   text33        00000
__Ltext34                                   text34        00000
__Ltext35                                   text35        00000
__Ltext36                                   text36        00000
__Ltext37                                   text37        00000
__Ltext38                                   text38        00000
__Ltext39                                   text39        00000
__Ltext4                                    text4         00000
__Ltext40                                   text40        00000
__Ltext41                                   text41        00000
__Ltext42                                   text42        00000
__Ltext43                                   text43        00000
__Ltext44                                   text44        00000
__Ltext45                                   text45        00000
__Ltext46                                   text46        00000
__Ltext47                                   text47        00000
__Ltext48                                   text48        00000
__Ltext49                                   text49        00000
__Ltext5                                    text5         00000
__Ltext50                                   text50        00000
__Ltext51                                   text51        00000
__Ltext52                                   text52        00000
__Ltext53                                   text53        00000
__Ltext54                                   text54        00000
__Ltext55                                   text55        00000
__Ltext56                                   text56        00000
__Ltext57                                   text57        00000
__Ltext58                                   text58        00000
__Ltext59                                   text59        00000
__Ltext6                                    text6         00000
__Ltext60                                   text60        00000
__Ltext61                                   text61        00000
__Ltext62                                   text62        00000
__Ltext63                                   text63        00000
__Ltext64                                   text64        00000
__Ltext65                                   text65        00000
__Ltext66                                   text66        00000
__Ltext67                                   text67        00000
__Ltext68                                   text68        00000
__Ltext69                                   text69        00000
__Ltext7                                    text7         00000
__Ltext70                                   text70        00000
__Ltext71                                   text71        00000
__Ltext72                                   text72        00000
__Ltext73                                   text73        00000
__Ltext74                                   text74        00000
__Ltext75                                   text75        00000
__Ltext76                                   text76        00000
__Ltext77                                   text77        00000
__Ltext78                                   text78        00000
__Ltext79                                   text79        00000
__Ltext8                                    text8         00000
__Ltext80                                   text80        00000
__Ltext81                                   text81        00000
__Ltext82                                   text82        00000
__Ltext83                                   text83        00000
__Ltext84                                   text84        00000
__Ltext85                                   text85        00000
__Ltext86                                   text86        00000
__Ltext87                                   text87        00000
__Ltext88                                   text88        00000
__Ltext89                                   text89        00000
__Ltext9                                    text9         00000
__Ltext90                                   text90        00000
__Ltext91                                   text91        00000
__Ltext92                                   text92        00000
__Ltext94                                   text94        00000
__Ltext95                                   text95        00000
__Ltext96                                   text96        00000
__Ltext97                                   text97        00000
__Ltext98                                   text98        00000
__Ltext99                                   text99        00000
__S0                                        (abs)         10000
__S1                                        (abs)         00680
__S2                                        (abs)         00000
___awdiv                                    text67        0C3B4
___awdiv@counter                            cstackBANK0   00064
___awdiv@dividend                           cstackBANK0   00060
___awdiv@divisor                            cstackBANK0   00062
___awdiv@quotient                           cstackBANK0   00066
___awdiv@sign                               cstackBANK0   00065
___awmod                                    text51        0C8C8
___awmod@counter                            cstackBANK0   00064
___awmod@dividend                           cstackBANK0   00060
___awmod@divisor                            cstackBANK0   00062
___awmod@sign                               cstackBANK0   00065
___ftadd                                    text11        0AA9C
___ftadd@exp1                               cstackBANK0   0007A
___ftadd@exp2                               cstackBANK0   00079
___ftadd@f1                                 cstackBANK0   0006F
___ftadd@f2                                 cstackBANK0   00072
___ftadd@sign                               cstackBANK0   00078
___ftdiv                                    text10        0BCA8
___ftdiv@cntr                               cstackBANK0   00084
___ftdiv@exp                                cstackBANK0   00088
___ftdiv@f1                                 cstackBANK0   0007B
___ftdiv@f2                                 cstackBANK0   0007E
___ftdiv@f3                                 cstackBANK0   00085
___ftdiv@sign                               cstackBANK0   00089
___ftge                                     text9         0C722
___ftge@ff1                                 cstackBANK0   00060
___ftge@ff2                                 cstackBANK0   00063
___ftmul                                    text8         0BB32
___ftmul@cntr                               cstackBANK0   00088
___ftmul@exp                                cstackBANK0   00084
___ftmul@f1                                 cstackBANK0   0007B
___ftmul@f2                                 cstackBANK0   0007E
___ftmul@f3_as_product                      cstackBANK0   00085
___ftmul@sign                               cstackBANK0   00089
___ftneg                                    text7         0D7BC
___ftneg@f1                                 cstackBANK0   0006C
___ftpack                                   text12        0C2AA
___ftpack@arg                               cstackBANK0   00060
___ftpack@exp                               cstackBANK0   00063
___ftpack@sign                              cstackBANK0   00064
[...]
      Params:         0       0       0       0       0       0       0       0       0       0       0       0       0       0       0       0
      Locals:         0       0       0       0       0       0       0       0       0       0       0       0       0       0       0       0
      Temps:          0       0       0       0       0       0       0       0       0       0       0       0       0       0       0       0
      Totals:         0       0       0       0       0       0       0       0       0       0       0       0       0       0       0       0
Total ram usage:        0 bytes
 Hardware stack levels used:    1
 Hardware stack levels required when called:    4
 This function calls:
		Nothing
 This function is called by:
		_NVMWrite
		_MiApp_ResyncConnection
 This function uses a non-reentrant model


 *************** function _high_isr *****************
 Defined at:
		line 1852 in file "drv_mrf_miwi_24j40.c"
 Parameters:    Size  Location     Type
		None
 Auto vars:     Size  Location     Type
  results         1   27[COMRAM] struct _DRIVER_UINT8_UNI
  RxBank          1   30[COMRAM] unsigned char 
  flags           2   28[COMRAM] struct .
  i               1   31[COMRAM] unsigned char 
 Return value:  Size  Location     Type
		None               void
 Registers used:
		wreg, fsr2l, fsr2h, status,2, status,0, prodl, prodh, cstack
 Tracked objects:
		On entry : 
		On exit  : 
		Unchanged: 
 Data sizes:     COMRAM   BANK0   BANK1   BANK2   BANK3   BANK4   BANK5   BANK6   BANK7   BANK8   BANK9  BANK10  BANK11  BANK12  BANK13  BANK14
      Params:         0       0       0       0       0       0       0       0       0       0       0       0       0       0       0       0
      Locals:         5       0       0       0       0       0       0       0       0       0       0       0       0       0       0       0
      Temps:         19       0       0       0       0       0       0       0       0       0       0       0       0       0       0       0
      Totals:        24       0       0       0       0       0       0       0       0       0       0       0       0       0       0       0
Total ram usage:       24 bytes
 Hardware stack levels used:    1
 Hardware stack levels required when called:    3
 This function calls:
		_UserInterruptHandler
		i2_PHYGetLongRAMAddr
		i2_PHYGetShortRAMAddr
		i2_PHYSetShortRAMAddr
 This function is called by:
		Interrupt level 2
 This function uses a non-reentrant model


 *************** function i2_PHYSetShortRAMAddr *****************
 Defined at:
		line 124 in file "drv_mrf_miwi_24j40.c"
 Parameters:    Size  Location     Type
  address         1    wreg     unsigned char 
  value           1    2[COMRAM] unsigned char 
 Auto vars:     Size  Location     Type
  address         1    3[COMRAM] unsigned char 
  PHYSetShortR    1    4[COMRAM] volatile unsigned char 
 Return value:  Size  Location     Type
		None               void
 Registers used:
		wreg, status,2, cstack
 Tracked objects:
		On entry : 
		On exit  : 
		Unchanged: 
 Data sizes:     COMRAM   BANK0   BANK1   BANK2   BANK3   BANK4   BANK5   BANK6   BANK7   BANK8   BANK9  BANK10  BANK11  BANK12  BANK13  BANK14
      Params:         1       0       0       0       0       0       0       0       0       0       0       0       0       0       0       0
      Locals:         2       0       0       0       0       0       0       0       0       0       0       0       0       0       0       0
      Temps:          0       0       0       0       0       0       0       0       0       0       0       0       0       0       0       0
      Totals:         3       0       0       0       0       0       0       0       0       0       0       0       0       0       0       0
Total ram usage:        3 bytes
 Hardware stack levels used:    1
 Hardware stack levels required when called:    1
 This function calls:
		i2_SPIPut
 This function is called by:
		_high_isr
 This function uses a non-reentrant model


 *************** function i2_PHYGetShortRAMAddr *****************
 Defined at:
		line 154 in file "drv_mrf_miwi_24j40.c"
 Parameters:    Size  Location     Type
  address         1    wreg     unsigned char 
 Auto vars:     Size  Location     Type
  address         1    2[COMRAM] unsigned char 
  PHYGetShortR    1    4[COMRAM] volatile unsigned char 
  PHYGetShortR    1    3[COMRAM] unsigned char 
 Return value:  Size  Location     Type
                  1    wreg      unsigned char 
 Registers used:
		wreg, status,2, cstack
 Tracked objects:
		On entry : 
		On exit  : 
		Unchanged: 
 Data sizes:     COMRAM   BANK0   BANK1   BANK2   BANK3   BANK4   BANK5   BANK6   BANK7   BANK8   BANK9  BANK10  BANK11  BANK12  BANK13  BANK14
      Params:         0       0       0       0       0       0       0       0       0       0       0       0       0       0       0       0
      Locals:         3       0       0       0       0       0       0       0       0       0       0       0       0       0       0       0
      Temps:          0       0       0       0       0       0       0       0       0       0       0       0       0       0       0       0
      Totals:         3       0       0       0       0       0       0       0       0       0       0       0       0       0       0       0
Total ram usage:        3 bytes
 Hardware stack levels used:    1
 Hardware stack levels required when called:    2
 This function calls:
		i2_SPIGet
		i2_SPIPut
 This function is called by:
		_high_isr
 This function uses a non-reentrant model


 *************** function i2_PHYGetLongRAMAddr *****************
 Defined at:
		line 185 in file "drv_mrf_miwi_24j40.c"
 Parameters:    Size  Location     Type
  address         2    2[COMRAM] unsigned int 
 Auto vars:     Size  Location     Type
  PHYGetLongRA    1    7[COMRAM] volatile unsigned char 
  PHYGetLongRA    1    6[COMRAM] unsigned char 
 Return value:  Size  Location     Type
                  1    wreg      unsigned char 
 Registers used:
		wreg, status,2, status,0, cstack
 Tracked objects:
		On entry : 
		On exit  : 
		Unchanged: 
 Data sizes:     COMRAM   BANK0   BANK1   BANK2   BANK3   BANK4   BANK5   BANK6   BANK7   BANK8   BANK9  BANK10  BANK11  BANK12  BANK13  BANK14
      Params:         2       0       0       0       0       0       0       0       0       0       0       0       0       0       0       0
      Locals:         2       0       0       0       0       0       0       0       0       0       0       0       0       0       0       0
      Temps:          2       0       0       0       0       0       0       0       0       0       0       0       0       0       0       0
      Totals:         6       0       0       0       0       0       0       0       0       0       0       0       0       0       0       0
Total ram usage:        6 bytes
 Hardware stack levels used:    1
 Hardware stack levels required when called:    2
 This function calls:
		i2_SPIGet
		i2_SPIPut
 This function is called by:
		_high_isr
 This function uses a non-reentrant model


 *************** function i2_SPIGet *****************
 Defined at:
		line 102 in file "spi.c"
 Parameters:    Size  Location     Type
		None
 Auto vars:     Size  Location     Type
		None
 Return value:  Size  Location     Type
                  1    wreg      unsigned char 
 Registers used:
		wreg, status,2, cstack
 Tracked objects:
		On entry : 
		On exit  : 
		Unchanged: 
 Data sizes:     COMRAM   BANK0   BANK1   BANK2   BANK3   BANK4   BANK5   BANK6   BANK7   BANK8   BANK9  BANK10  BANK11  BANK12  BANK13  BANK14
      Params:         0       0       0       0       0       0       0       0       0       0       0       0       0       0       0       0
      Locals:         0       0       0       0       0       0       0       0       0       0       0       0       0       0       0       0
      Temps:          0       0       0       0       0       0       0       0       0       0       0       0       0       0       0       0
      Totals:         0       0       0       0       0       0       0       0       0       0       0       0       0       0       0       0
Total ram usage:        0 bytes
 Hardware stack levels used:    1
 Hardware stack levels required when called:    1
 This function calls:
		i2_SPIPut
 This function is called by:
		i2_PHYGetShortRAMAddr
		i2_PHYGetLongRAMAddr
 This function uses a non-reentrant model


 *************** function i2_SPIPut *****************
 Defined at:
		line 45 in file "spi.c"
 Parameters:    Size  Location     Type
  v               1    wreg     unsigned char 
 Auto vars:     Size  Location     Type
  v               1    1[COMRAM] unsigned char 
  SPIPut          1    0[COMRAM] unsigned char 
 Return value:  Size  Location     Type
		None               void
 Registers used:
		wreg
 Tracked objects:
		On entry : 
		On exit  : 
		Unchanged: 
 Data sizes:     COMRAM   BANK0   BANK1   BANK2   BANK3   BANK4   BANK5   BANK6   BANK7   BANK8   BANK9  BANK10  BANK11  BANK12  BANK13  BANK14
      Params:         0       0       0       0       0       0       0       0       0       0       0       0       0       0       0       0
      Locals:         2       0       0       0       0       0       0       0       0       0       0       0       0       0       0       0
      Temps:          0       0       0       0       0       0       0       0       0       0       0       0       0       0       0       0
      Totals:         2       0       0       0       0       0       0       0       0       0       0       0       0       0       0       0
Total ram usage:        2 bytes
 Hardware stack levels used:    1
 This function calls:
		Nothing
 This function is called by:
		i2_SPIGet
		i2_PHYSetShortRAMAddr
		i2_PHYGetShortRAMAddr
		i2_PHYGetLongRAMAddr
 This function uses a non-reentrant model


 *************** function _UserInterruptHandler *****************
 Defined at:
		line 186 in file "lcd.c"
 Parameters:    Size  Location     Type
		None
 Auto vars:     Size  Location     Type
		None
 Return value:  Size  Location     Type
		None               void
 Registers used:
		None
 Tracked objects:
		On entry : 
		On exit  : 
		Unchanged: 
 Data sizes:     COMRAM   BANK0   BANK1   BANK2   BANK3   BANK4   BANK5   BANK6   BANK7   BANK8   BANK9  BANK10  BANK11  BANK12  BANK13  BANK14
      Params:         0       0       0       0       0       0       0       0       0       0       0       0       0       0       0       0
      Locals:         0       0       0       0       0       0       0       0       0       0       0       0       0       0       0       0
      Temps:          0       0       0       0       0       0       0       0       0       0       0       0       0       0       0       0
      Totals:         0       0       0       0       0       0       0       0       0       0       0       0       0       0       0       0
Total ram usage:        0 bytes
 Hardware stack levels used:    1
 This function calls:
		Nothing
 This function is called by:
		_high_isr
 This function uses a non-reentrant model



MODULE INFORMATION

Module		Function		Class		Link	Load	Size
drv_mrf_miwi_24j40.c
		_PHYGetLongRAMA		CODE           	D184	0000	104
		_PHYSetLongRAMA		CODE           	D254	0000	102
		_PHYGetShortRAM		CODE           	D720	0000	54
		_PHYSetShortRAM		CODE           	D7EE	0000	50
		_InitMRF24J40  		CODE           	A210	0000	754
		_MiMAC_Received		CODE           	6B18	0000	1934
		_MiMAC_DiscardP		CODE           	D8F8	0000	34
		_high_isr      		CODE           	0008	0000	508
		_MiMAC_ChannelA		CODE           	D516	0000	74
		_MiMAC_SetChann		CODE           	D41E	0000	86
		_MiMAC_Init    		CODE           	D3C8	0000	86
		_MiMAC_SendPack		CODE           	8DC4	0000	1282
		_MiMAC_SetAltAd		CODE           	D03C	0000	118

drv_mrf_miwi_24j40.c estimated size: 5186

delay.c
		_DELAY_ms      		CODE           	C576	0000	214
		_DELAY_10us    		CODE           	CB06	0000	186

delay.c estimated size: 400

C:\Program Files (x86)\Microchip\xc8\v1.33\sources\common\ftneg.c
		___ftneg       		CODE           	D7BC	0000	50

C:\Program Files (x86)\Microchip\xc8\v1.33\sources\common\ftneg.c estimated size: 50

C:\Program Files (x86)\Microchip\xc8\v1.33\sources\common\ftge.c
		___ftge        		CODE           	C722	0000	212

C:\Program Files (x86)\Microchip\xc8\v1.33\sources\common\ftge.c estimated size: 212

button.c
		_BUTTON_Pressed		CODE           	B9BA	0000	376

button.c estimated size: 376

C:\Program Files (x86)\Microchip\xc8\v1.33\sources\common\doprnt.c
		_sprintf       		CODE           	506E	0000	2774

C:\Program Files (x86)\Microchip\xc8\v1.33\sources\common\doprnt.c estimated size: 2774

C:\Program Files (x86)\Microchip\xc8\v1.33\sources\common\float.c
		___ftpack      		CODE           	C2AA	0000	266

C:\Program Files (x86)\Microchip\xc8\v1.33\sources\common\float.c estimated size: 266

C:\Program Files (x86)\Microchip\xc8\v1.33\sources\common\lwmod.c
		___lwmod       		CODE           	D2BA	0000	96

C:\Program Files (x86)\Microchip\xc8\v1.33\sources\common\lwmod.c estimated size: 96

C:\Program Files (x86)\Microchip\xc8\v1.33\sources\common\awmod.c
		___awmod       		CODE           	C8C8	0000	196

C:\Program Files (x86)\Microchip\xc8\v1.33\sources\common\awmod.c estimated size: 196

C:\Program Files (x86)\Microchip\xc8\v1.33\sources\common\Umul16.c
		___wmul        		CODE           	D6EA	0000	54

C:\Program Files (x86)\Microchip\xc8\v1.33\sources\common\Umul16.c estimated size: 54

serial_flash.c
		_SSTGetID      		CODE           	D84E	0000	44

serial_flash.c estimated size: 44

miwi_pro.c
		_MiApp_NoiseDet		CODE           	AD1C	0000	624
		_UnicastShortAd		CODE           	CE26	0000	142
		_MiApp_Establis		CODE           	88BC	0000	1288
		_MiApp_Protocol		CODE           	7E26	0000	1386
		_MiApp_UnicastA		CODE           	8390	0000	1324
		_MiApp_StartCon		CODE           	9F04	0000	780
		_SendMACPacket 		CODE           	C7F6	0000	210
		_SendBeacon    		CODE           	BF42	0000	302
		_MiWiPROTasks  		CODE           	0208	0000	15758
		_SendIndirectPa		CODE           	5B44	0000	2112
		_SearchForLongA		CODE           	C64C	0000	214
		_MacroNop      		CODE           	DA02	0000	4
		_MiApp_Broadcas		CODE           	D9AA	0000	16
		_findNextNetwor		CODE           	D672	0000	64
		_SearchForShort		CODE           	CD04	0000	146
		_MiApp_UnicastC		CODE           	AF8C	0000	616
		_OpenSocket    		CODE           	975A	0000	1154
		_FindRoutingPat		CODE           	6384	0000	1940
		_RouteMessage  		CODE           	92C6	0000	1172
		_MiApp_SetChann		CODE           	D560	0000	72
		_SaveIndirectMe		CODE           	A502	0000	738
		_MiApp_DiscardM		CODE           	D9F2	0000	8
		_MultiCast     		CODE           	BE00	0000	322
		_FindDepth     		CODE           	CD96	0000	144
		_BroadcastJitte		CODE           	CA4A	0000	188
		_MiApp_MessageA		CODE           	D9BA	0000	16
		_MiApp_SearchCo		CODE           	B1F4	0000	616
		_isSameAddress 		CODE           	D31A	0000	88
		_AddNodeToNetwo		CODE           	C18E	0000	284
		_MiApp_Connecti		CODE           	D4C6	0000	80

miwi_pro.c estimated size: 31808

C:\Program Files (x86)\Microchip\xc8\v1.33\sources\common\ftmul.c
		___ftmul       		CODE           	BB32	0000	374

C:\Program Files (x86)\Microchip\xc8\v1.33\sources\common\ftmul.c estimated size: 374

eeprom.c
		_EEPROMRead    		CODE           	D756	0000	52
		_Read_MAC_Addre		CODE           	C070	0000	286

eeprom.c estimated size: 338

C:\Program Files (x86)\Microchip\xc8\v1.33\sources\common\ftdiv.c
		___ftdiv       		CODE           	BCA8	0000	344

C:\Program Files (x86)\Microchip\xc8\v1.33\sources\common\ftdiv.c estimated size: 344

symbol.c
		_InitSymbolTime		CODE           	D96C	0000	22
		_MiWi_TickGet  		CODE           	D1EC	0000	104

symbol.c estimated size: 126

C:\Program Files (x86)\Microchip\xc8\v1.33\sources\common\Umul32.c
		___lmul        		CODE           	CF3E	0000	134

C:\Program Files (x86)\Microchip\xc8\v1.33\sources\common\Umul32.c estimated size: 134

C:\Program Files (x86)\Microchip\xc8\v1.33\sources\common\lwdiv.c
		___lwdiv       		CODE           	CFC4	0000	120

C:\Program Files (x86)\Microchip\xc8\v1.33\sources\common\lwdiv.c estimated size: 120

C:\Program Files (x86)\Microchip\xc8\v1.33\sources\common\awdiv.c
		___awdiv       		CODE           	C3B4	0000	226

C:\Program Files (x86)\Microchip\xc8\v1.33\sources\common\awdiv.c estimated size: 226

spi.c
		_SPIPut2       		CODE           	D936	0000	28
		_SPIGet        		CODE           	D9D4	0000	10
		_SPIGet2       		CODE           	D9DE	0000	10
		_SPIPut        		CODE           	D91A	0000	28

spi.c estimated size: 76

C:\Program Files (x86)\Microchip\xc8\v1.33\sources\common\lbmod.c
		___lbmod       		CODE           	D5EC	0000	68

C:\Program Files (x86)\Microchip\xc8\v1.33\sources\common\lbmod.c estimated size: 68

range_demo.c
		_RangeDemo     		CODE           	78A2	0000	1412

range_demo.c estimated size: 1412

shared
		__stringdata   		MEDIUMCONST    	FC01	0000	1013
		_dpowers       		MEDIUMCONST    	FBEF	0000	10
		_ScanTime      		MEDIUMCONST    	FBA7	0000	60
		i2_PHYGetShortR		CODE           	D8A6	0000	42
		i2_PHYGetLongRA		CODE           	D474	0000	82
		i2_PHYSetShortR		CODE           	D8D0	0000	40
		__initializatio		CODE           	CC6E	0000	140
		_octpowers     		MEDIUMCONST    	FBE3	0000	12
		i2_SPIGet      		CODE           	D9E8	0000	10
		_hexpowers     		MEDIUMCONST    	FBF9	0000	8
		i2_SPIPut      		CODE           	D952	0000	26

shared estimated size: 1443

C:\Program Files (x86)\Microchip\xc8\v1.33\sources\common\fttol.c
		___fttol       		CODE           	B83E	0000	380

C:\Program Files (x86)\Microchip\xc8\v1.33\sources\common\fttol.c estimated size: 380

C:\Program Files (x86)\Microchip\xc8\v1.33\sources\common\lbtoft.c
		___lbtoft      		CODE           	D78A	0000	50

C:\Program Files (x86)\Microchip\xc8\v1.33\sources\common\lbtoft.c estimated size: 50

C:\Program Files (x86)\Microchip\xc8\v1.33\sources\common\memset.c
		_memset        		CODE           	D6B2	0000	56

C:\Program Files (x86)\Microchip\xc8\v1.33\sources\common\memset.c estimated size: 56

lcd.c
		_LCD_BacklightO		CODE           	D9FE	0000	4
		_LCD_Erase     		CODE           	D5A8	0000	68
		_LCD_Initialize		CODE           	CEB4	0000	138
		_LCD_Update    		CODE           	C98C	0000	190
		_LCD_Display   		CODE           	D11C	0000	104
		_UserInterruptH		CODE           	DA08	0000	2
		_LCD_BacklightO		CODE           	D9FA	0000	4
		_LCD_WriteCmd  		CODE           	D996	0000	20
		_LCD_WriteData 		CODE           	D982	0000	20

lcd.c estimated size: 550

C:\Program Files (x86)\Microchip\xc8\v1.33\sources\common\ftadd.c
		___ftadd       		CODE           	AA9C	0000	640

C:\Program Files (x86)\Microchip\xc8\v1.33\sources\common\ftadd.c estimated size: 640

miwi_nvm.c
		_NVMWrite      		CODE           	C496	0000	224
		_NVMInit       		CODE           	B6AA	0000	404
		_NVMalloc      		CODE           	D372	0000	86
		_NVMRead       		CODE           	D0B2	0000	106

miwi_nvm.c estimated size: 820

self_test.c
		_SelfTest      		CODE           	9BDC	0000	808

self_test.c estimated size: 808

main.c
		_main          		CODE           	3F96	0000	4312

main.c estimated size: 4312

C:\Program Files (x86)\Microchip\xc8\v1.33\sources\common\lwtoft.c
		___lwtoft      		CODE           	D820	0000	46

C:\Program Files (x86)\Microchip\xc8\v1.33\sources\common\lwtoft.c estimated size: 46

system.c
		_SYSTEM_Initial		CODE           	CBC0	0000	174

system.c estimated size: 174

temp_demo.c
		_ReadTempSensor		CODE           	A7E4	0000	696
		_PrintTempLCD  		CODE           	B45C	0000	590
		_Read_VBGVoltag		CODE           	D630	0000	66
		_TempDemo      		CODE           	72A6	0000	1532

temp_demo.c estimated size: 2884

C:\Program Files (x86)\Microchip\xc8\v1.33\sources\common\isdigit.c
		_isdigit       		CODE           	D87A	0000	44

C:\Program Files (x86)\Microchip\xc8\v1.33\sources\common\isdigit.c estimated size: 44

