Microchip MPLAB XC8 Compiler V1.33 ()

Linker command line:

--edf=C:\Program Files\Microchip\xc8\v1.33\dat\en_msgs.txt -cs \
  -h+dist/default/production\projet_sansfils.X.production.sym \
  --cmf=dist/default/production\projet_sansfils.X.production.cmf -z \
  -Q18F46J50 -oC:\DOCUME~1\e1139459\LOCALS~1\Temp\s5bg.6 \
  -Mdist/default/production/projet_sansfils.X.production.map -E1 -ver=XC8 \
  -ASTACK=0486h-09ffh -pstack=STACK -ACODE=00h-0FFF7h -ACONST=00h-0FFF7h \
  -ASMALLCONST=0F00h-0FFFhx240,0FF00h-0FFF7h -AMEDIUMCONST=0F00h-0FFF7h \
  -ACOMRAM=01h-05Fh -AABS1=00h-0EBFh -ABIGRAM=01h-0EBFh \
  -ARAM=060h-0FFh,0100h-01FFhx13,0E00h-0EBFh -ABANK0=060h-0FFh \
  -ABANK1=0100h-01FFh -ABANK2=0200h-02FFh -ABANK3=0300h-03FFh \
  -ABANK4=0400h-04FFh -ABANK5=0500h-05FFh -ABANK6=0600h-06FFh \
  -ABANK7=0700h-07FFh -ABANK8=0800h-08FFh -ABANK9=0900h-09FFh \
  -ABANK10=0A00h-0AFFh -ABANK11=0B00h-0BFFh -ABANK12=0C00h-0CFFh \
  -ABANK13=0D00h-0DFFh -ABANK14=0E00h-0EBFh \
  -ASFR=0EC0h-0EFFh,0F00h-0F5Fh,0F60h-0FFFh \
  -preset_vec=00h,intcode=08h,intcodelo,powerup,init,end_init \
  -pramtop=0F00h -psmallconst=SMALLCONST -pmediumconst=MEDIUMCONST \
  -pconst=CONST -AFARRAM=00h-00h -ACONFIG=0FFF8h-0FFFFh -pconfig=CONFIG \
  -pjflash_buffer=0F800h \
  -prdata=COMRAM,nvrram=COMRAM,nvbit=COMRAM,rbss=COMRAM,rbit=COMRAM \
  -pfarbss=FARRAM,fardata=FARRAM,nvFARRAM=FARRAM \
  -pintsave_regs=BIGRAM,bigbss=BIGRAM,bigdata=BIGRAM -pbss=RAM \
  -pidata=CODE,irdata=CODE,ibigdata=CODE,ifardata=CODE \
  C:\DOCUME~1\e1139459\LOCALS~1\Temp\s5bg.obj \
  dist/default/production\projet_sansfils.X.production.obj 

Object code version is 3.11

Machine type is 18F46J50

Call graph: (short form)




                Name                               Link     Load   Length Selector   Space Scale
C:\DOCUME~1\e1139459\LOCALS~1\Temp\s5bg.obj
                end_init                            204      204        4        4       0
                reset_vec                             0        0        4        0       0
                config                             FFF8     FFF8        8     FFF8       0
dist/default/production\projet_sansfils.X.production.obj
                intcode                               8        8      1FC        4       0
                mediumconst                        FBA6     FBA6      452     7DD3       0
                text90                             A722     A722        2        4       0
                text89                             A680     A680       1A        4       0
                text88                             A706     A706        A        4       0
                text87                             A1EA     A1EA       52        4       0
                text86                             A5B0     A5B0       2A        4       0
                text85                             A5DA     A5DA       28        4       0
                text83                             A584     A584       2C        4       0
                text82                             A626     A626       22        4       0
                text81                             A710     A710        8        4       0
                text80                             95F0     95F0       D6        4       0
                text79                             9BCC     9BCC       98        4       0
                text78                             A350     A350       40        4       0
                text77                             9112     9112      116        4       0
                text76                             9FB8     9FB8       68        4       0
                text75                             A2CA     A2CA       44        4       0
                text74                             9858     9858       BC        4       0
                text73                             A664     A664       1C        4       0
                text72                             A020     A020       66        4       0
                text71                             A4CC     A4CC       32        4       0
                text70                             A194     A194       56        4       0
                text69                             A602     A602       24        4       0
                text68                             436C     436C      78E        4       0
                text67                             A6FC     A6FC        A        4       0
                text66                             9F50     9F50       68        4       0
                text65                             A3FE     A3FE       36        4       0
                text64                             71DE     71DE      2F2        4       0
                text63                             9E76     9E76       72        4       0
                text62                             6108     6108      4F6        4       0
                text61                             99CE     99CE       B4        4       0
                text60                             A0E6     A0E6       58        4       0
                text59                             3B78     3B78      7F4        4       0
                text58                             74D0     74D0      2E2        4       0
                text57                             8D82     8D82      14E        4       0
                text56                             567A     567A      554        4       0
                text55                             9B30     9B30       9C        4       0
                text54                              208      208     1DC2        4       0
                text53                             A6D8     A6D8       10        4       0
                text52                             7CEA     7CEA      26E        4       0
                text51                             65FE     65FE      48E        4       0
                text50                             6A8C     6A8C      436        4       0
                text49                             5BCE     5BCE      53A        4       0
                text48                             A69A     A69A       16        4       0
                text47                             A13E     A13E       56        4       0
                text46                             861A     861A      1A6        4       0
                text45                             A23C     A23C       4A        4       0
                text44                             9438     9438       E2        4       0
                text43                             83E4     83E4      236        4       0
                text42                             8ED0     8ED0      124        4       0
                text41                             893C     893C      178        4       0
                text40                             A71C     A71C        4        4       0
                text39                             A718     A718        4        4       0
                text38                             9D78     9D78       86        4       0
                text37                             951A     951A       D6        4       0
                text36                             A648     A648       1C        4       0
                text35                             A6C4     A6C4       14        4       0
                text34                             A390     A390       38        4       0
                text33                             A286     A286       44        4       0
                text32                             A6B0     A6B0       14        4       0
                text31                             979A     979A       BE        4       0
                text30                             9DFE     9DFE       78        4       0
                text29                             A086     A086       60        4       0
                text28                             A3C8     A3C8       36        4       0
                text27                             A558     A558       2C        4       0
                text26                             30A2     30A2      AD6        4       0
                text25                             9EE8     9EE8       68        4       0
                text24                             81A6     81A6      23E        4       0
                text23                             50F6     50F6      584        4       0
                text22                             A6F2     A6F2        A        4       0
                text21                             A434     A434       34        4       0
                text20                             8FF4     8FF4      11E        4       0
                text19                             9CEE     9CEE       8A        4       0
                text18                             9A82     9A82       AE        4       0
                text17                             A52C     A52C       2C        4       0
                text16                             6EC2     6EC2      31C        4       0
                text15                             9332     9332      106        4       0
                text14                             7F58     7F58      24E        4       0
                text13                             9914     9914       BA        4       0
                text12                             9228     9228      10A        4       0
                text11                             7A6A     7A6A      280        4       0
                text10                             8C2A     8C2A      158        4       0
                text9                              96C6     96C6       D4        4       0
                text8                              8AB4     8AB4      176        4       0
                text7                              A49A     A49A       32        4       0
                text6                              87C0     87C0      17C        4       0
                text5                              A468     A468       32        4       0
                text4                              A4FE     A4FE       2E        4       0
                text3                              77B2     77B2      2B8        4       0
                text2                              A30E     A30E       42        4       0
                text1                              4AFA     4AFA      5FC        4       0
                text0                              1FCA     1FCA     10D8        4       0
                cstackCOMRAM                          1        1       20        1       1
                cstackBANK0                          60       60       99       60       1
                cstackBANK1                         1D7      1D7       1F      100       1
                cstackBANK3                         3A0      3A0       1B      300       1
                bssBANK4                            400      400       86      400       1
                bssBANK3                            300      300       A0      300       1
                bssBANK2                            200      200       E6      200       1
                dataBANK1                           1F6      1F6        A      100       1
                bssBANK1                            100      100       D7      100       1
                bssBANK0                             F9       F9        7       60       1
                dataCOMRAM                           3F       3F        2        1       1
                bssCOMRAM                            21       21       1E        1       1
                cinit                              9C64     9C64       8A        4       0
                idataBANK1                         A6E8     A6E8        A        4       0
                idataCOMRAM                        A720     A720        2        4       0

TOTAL           Name                               Link     Load   Length     Space
        CLASS   STACK          

        CLASS   CODE           
                end_init                            204      204        4         0
                intcode                               8        8      1FC         0
                reset_vec                             0        0        4         0
                text90                             A722     A722        2         0
                text89                             A680     A680       1A         0
                text88                             A706     A706        A         0
                text87                             A1EA     A1EA       52         0
                text86                             A5B0     A5B0       2A         0
                text85                             A5DA     A5DA       28         0
                text83                             A584     A584       2C         0
                text82                             A626     A626       22         0
                text81                             A710     A710        8         0
                text80                             95F0     95F0       D6         0
                text79                             9BCC     9BCC       98         0
                text78                             A350     A350       40         0
                text77                             9112     9112      116         0
                text76                             9FB8     9FB8       68         0
                text75                             A2CA     A2CA       44         0
                text74                             9858     9858       BC         0
                text73                             A664     A664       1C         0
                text72                             A020     A020       66         0
                text71                             A4CC     A4CC       32         0
                text70                             A194     A194       56         0
                text69                             A602     A602       24         0
                text68                             436C     436C      78E         0
                text67                             A6FC     A6FC        A         0
                text66                             9F50     9F50       68         0
                text65                             A3FE     A3FE       36         0
                text64                             71DE     71DE      2F2         0
                text63                             9E76     9E76       72         0
                text62                             6108     6108      4F6         0
                text61                             99CE     99CE       B4         0
                text60                             A0E6     A0E6       58         0
                text59                             3B78     3B78      7F4         0
                text58                             74D0     74D0      2E2         0
                text57                             8D82     8D82      14E         0
                text56                             567A     567A      554         0
                text55                             9B30     9B30       9C         0
                text54                              208      208     1DC2         0
                text53                             A6D8     A6D8       10         0
                text52                             7CEA     7CEA      26E         0
                text51                             65FE     65FE      48E         0
                text50                             6A8C     6A8C      436         0
                text49                             5BCE     5BCE      53A         0
                text48                             A69A     A69A       16         0
                text47                             A13E     A13E       56         0
                text46                             861A     861A      1A6         0
                text45                             A23C     A23C       4A         0
                text44                             9438     9438       E2         0
                text43                             83E4     83E4      236         0
                text42                             8ED0     8ED0      124         0
                text41                             893C     893C      178         0
                text40                             A71C     A71C        4         0
                text39                             A718     A718        4         0
                text38                             9D78     9D78       86         0
                text37                             951A     951A       D6         0
                text36                             A648     A648       1C         0
                text35                             A6C4     A6C4       14         0
                text34                             A390     A390       38         0
                text33                             A286     A286       44         0
                text32                             A6B0     A6B0       14         0
                text31                             979A     979A       BE         0
                text30                             9DFE     9DFE       78         0
                text29                             A086     A086       60         0
                text28                             A3C8     A3C8       36         0
                text27                             A558     A558       2C         0
                text26                             30A2     30A2      AD6         0
                text25                             9EE8     9EE8       68         0
                text24                             81A6     81A6      23E         0
                text23                             50F6     50F6      584         0
                text22                             A6F2     A6F2        A         0
                text21                             A434     A434       34         0
                text20                             8FF4     8FF4      11E         0
                text19                             9CEE     9CEE       8A         0
                text18                             9A82     9A82       AE         0
                text17                             A52C     A52C       2C         0
                text16                             6EC2     6EC2      31C         0
                text15                             9332     9332      106         0
                text14                             7F58     7F58      24E         0
                text13                             9914     9914       BA         0
                text12                             9228     9228      10A         0
                text11                             7A6A     7A6A      280         0
                text10                             8C2A     8C2A      158         0
                text9                              96C6     96C6       D4         0
                text8                              8AB4     8AB4      176         0
                text7                              A49A     A49A       32         0
                text6                              87C0     87C0      17C         0
                text5                              A468     A468       32         0
                text4                              A4FE     A4FE       2E         0
                text3                              77B2     77B2      2B8         0
                text2                              A30E     A30E       42         0
                text1                              4AFA     4AFA      5FC         0
                text0                              1FCA     1FCA     10D8         0
                cinit                              9C64     9C64       8A         0
                idataBANK1                         A6E8     A6E8        A         0
                idataCOMRAM                        A720     A720        2         0

        CLASS   CONST          

        CLASS   SMALLCONST     

        CLASS   MEDIUMCONST    
                mediumconst                        FBA6     FBA6      452         0

        CLASS   COMRAM         
                cstackCOMRAM                          1        1       20         1
                dataCOMRAM                           3F       3F        2         1
                bssCOMRAM                            21       21       1E         1

        CLASS   ABS1           

        CLASS   BIGRAM         

        CLASS   RAM            

        CLASS   BANK0          
                cstackBANK0                          60       60       99         1
                bssBANK0                             F9       F9        7         1

        CLASS   BANK1          
                cstackBANK1                         1D7      1D7       1F         1
                dataBANK1                           1F6      1F6        A         1
                bssBANK1                            100      100       D7         1

        CLASS   BANK2          
                bssBANK2                            200      200       E6         1

        CLASS   BANK3          
                cstackBANK3                         3A0      3A0       1B         1
                bssBANK3                            300      300       A0         1

        CLASS   BANK4          
                bssBANK4                            400      400       86         1

        CLASS   BANK5          

        CLASS   BANK6          

        CLASS   BANK7          

        CLASS   BANK8          

        CLASS   BANK9          

        CLASS   BANK10         

        CLASS   BANK11         

        CLASS   BANK12         

        CLASS   BANK13         

        CLASS   BANK14         

        CLASS   SFR            

        CLASS   FARRAM         

        CLASS   CONFIG         
                config                             FFF8     FFF8        8         0

        CLASS   IDLOC          



SEGMENTS        Name                           Load    Length   Top    Selector   Space  Class

                reset_vec                      000000  000004  000004         0       0  CODE    
                cstackCOMRAM                   000001  000040  000041         1       1  COMRAM  
                intcode                        000008  00A71C  00A724         4       0  CODE    
                cstackBANK0                    000060  0000A0  000100        60       1  BANK0   
                bssBANK1                       000100  000100  000200       100       1  BANK1   
                bssBANK2                       000200  0000E6  0002E6       200       1  BANK2   
                bssBANK3                       000300  0000BB  0003BB       300       1  BANK3   
                bssBANK4                       000400  000086  000486       400       1  BANK4   
                mediumconst                    00FBA6  000452  00FFF8      7DD3       0  MEDIUMCO
                config                         00FFF8  000008  010000      FFF8       0  CONFIG  


UNUSED ADDRESS RANGES

        Name                Unused          Largest block    Delta
        BANK10           00A00-00AFF             100
        BANK11           00B00-00BFF             100
        BANK12           00C00-00CFF             100
        BANK13           00D00-00DFF             100
        BANK14           00E00-00EBF              C0
        BANK2            002E6-002FF              1A
        BANK3            003BB-003FF              45
        BANK4            00486-004FF              7A
        BANK5            00500-005FF             100
        BANK6            00600-006FF             100
        BANK7            00700-007FF             100
        BANK8            00800-008FF             100
        BANK9            00900-009FF             100
        BIGRAM           00041-0005F              1F
                         002E6-002FF              1A
                         003BB-003FF              45
                         00486-00EBF             A3A
        CODE             00004-00007               4
                         0A724-0FBA5            5482
        COMRAM           00041-0005F              1F
        CONST            00004-00007               4
                         0A724-0FBA5            5482
        MEDIUMCONST      0A724-0FBA5            5482
        RAM              002E6-002FF              1A
                         003BB-003FF              45
                         00486-00EBF             100
        SFR              00EC0-00FFF              60
        SMALLCONST       0A724-0FBA5             100
        STACK            00486-009FF             57A

                                  Symbol Table

?_MiWi_TickGet                            cstackBANK0   00060
?_Read_VBGVoltage                         cstackBANK0   00074
?___awdiv                                 cstackBANK0   00060
?___ftadd                                 cstackBANK0   0006F
?___ftdiv                                 cstackBANK0   0007B
?___ftmul                                 cstackBANK0   0007B
?___ftneg                                 cstackBANK0   0006C
?___ftpack                                cstackBANK0   00060
?___fttol                                 cstackBANK0   00060
?___lbtoft                                cstackBANK0   00068
?___lmul                                  cstackBANK0   00060
?___lwdiv                                 cstackBANK0   00060
?___lwmod                                 cstackBANK0   00067
?___lwtoft                                cstackBANK0   00068
?___wmul                                  cstackBANK0   00060
?_sprintf                                 cstackBANK0   0006C
AddNodeToNetworkTable@handle              cstackBANK0   00068
AddNodeToNetworkTable@i                   cstackBANK0   00067
BUTTON_Pressed@result                     cstackBANK0   00075
BUTTON_Pressed@t                          cstackBANK0   00071
BUTTON_Pressed@tickDifference             cstackBANK0   0006D
BroadcastJitter@jitter                    cstackBANK0   0007A
BroadcastJitter@range                     cstackBANK0   00079
BroadcastJitter@t1                        cstackBANK0   00071
BroadcastJitter@t2                        cstackBANK0   00075
DELAY_10us@cyclesRequiredForEntireDelay   cstackBANK0   00070
DELAY_10us@tenMicroSecondCounter          cstackBANK0   0006C
DELAY_ms@cyclesRequiredForEntireDelay     cstackBANK0   0006E
DELAY_ms@ms                               cstackBANK0   0006C
EEPROMRead@addr                           cstackBANK0   00064
EEPROMRead@count                          cstackBANK0   00065
EEPROMRead@dest                           cstackBANK0   00062
InitMRF24J40@_dcnt                        cstackBANK0   0006B
InitMRF24J40@_dcnt_3131                   cstackBANK0   0006F
InitMRF24J40@_ms                          cstackBANK0   00073
InitMRF24J40@_ms_3132                     cstackBANK0   00077
InitMRF24J40@i                            cstackBANK0   0007D
InitMRF24J40@j                            cstackBANK0   0007B
LCD_Display@delay                         cstackBANK0   00090
LCD_Display@i                             cstackBANK0   00091
LCD_Display@text                          cstackBANK0   0008D
LCD_Display@value                         cstackBANK0   0008F
LCD_Update@i                              cstackBANK0   00063
LCD_WriteCmd@data                         cstackBANK0   00062
LCD_WriteData@data                        cstackBANK0   00062
MiApp_BroadcastPacket@SecEn               cstackBANK0   0009D
MiApp_BroadcastPacket@i                   cstackBANK0   0009E
MiApp_ConnectionMode@Mode                 cstackBANK0   00061
MiApp_EstablishConnection@ActiveScanIndex cstackBANK1   001ED
MiApp_EstablishConnection@Mode            cstackBANK1   001DA
MiApp_EstablishConnection@i               cstackBANK1   001EC
MiApp_EstablishConnection@retry           cstackBANK1   001EB
MiApp_EstablishConnection@t1              cstackBANK1   001E3
MiApp_EstablishConnection@t2              cstackBANK1   001E7
MiApp_NoiseDetection@ChannelMap           cstackBANK0   0006B
MiApp_NoiseDetection@DetectionMode        cstackBANK0   00070
MiApp_NoiseDetection@OptimalChannel       cstackBANK0   0008B
MiApp_NoiseDetection@RSSIValue            cstackBANK0   00071
MiApp_NoiseDetection@RSSIcheck            cstackBANK0   0008E
MiApp_NoiseDetection@ScanDuration         cstackBANK0   0006F
MiApp_NoiseDetection@channelMask          cstackBANK0   0007F
MiApp_NoiseDetection@i                    cstackBANK0   00090
MiApp_NoiseDetection@j                    cstackBANK0   0008C
MiApp_NoiseDetection@k                    cstackBANK0   0008D
MiApp_NoiseDetection@maxRSSI              cstackBANK0   00091
MiApp_NoiseDetection@minRSSI              cstackBANK0   0008F
MiApp_NoiseDetection@t1                   cstackBANK0   00083
MiApp_NoiseDetection@t2                   cstackBANK0   00087
MiApp_ProtocolInit@MIP                    cstackBANK0   00084
MiApp_ProtocolInit@bNetworkFreezer        cstackBANK0   00083
MiApp_ProtocolInit@i                      cstackBANK0   00087
MiApp_SearchConnection@ChannelMap         cstackBANK0   000DA
MiApp_SearchConnection@ScanDuration       cstackBANK0   000F6
MiApp_SearchConnection@backupChannel      cstackBANK0   000F7
MiApp_SearchConnection@channelMask        cstackBANK0   000EA
MiApp_SearchConnection@i                  cstackBANK0   000F8
MiApp_SearchConnection@t1                 cstackBANK0   000EE
MiApp_SearchConnection@t2                 cstackBANK0   000F2
MiApp_SetChannel@channel                  cstackBANK0   0006A
MiApp_StartConnection@ChannelMap          cstackBANK0   00093
MiApp_StartConnection@Mode                cstackBANK0   00098
MiApp_StartConnection@RSSIValue           cstackBANK0   0009A
MiApp_StartConnection@ScanDuration        cstackBANK0   00092
MiApp_StartConnection@channel             cstackBANK0   00099
MiApp_UnicastAddress@DestAddress          cstackBANK0   000DA
MiApp_UnicastAddress@MiWiFrameControl     cstackBANK0   000F6
MiApp_UnicastAddress@PermanentAddr        cstackBANK0   000DC
MiApp_UnicastAddress@SecEn                cstackBANK0   000DD
MiApp_UnicastAddress@handle               cstackBANK0   000F8
MiApp_UnicastAddress@i                    cstackBANK0   000F7
MiApp_UnicastAddress@t1                   cstackBANK0   000E6
MiApp_UnicastAddress@t1_4078              cstackBANK0   000EE
MiApp_UnicastAddress@t2                   cstackBANK0   000EA
MiApp_UnicastAddress@t2_4089              cstackBANK0   000F2
MiApp_UnicastConnection@ConnectionIndex   cstackBANK0   000EC
MiApp_UnicastConnection@MiWiFrameControl  cstackBANK0   000EB
MiApp_UnicastConnection@SecEn             cstackBANK0   000DA
MiApp_UnicastConnection@t1                cstackBANK0   000E3
MiApp_UnicastConnection@t2                cstackBANK0   000E7
MiMAC_ChannelAssessment@RSSIcheck         cstackBANK0   00068
MiMAC_Init@i                              cstackBANK0   00081
MiMAC_Init@initValue                      cstackBANK0   0007E
MiMAC_ReceivedPacket@addrMode             cstackBANK0   00066
MiMAC_ReceivedPacket@bIntraPAN            cstackBANK0   00068
MiMAC_ReceivedPacket@i                    cstackBANK0   00067
MiMAC_SendPacket@IntraPAN                 cstackBANK0   00098
MiMAC_SendPacket@MACPayload               cstackBANK0   00085
MiMAC_SendPacket@MACPayloadLen            cstackBANK0   00087
MiMAC_SendPacket@frameControl             cstackBANK0   00099
MiMAC_SendPacket@headerLength             cstackBANK0   0009A
MiMAC_SendPacket@i                        cstackBANK0   0009B
MiMAC_SendPacket@loc                      cstackBANK0   0009C
MiMAC_SendPacket@t1                       cstackBANK0   00090
MiMAC_SendPacket@t2                       cstackBANK0   00094
MiMAC_SendPacket@transParam               cstackBANK0   0007E
MiMAC_SetAltAddress@Address               cstackBANK0   00065
MiMAC_SetAltAddress@PANID                 cstackBANK0   00067
MiMAC_SetChannel@channel                  cstackBANK0   00069
MiMAC_SetChannel@offsetFreq               cstackBANK0   00068
MiWiTasks@CapacityByte                    cstackBANK0   000CA
MiWiTasks@CoordAddress                    cstackBANK0   000BD
MiWiTasks@associateStatus                 cstackBANK0   000C1
MiWiTasks@cIndex                          cstackBANK0   000C9
MiWiTasks@coordinatorNumber               cstackBANK0   000C2
MiWiTasks@destPANID                       cstackBANK0   000CC
MiWiTasks@destShortAddress                cstackBANK0   000D0
MiWiTasks@entry                           cstackBANK0   000C0
MiWiTasks@handle                          cstackBANK0   000D5
MiWiTasks@i                               cstackBANK0   000D9
MiWiTasks@j                               cstackBANK0   000D8
MiWiTasks@j_3812                          cstackBANK0   000D4
MiWiTasks@j_3838                          cstackBANK0   000CE
MiWiTasks@j_3849                          cstackBANK0   000C3
MiWiTasks@j_3880                          cstackBANK0   000CF
MiWiTasks@mask                            cstackBANK0   000BF
MiWiTasks@rxIndex                         cstackBANK0   000CB
MiWiTasks@sourcePANID                     cstackBANK0   000D2
MiWiTasks@sourceShortAddress              cstackBANK0   000D6
MiWiTasks@t1                              cstackBANK0   000C5
MiWiTasks@t2                              cstackBANK0   000B9
MiWi_TickGet@currentTime                  cstackBANK0   00065
MiWi_TickGet@failureCounter               cstackBANK0   00064
OpenSocket@i                              cstackBANK1   001D9
PHYGetLongRAMAddr@address                 cstackBANK0   00062
PHYGetLongRAMAddr@tmpRFIE                 cstackBANK0   00067
PHYGetLongRAMAddr@toReturn                cstackBANK0   00066
PHYGetShortRAMAddr@address                cstackBANK0   00062
PHYGetShortRAMAddr@tmpRFIE                cstackBANK0   00064
PHYGetShortRAMAddr@toReturn               cstackBANK0   00063
PHYSetLongRAMAddr@address                 cstackBANK0   00062
PHYSetLongRAMAddr@tmpRFIE                 cstackBANK0   00067
PHYSetLongRAMAddr@value                   cstackBANK0   00064
PHYSetShortRAMAddr@address                cstackBANK0   00063
PHYSetShortRAMAddr@tmpRFIE                cstackBANK0   00064
PHYSetShortRAMAddr@value                  cstackBANK0   00062
PrintTempLCD@temp                         cstackBANK0   00090
PrintTempLCD@tempF                        cstackBANK0   0008F
RangeDemo@Pkt_Loss_Cnt                    cstackBANK1   001D9
RangeDemo@Run_Demo                        cstackBANK1   001E3
RangeDemo@Tx_Packet                       cstackBANK1   001D8
RangeDemo@pktCmd                          cstackBANK1   001D7
RangeDemo@rssi                            cstackBANK1   001E4
RangeDemo@switch_val                      cstackBANK1   001DE
RangeDemo@tick1                           cstackBANK1   001DF
RangeDemo@tick2                           cstackBANK1   001DA
ReadTempSensor@VBGResult                  cstackBANK0   0008A
ReadTempSensor@i                          cstackBANK0   0009D
ReadTempSensor@temp                       cstackBANK0   00096
ReadTempSensor@tempArray                  cstackBANK0   00090
ReadTempSensor@tempAverage                cstackBANK0   0009A
ReadTempSensor@tempHere                   cstackBANK0   00099
ReadTempSensor@tempValue                  cstackBANK0   00094
Read_MAC_Address@i                        cstackBANK0   00068
RouteMessage@PANID                        cstackBANK0   000A5
RouteMessage@SecEn                        cstackBANK0   000A9
RouteMessage@ShortAddress                 cstackBANK0   000A7
RouteMessage@i                            cstackBANK0   000AE
RouteMessage@parentNode                   cstackBANK0   000AD
SPIPut2@i                                 cstackBANK0   00060
SPIPut2@v                                 cstackBANK0   00061
SPIPut@i                                  cstackBANK0   00060
SPIPut@v                                  cstackBANK0   00061
SSTGetID@dest                             cstackBANK0   00062
SaveIndirectMessage@Broadcast             cstackBANK0   00073
SaveIndirectMessage@DestinationAddress    cstackBANK0   0006B
SaveIndirectMessage@DestinationPANID      cstackBANK0   00069
SaveIndirectMessage@SecurityEnabled       cstackBANK0   0006E
SaveIndirectMessage@i                     cstackBANK0   00075
SaveIndirectMessage@isAltAddress          cstackBANK0   0006D
SaveIndirectMessage@j                     cstackBANK0   00074
SearchForLongAddress@i                    cstackBANK0   00064
SearchForLongAddress@j                    cstackBANK0   00063
SearchForShortAddress@i                   cstackBANK0   00060
SelfTest@Tx_Success                       cstackBANK1   001DE
SelfTest@Tx_Trials                        cstackBANK1   001DC
SelfTest@myChannel                        cstackBANK1   001DF
SelfTest@scanresult                       cstackBANK1   001DD
SendBeacon@i                              cstackBANK0   000A4
SendIndirectPacket@Address                cstackBANK0   000A4
SendIndirectPacket@AltAddress             cstackBANK0   000A6
SendIndirectPacket@i                      cstackBANK0   000AE
SendIndirectPacket@index                  cstackBANK0   000AD
SendIndirectPacket@isAltAddress           cstackBANK0   000A8
SendIndirectPacket@j                      cstackBANK0   000AC
SendIndirectPacket@packetType             cstackBANK0   000AB
SendMACPacket@Address                     cstackBANK0   0009F
SendMACPacket@ModeMask                    cstackBANK0   000A2
SendMACPacket@PANID                       cstackBANK0   0009D
SendMACPacket@PacketType                  cstackBANK0   000A1
TempDemo@Run_Demo                         cstackBANK1   001E1
TempDemo@VBGResult                        cstackBANK1   001DA
TempDemo@i                                cstackBANK1   001EA
TempDemo@switch_val                       cstackBANK1   001E0
TempDemo@temp                             cstackBANK1   001D7
TempDemo@tick1                            cstackBANK1   001E6
TempDemo@tick2                            cstackBANK1   001E2
TempDemo@tick3                            cstackBANK1   001DC
UnicastShortAddress@DestAddress           cstackBANK0   000AF
_ADCON0                                   (abs)         00FC2
_ADCON0bits                               (abs)         00FC2
_ADCON1                                   (abs)         00FC1
_ADRES                                    (abs)         00FC3
_ANCON0                                   (abs)         00F48
_ANCON1                                   (abs)         00F49
_ANCON1bits                               (abs)         00F49
_AcknowledgementAddr                      bssBANK1      001CC
_AcknowledgementSeq                       dataBANK1     001F6
_ActiveScanResultIndex                    bssBANK0      000F9
_ActiveScanResults                        bssBANK2      0028C
_AddNodeToNetworkTable                    text77        09112
_AdditionalNodeID                         bssCOMRAM     00023
_BUTTON_Pressed                           text41        0893C
_BankIndex                                dataCOMRAM    0003F
_BroadcastJitter                          text74        09858
_BroadcastRecords                         bssBANK1      00100
_ConnMode                                 bssCOMRAM     00024
_ConnectionEntry                          bssBANK1      00151
_ConnectionTable                          bssBANK2      00200
_CurrentNodeIndex                         bssCOMRAM     00025
_DELAY_10us                               text13        09914
_DELAY_ms                                 text37        0951A
_EECON2                                   (abs)         00FA7
_EEPROMRead                               text21        0A434
_EEPROM_Val                               bssBANK1      001C9
_IEEESeqNum                               bssBANK1      00152
_INTCON2bits                              (abs)         00FF1
_INTCONbits                               (abs)         00FF2
_InitMRF24J40                             text64        071DE
_InitSymbolTimer                          text48        0A69A
_LATAbits                                 (abs)         00F89
_LATCbits                                 (abs)         00F8B
_LATDbits                                 (abs)         00F8C
_LATEbits                                 (abs)         00F8D
_LCDText                                  bssBANK1      0018D
_LCD_BacklightOFF                         text40        0A71C
_LCD_BacklightON                          text39        0A718
_LCD_Display                              text25        09EE8
_LCD_Erase                                text33        0A286
_LCD_Initialize                           text19        09CEE
_LCD_Update                               text31        0979A
_LCD_WriteCmd                             text35        0A6C4
_LCD_WriteData                            text32        0A6B0
_MACCurrentChannel                        bssBANK1      00153
_MACInitParams                            bssBANK1      0014A
_MACRxPacket                              bssCOMRAM     0002B
_MAC_PANID                                bssCOMRAM     0003D
_MRF24J40Status                           bssCOMRAM     00026
_MTP                                      bssCOMRAM     00036
_MiApp_BroadcastPacket                    text15        09332
_MiApp_ConnectionMode                     text83        0A584
_MiApp_DiscardMessage                     text81        0A710
_MiApp_EstablishConnection                text49        05BCE
_MiApp_MessageAvailable                   text53        0A6D8
_MiApp_NoiseDetection                     text43        083E4
_MiApp_ProtocolInit                       text46        0861A
_MiApp_SearchConnection                   text52        07CEA
_MiApp_SetChannel                         text69        0A602
_MiApp_StartConnection                    text42        08ED0
_MiApp_UnicastAddress                     text51        065FE
_MiApp_UnicastConnection                  text24        081A6
_MiMAC_ChannelAssessment                  text45        0A23C
_MiMAC_DiscardPacket                      text82        0A626
_MiMAC_Init                               text47        0A13E
_MiMAC_ReceivedPacket                     text68        0436C
_MiMAC_SendPacket                         text62        06108
_MiMAC_SetAltAddress                      text63        09E76
_MiMAC_SetChannel                         text70        0A194
_MiWiAckRequired                          bssCOMRAM     00027
_MiWiCapacityInfo                         bssBANK1      00154
_MiWiSeqNum                               bssBANK0      000FA
_MiWiStateMachine                         bssCOMRAM     00021
_MiWiTasks                                text54        00208
_MiWi_TickGet                             text76        09FB8
_NetFreezerEnable                         bssBANK1      00155
_NodeTemp                                 bssBANK2      002C8
_OSCCON                                   (abs)         00FD3
_OSCTUNEbits                              (abs)         00F9B
_OpenSocket                               text50        06A8C
_PHYGetLongRAMAddr                        text66        09F50
_PHYGetShortRAMAddr                       text65        0A3FE
_PHYSetLongRAMAddr                        text72        0A020
_PHYSetShortRAMAddr                       text71        0A4CC
_PIE1bits                                 (abs)         00F9D
_PIR1bits                                 (abs)         00F9E
_PIR3bits                                 (abs)         00FA4
_PORTBbits                                (abs)         00F81
_PPSCONbits                               (abs)         00EFF
_PrintTempLCD                             text14        07F58
_RPINR1                                   (abs)         00EE7
_RPINR21                                  (abs)         00EFB
_RPOR19                                   (abs)         00ED9
_RPOR21                                   (abs)         00EDB
_RangeDemo                                text23        050F6
_ReadTempSensor                           text3         077B2
_Read_MAC_Address                         text20        08FF4
_Read_VBGVoltage                          text2         0A30E
_RouteMessage                             text56        0567A
_RouterFailures                           bssBANK1      0012A
_RoutingTable                             bssBANK1      00132
_RxBuffer                                 bssBANK3      00300
_SPIGet                                   text67        0A6FC
_SPIGet2                                  text22        0A6F2
_SPIPut                                   text73        0A664
_SPIPut2                                  text36        0A648
_SSP1BUF                                  (abs)         00FC9
_SSP1CON1                                 (abs)         00FC6
_SSP1CON1bits                             (abs)         00FC6
_SSP1STAT                                 (abs)         00FC7
_SSP2BUF                                  (abs)         00F75
_SSP2CON1                                 (abs)         00F72
_SSP2CON1bits                             (abs)         00F72
_SSP2STAT                                 (abs)         00F73
_SSTGetID                                 text17        0A52C
_SST_Val                                  bssBANK1      001D6
_SYSTEM_Initialize                        text18        09A82
_SaveIndirectMessage                      text58        074D0
_ScanTime                                 mediumconst   0FBA7
_SearchForLongAddress                     text80        095F0
_SearchForShortAddress                    text79        09BCC
_SelfTest                                 text16        06EC2
_SendBeacon                               text57        08D82
_SendIndirectPacket                       text59        03B78
_SendMACPacket                            text61        099CE
_T1CON                                    (abs)         00FCD
_T1CONbits                                (abs)         00FCD
_TMR0L                                    (abs)         00FD6
_TMR1H                                    (abs)         00FCF
_TMR1L                                    (abs)         00FCE
_TRISAbits                                (abs)         00F92
_TRISBbits                                (abs)         00F93
_TRISCbits                                (abs)         00F94
_TRISDbits                                (abs)         00F95
_TRISEbits                                (abs)         00F96
_TempDemo                                 text1         04AFA
_TxBuffer                                 bssBANK1      0015A
_TxData                                   bssBANK1      00156
_UnicastShortAddress                      text55        09B30
_UserInterruptHandler                     text90        0A722
_WDTCONbits                               (abs)         00FC0
__CFG_CPUDIV$OSC3_PLL3                    (abs)         00000
__CFG_OSC$INTOSCPLL                       (abs)         00000
__CFG_PLLDIV$2                            (abs)         00000
__CFG_WDTEN$OFF                           (abs)         00000
__CFG_WDTPS$2048                          (abs)         00000
__CFG_XINST$OFF                           (abs)         00000
__HRAM                                    (abs)         00000
__Habs1                                   abs1          00000
__Hbank0                                  bank0         00000
__Hbank1                                  bank1         00000
__Hbank10                                 bank10        00000
__Hbank11                                 bank11        00000
__Hbank12                                 bank12        00000
__Hbank13                                 bank13        00000
__Hbank14                                 bank14        00000
__Hbank2                                  bank2         00000
__Hbank3                                  bank3         00000
__Hbank4                                  bank4         00000
__Hbank5                                  bank5         00000
__Hbank6                                  bank6         00000
__Hbank7                                  bank7         00000
__Hbank8                                  bank8         00000
__Hbank9                                  bank9         00000
__Hbigbss                                 bigbss        00000
__Hbigdata                                bigdata       00000
__Hbigram                                 bigram        00000
__Hbss                                    bss           00000
__HbssBANK0                               bssBANK0      00000
__HbssBANK1                               bssBANK1      00000
__HbssBANK2                               bssBANK2      00000
__HbssBANK3                               bssBANK3      00000
__HbssBANK4                               bssBANK4      00000
__HbssCOMRAM                              bssCOMRAM     00000
__Hcinit                                  cinit         00000
__Hclrtext                                clrtext       00000
__Hcomram                                 comram        00000
__Hconfig                                 config        10000
__Hconst                                  const         00000
__HcstackBANK0                            cstackBANK0   00000
__HcstackBANK1                            cstackBANK1   00000
__HcstackBANK3                            cstackBANK3   00000
__HcstackCOMRAM                           cstackCOMRAM  00000
__Hdata                                   data          00000
__HdataBANK1                              dataBANK1     00000
__HdataCOMRAM                             dataCOMRAM    00000
__Hend_init                               end_init      00208
__Hfarbss                                 farbss        00000
__Hfardata                                fardata       00000
__Hibigdata                               ibigdata      00000
__Hidata                                  idata         00000
__HidataBANK1                             idataBANK1    00000
__HidataCOMRAM                            idataCOMRAM   00000
__Hidloc                                  idloc         00000
__Hifardata                               ifardata      00000
__Hinit                                   init          00204
__Hintcode                                intcode       00204
__Hintcode_body                           intcode_body  00000
__Hintcodelo                              intcodelo     00204
__Hintentry                               intentry      00000
__Hintret                                 intret        00000
__Hintsave_regs                           intsave_regs  00000
__Hirdata                                 irdata        00000
__Hjflash_buffer                          jflash_buffer 0F800
__Hmediumconst                            mediumconst   0FFF8
__HnvFARRAM                               nvFARRAM      00000
__Hnvbit                                  nvbit         00000
__Hnvrram                                 nvrram        00000
__Hparam                                  rparam        00000
__Hpowerup                                powerup       00204
__Hram                                    ram           00000
__Hramtop                                 ramtop        00F00
__Hrbit                                   rbit          00000
__Hrbss                                   rbss          00000
__Hrdata                                  rdata         00000
__Hreset_vec                              reset_vec     00004
__Hrparam                                 rparam        00000
__Hsfr                                    sfr           00000
__Hsmallconst                             smallconst    00000
__Hspace_0                                (abs)         10000
__Hspace_1                                (abs)         00486
__Hspace_2                                (abs)         00000
__Hstack                                  stack         00000
__Hstruct                                 struct        00000
__Htemp                                   temp          00000
__Htext                                   text          00000
__Htext0                                  text0         00000
__Htext1                                  text1         00000
__Htext10                                 text10        00000
__Htext11                                 text11        00000
__Htext12                                 text12        00000
__Htext13                                 text13        00000
__Htext14                                 text14        00000
__Htext15                                 text15        00000
__Htext16                                 text16        00000
__Htext17                                 text17        00000
__Htext18                                 text18        00000
__Htext19                                 text19        00000
__Htext2                                  text2         00000
__Htext20                                 text20        00000
__Htext21                                 text21        00000
__Htext22                                 text22        00000
__Htext23                                 text23        00000
__Htext24                                 text24        00000
__Htext25                                 text25        00000
__Htext26                                 text26        00000
__Htext27                                 text27        00000
__Htext28                                 text28        00000
__Htext29                                 text29        00000
__Htext3                                  text3         00000
__Htext30                                 text30        00000
__Htext31                                 text31        00000
__Htext32                                 text32        00000
__Htext33                                 text33        00000
__Htext34                                 text34        00000
__Htext35                                 text35        00000
__Htext36                                 text36        00000
__Htext37                                 text37        00000
__Htext38                                 text38        00000
__Htext39                                 text39        00000
__Htext4                                  text4         00000
__Htext40                                 text40        00000
__Htext41                                 text41        00000
__Htext42                                 text42        00000
__Htext43                                 text43        00000
__Htext44                                 text44        00000
__Htext45                                 text45        00000
__Htext46                                 text46        00000
__Htext47                                 text47        00000
__Htext48                                 text48        00000
__Htext49                                 text49        00000
__Htext5                                  text5         00000
__Htext50                                 text50        00000
__Htext51                                 text51        00000
__Htext52                                 text52        00000
__Htext53                                 text53        00000
__Htext54                                 text54        00000
__Htext55                                 text55        00000
__Htext56                                 text56        00000
__Htext57                                 text57        00000
__Htext58                                 text58        00000
__Htext59                                 text59        00000
__Htext6                                  text6         00000
__Htext60                                 text60        00000
__Htext61                                 text61        00000
__Htext62                                 text62        00000
__Htext63                                 text63        00000
__Htext64                                 text64        00000
__Htext65                                 text65        00000
__Htext66                                 text66        00000
__Htext67                                 text67        00000
__Htext68                                 text68        00000
__Htext69                                 text69        00000
__Htext7                                  text7         00000
__Htext70                                 text70        00000
__Htext71                                 text71        00000
__Htext72                                 text72        00000
__Htext73                                 text73        00000
__Htext74                                 text74        00000
__Htext75                                 text75        00000
__Htext76                                 text76        00000
__Htext77                                 text77        00000
__Htext78                                 text78        00000
__Htext79                                 text79        00000
__Htext8                                  text8         00000
__Htext80                                 text80        00000
__Htext81                                 text81        00000
__Htext82                                 text82        00000
__Htext83                                 text83        00000
__Htext85                                 text85        00000
__Htext86                                 text86        00000
__Htext87                                 text87        00000
__Htext88                                 text88        00000
__Htext89                                 text89        00000
__Htext9                                  text9         00000
__Htext90                                 text90        00000
__LRAM                                    (abs)         00001
__Labs1                                   abs1          00000
__Lbank0                                  bank0         00000
__Lbank1                                  bank1         00000
__Lbank10                                 bank10        00000
__Lbank11                                 bank11        00000
__Lbank12                                 bank12        00000
__Lbank13                                 bank13        00000
__Lbank14                                 bank14        00000
__Lbank2                                  bank2         00000
__Lbank3                                  bank3         00000
__Lbank4                                  bank4         00000
__Lbank5                                  bank5         00000
__Lbank6                                  bank6         00000
__Lbank7                                  bank7         00000
__Lbank8                                  bank8         00000
__Lbank9                                  bank9         00000
__Lbigbss                                 bigbss        00000
__Lbigdata                                bigdata       00000
__Lbigram                                 bigram        00000
__Lbss                                    bss           00000
__LbssBANK0                               bssBANK0      00000
__LbssBANK1                               bssBANK1      00000
__LbssBANK2                               bssBANK2      00000
__LbssBANK3                               bssBANK3      00000
__LbssBANK4                               bssBANK4      00000
__LbssCOMRAM                              bssCOMRAM     00000
__Lcinit                                  cinit         00000
__Lclrtext                                clrtext       00000
__Lcomram                                 comram        00000
__Lconfig                                 config        0FFF8
__Lconst                                  const         00000
__LcstackBANK0                            cstackBANK0   00000
__LcstackBANK1                            cstackBANK1   00000
__LcstackBANK3                            cstackBANK3   00000
__LcstackCOMRAM                           cstackCOMRAM  00000
__Ldata                                   data          00000
__LdataBANK1                              dataBANK1     00000
__LdataCOMRAM                             dataCOMRAM    00000
__Lend_init                               end_init      00204
__Lfarbss                                 farbss        00000
__Lfardata                                fardata       00000
__Libigdata                               ibigdata      00000
__Lidata                                  idata         00000
__LidataBANK1                             idataBANK1    00000
__LidataCOMRAM                            idataCOMRAM   00000
__Lidloc                                  idloc         00000
__Lifardata                               ifardata      00000
__Linit                                   init          00204
__Lintcode                                intcode       00008
__Lintcode_body                           intcode_body  00000
__Lintcodelo                              intcodelo     00204
__Lintentry                               intentry      00000
__Lintret                                 intret        00000
__Lintsave_regs                           intsave_regs  00000
__Lirdata                                 irdata        00000
__Ljflash_buffer                          jflash_buffer 0F800
__Lmediumconst                            mediumconst   0FBA6
__LnvFARRAM                               nvFARRAM      00000
__Lnvbit                                  nvbit         00000
__Lnvrram                                 nvrram        00000
__Lparam                                  rparam        00000
__Lpowerup                                powerup       00204
__Lram                                    ram           00000
__Lramtop                                 ramtop        00F00
__Lrbit                                   rbit          00000
__Lrbss                                   rbss          00000
__Lrdata                                  rdata         00000
__Lreset_vec                              reset_vec     00000
__Lrparam                                 rparam        00000
__Lsfr                                    sfr           00000
__Lsmallconst                             smallconst    00000
__Lspace_0                                (abs)         00000
__Lspace_1                                (abs)         00000
__Lspace_2                                (abs)         00000
__Lstack                                  stack         00000
__Lstruct                                 struct        00000
__Ltemp                                   temp          00000
__Ltext                                   text          00000
__Ltext0                                  text0         00000
__Ltext1                                  text1         00000
__Ltext10                                 text10        00000
__Ltext11                                 text11        00000
__Ltext12                                 text12        00000
__Ltext13                                 text13        00000
__Ltext14                                 text14        00000
__Ltext15                                 text15        00000
__Ltext16                                 text16        00000
__Ltext17                                 text17        00000
__Ltext18                                 text18        00000
__Ltext19                                 text19        00000
__Ltext2                                  text2         00000
__Ltext20                                 text20        00000
__Ltext21                                 text21        00000
__Ltext22                                 text22        00000
__Ltext23                                 text23        00000
__Ltext24                                 text24        00000
__Ltext25                                 text25        00000
__Ltext26                                 text26        00000
__Ltext27                                 text27        00000
__Ltext28                                 text28        00000
__Ltext29                                 text29        00000
__Ltext3                                  text3         00000
__Ltext30                                 text30        00000
__Ltext31                                 text31        00000
__Ltext32                                 text32        00000
__Ltext33                                 text33        00000
__Ltext34                                 text34        00000
__Ltext35                                 text35        00000
__Ltext36                                 text36        00000
__Ltext37                                 text37        00000
__Ltext38                                 text38        00000
__Ltext39                                 text39        00000
__Ltext4                                  text4         00000
__Ltext40                                 text40        00000
__Ltext41                                 text41        00000
__Ltext42                                 text42        00000
__Ltext43                                 text43        00000
__Ltext44                                 text44        00000
__Ltext45                                 text45        00000
__Ltext46                                 text46        00000
__Ltext47                                 text47        00000
__Ltext48                                 text48        00000
__Ltext49                                 text49        00000
__Ltext5                                  text5         00000
__Ltext50                                 text50        00000
__Ltext51                                 text51        00000
__Ltext52                                 text52        00000
__Ltext53                                 text53        00000
__Ltext54                                 text54        00000
__Ltext55                                 text55        00000
__Ltext56                                 text56        00000
__Ltext57                                 text57        00000
__Ltext58                                 text58        00000
__Ltext59                                 text59        00000
__Ltext6                                  text6         00000
__Ltext60                                 text60        00000
__Ltext61                                 text61        00000
__Ltext62                                 text62        00000
__Ltext63                                 text63        00000
__Ltext64                                 text64        00000
__Ltext65                                 text65        00000
__Ltext66                                 text66        00000
__Ltext67                                 text67        00000
__Ltext68                                 text68        00000
__Ltext69                                 text69        00000
__Ltext7                                  text7         00000
__Ltext70                                 text70        00000
__Ltext71                                 text71        00000
__Ltext72                                 text72        00000
__Ltext73                                 text73        00000
__Ltext74                                 text74        00000
__Ltext75                                 text75        00000
__Ltext76                                 text76        00000
__Ltext77                                 text77        00000
__Ltext78                                 text78        00000
__Ltext79                                 text79        00000
__Ltext8                                  text8         00000
__Ltext80                                 text80        00000
__Ltext81                                 text81        00000
__Ltext82                                 text82        00000
__Ltext83                                 text83        00000
__Ltext85                                 text85        00000
__Ltext86                                 text86        00000
__Ltext87                                 text87        00000
__Ltext88                                 text88        00000
__Ltext89                                 text89        00000
__Ltext9                                  text9         00000
__Ltext90                                 text90        00000
__S0                                      (abs)         10000
__S1                                      (abs)         00486
__S2                                      (abs)         00000
___awdiv                                  text44        09438
___awdiv@counter                          cstackBANK0   00064
___awdiv@dividend                         cstackBANK0   00060
___awdiv@divisor                          cstackBANK0   00062
___awdiv@quotient                         cstackBANK0   00066
___awdiv@sign                             cstackBANK0   00065
___ftadd                                  text11        07A6A
___ftadd@exp1                             cstackBANK0   0007A
___ftadd@exp2                             cstackBANK0   00079
___ftadd@f1                               cstackBANK0   0006F
___ftadd@f2                               cstackBANK0   00072
___ftadd@sign                             cstackBANK0   00078
___ftdiv                                  text10        08C2A
___ftdiv@cntr                             cstackBANK0   00084
___ftdiv@exp                              cstackBANK0   00088
___ftdiv@f1                               cstackBANK0   0007B
___ftdiv@f2                               cstackBANK0   0007E
___ftdiv@f3                               cstackBANK0   00085
___ftdiv@sign                             cstackBANK0   00089
___ftge                                   text9         096C6
___ftge@ff1                               cstackBANK0   00060
___ftge@ff2                               cstackBANK0   00063
___ftmul                                  text8         08AB4
___ftmul@cntr                             cstackBANK0   00088
___ftmul@exp                              cstackBANK0   00084
___ftmul@f1                               cstackBANK0   0007B
___ftmul@f2                               cstackBANK0   0007E
___ftmul@f3_as_product                    cstackBANK0   00085
___ftmul@sign                             cstackBANK0   00089
___ftneg                                  text7         0A49A
___ftneg@f1                               cstackBANK0   0006C
___ftpack                                 text12        09228
___ftpack@arg                             cstackBANK0   00060
___ftpack@exp                             cstackBANK0   00063
___ftpack@sign                            cstackBANK0   00064
___fttol                                  text6         087C0
___fttol@exp1                             cstackBANK0   0006E
___fttol@f1                               cstackBANK0   00060
___fttol@lval                             cstackBANK0   0006A
___fttol@sign1                            cstackBANK0   00069
___inthi_sp                               stack         00000
___intlo_sp                               stack         00000
___lbmod                                  text75        0A2CA
___lbmod@counter                          cstackBANK0   00062
___lbmod@dividend                         cstackBANK0   00061
___lbmod@divisor                          cstackBANK0   00060
___lbmod@rem                              cstackBANK0   00063
___lbtoft                                 text5         0A468
___lbtoft@c                               cstackBANK0   0006B
___lmul                                   text38        09D78
___lmul@multiplicand                      cstackBANK0   00064
___lmul@multiplier                        cstackBANK0   00060
___lmul@product                           cstackBANK0   00068
___lwdiv                                  text30        09DFE
___lwdiv@counter                          cstackBANK0   00064
___lwdiv@dividend                         cstackBANK0   00060
___lwdiv@divisor                          cstackBANK0   00062
___lwdiv@quotient                         cstackBANK0   00065
___lwmod                                  text29        0A086
___lwmod@counter                          cstackBANK0   0006B
___lwmod@dividend                         cstackBANK0   00067
___lwmod@divisor                          cstackBANK0   00069
___lwtoft                                 text4         0A4FE
___lwtoft@c                               cstackBANK0   00068
___sp                                     stack         00000
___wmul                                   text28        0A3C8
___wmul@multiplicand                      cstackBANK0   00062
___wmul@multiplier                        cstackBANK0   00060
___wmul@product                           cstackBANK0   00064
__accesstop                               (abs)         00060
__activetblptr                            (abs)         00002
__end_of_AddNodeToNetworkTable            text77        09228
__end_of_BUTTON_Pressed                   text41        08AB4
__end_of_BroadcastJitter                  text74        09914
__end_of_DELAY_10us                       text13        099CE
__end_of_DELAY_ms                         text37        095F0
__end_of_EEPROMRead                       text21        0A468
__end_of_InitMRF24J40                     text64        074D0
__end_of_InitSymbolTimer                  text48        0A6B0
__end_of_LCD_BacklightOFF                 text40        0A720
__end_of_LCD_BacklightON                  text39        0A71C
__end_of_LCD_Display                      text25        09F50
__end_of_LCD_Erase                        text33        0A2CA
__end_of_LCD_Initialize                   text19        09D78
__end_of_LCD_Update                       text31        09858
__end_of_LCD_WriteCmd                     text35        0A6D8
__end_of_LCD_WriteData                    text32        0A6C4
__end_of_MiApp_BroadcastPacket            text15        09438
__end_of_MiApp_ConnectionMode             text83        0A5B0
__end_of_MiApp_DiscardMessage             text81        0A718
__end_of_MiApp_EstablishConnection        text49        06108
__end_of_MiApp_MessageAvailable           text53        0A6E8
__end_of_MiApp_NoiseDetection             text43        0861A
__end_of_MiApp_ProtocolInit               text46        087C0
__end_of_MiApp_SearchConnection           text52        07F58
__end_of_MiApp_SetChannel                 text69        0A626
__end_of_MiApp_StartConnection            text42        08FF4
__end_of_MiApp_UnicastAddress             text51        06A8C
__end_of_MiApp_UnicastConnection          text24        083E4
__end_of_MiMAC_ChannelAssessment          text45        0A286
__end_of_MiMAC_DiscardPacket              text82        0A648
__end_of_MiMAC_Init                       text47        0A194
__end_of_MiMAC_ReceivedPacket             text68        04AFA
__end_of_MiMAC_SendPacket                 text62        065FE
__end_of_MiMAC_SetAltAddress              text63        09EE8
__end_of_MiMAC_SetChannel                 text70        0A1EA
__end_of_MiWiTasks                        text54        01FCA
__end_of_MiWi_TickGet                     text76        0A020
__end_of_OpenSocket                       text50        06EC2
__end_of_PHYGetLongRAMAddr                text66        09FB8
__end_of_PHYGetShortRAMAddr               text65        0A434
__end_of_PHYSetLongRAMAddr                text72        0A086
__end_of_PHYSetShortRAMAddr               text71        0A4FE
__end_of_PrintTempLCD                     text14        081A6
__end_of_RangeDemo                        text23        0567A
__end_of_ReadTempSensor                   text3         07A6A
__end_of_Read_MAC_Address                 text20        09112
__end_of_Read_VBGVoltage                  text2         0A350
__end_of_RouteMessage                     text56        05BCE
__end_of_SPIGet                           text67        0A706
__end_of_SPIGet2                          text22        0A6FC
__end_of_SPIPut                           text73        0A680
__end_of_SPIPut2                          text36        0A664
__end_of_SSTGetID                         text17        0A558
__end_of_SYSTEM_Initialize                text18        09B30
__end_of_SaveIndirectMessage              text58        077B2
__end_of_ScanTime                         mediumconst   0FBE3
__end_of_SearchForLongAddress             text80        096C6
__end_of_SearchForShortAddress            text79        09C64
__end_of_SelfTest                         text16        071DE
__end_of_SendBeacon                       text57        08ED0
__end_of_SendIndirectPacket               text59        0436C
__end_of_SendMACPacket                    text61        09A82
__end_of_TempDemo                         text1         050F6
__end_of_UnicastShortAddress              text55        09BCC
__end_of_UserInterruptHandler             text90        0A724
__end_of___awdiv                          text44        0951A
__end_of___ftadd                          text11        07CEA
__end_of___ftdiv                          text10        08D82
__end_of___ftge                           text9         0979A
__end_of___ftmul                          text8         08C2A
__end_of___ftneg                          text7         0A4CC
__end_of___ftpack                         text12        09332
__end_of___fttol                          text6         0893C
__end_of___lbmod                          text75        0A30E
__end_of___lbtoft                         text5         0A49A
__end_of___lmul                           text38        09DFE
__end_of___lwdiv                          text30        09E76
__end_of___lwmod                          text29        0A0E6
__end_of___lwtoft                         text4         0A52C
__end_of___wmul                           text28        0A3FE
__end_of__initialization                  cinit         09CE4
__end_of__stringdata                      mediumconst   0FFF6
__end_of_dpowers                          mediumconst   0FBF9
__end_of_findNextNetworkEntry             text78        0A390
__end_of_hexpowers                        mediumconst   0FC01
__end_of_high_isr                         intcode       00204
__end_of_isSameAddress                    text60        0A13E
__end_of_isdigit                          text27        0A584
__end_of_main                             text0         030A2
__end_of_memset                           text34        0A3C8
__end_of_octpowers                        mediumconst   0FBEF
__end_of_sprintf                          text26        03B78
__end_ofi2_PHYGetLongRAMAddr              text87        0A23C
__end_ofi2_PHYGetShortRAMAddr             text86        0A5DA
__end_ofi2_PHYSetShortRAMAddr             text85        0A602
__end_ofi2_SPIGet                         text88        0A710
__end_ofi2_SPIPut                         text89        0A69A
__initialization                          cinit         09C64
__mediumconst                             mediumconst   0FBA6
__pbssBANK0                               bssBANK0      000F9
__pbssBANK1                               bssBANK1      00100
__pbssBANK2                               bssBANK2      00200
__pbssBANK3                               bssBANK3      00300
__pbssBANK4                               bssBANK4      00400
__pbssCOMRAM                              bssCOMRAM     00021
__pcinit                                  cinit         09C64
__pcstackBANK0                            cstackBANK0   00060
__pcstackBANK1                            cstackBANK1   001D7
__pcstackBANK3                            cstackBANK3   003A0
__pcstackCOMRAM                           cstackCOMRAM  00001
__pdataBANK1                              dataBANK1     001F6
[...]
 Hardware stack levels used:    1
 Hardware stack levels required when called:    4
 This function calls:
		Nothing
 This function is called by:
		_MiMAC_ReceivedPacket
		_MiWiTasks
		_MiApp_DiscardMessage
 This function uses a non-reentrant model


 *************** function _MiApp_ConnectionMode *****************
 Defined at:
		line 3881 in file "miwi_mesh.c"
 Parameters:    Size  Location     Type
  Mode            1    wreg     unsigned char 
 Auto vars:     Size  Location     Type
  Mode            1    1[BANK0 ] unsigned char 
 Return value:  Size  Location     Type
		None               void
 Registers used:
		wreg, status,2, status,0
 Tracked objects:
		On entry : 
		On exit  : 
		Unchanged: 
 Data sizes:     COMRAM   BANK0   BANK1   BANK2   BANK3   BANK4   BANK5   BANK6   BANK7   BANK8   BANK9  BANK10  BANK11  BANK12  BANK13  BANK14
      Params:         0       0       0       0       0       0       0       0       0       0       0       0       0       0       0       0
      Locals:         0       1       0       0       0       0       0       0       0       0       0       0       0       0       0       0
      Temps:          0       1       0       0       0       0       0       0       0       0       0       0       0       0       0       0
      Totals:         0       2       0       0       0       0       0       0       0       0       0       0       0       0       0       0
Total ram usage:        2 bytes
 Hardware stack levels used:    1
 Hardware stack levels required when called:    4
 This function calls:
		Nothing
 This function is called by:
		_main
		_MiApp_InitChannelHopping
 This function uses a non-reentrant model


 *************** function _high_isr *****************
 Defined at:
		line 1852 in file "drv_mrf_miwi_24j40.c"
 Parameters:    Size  Location     Type
		None
 Auto vars:     Size  Location     Type
  results         1   27[COMRAM] struct _DRIVER_UINT8_UNI
  RxBank          1   30[COMRAM] unsigned char 
  flags           2   28[COMRAM] struct .
  i               1   31[COMRAM] unsigned char 
 Return value:  Size  Location     Type
		None               void
 Registers used:
		wreg, fsr2l, fsr2h, status,2, status,0, prodl, prodh, cstack
 Tracked objects:
		On entry : 
		On exit  : 
		Unchanged: 
 Data sizes:     COMRAM   BANK0   BANK1   BANK2   BANK3   BANK4   BANK5   BANK6   BANK7   BANK8   BANK9  BANK10  BANK11  BANK12  BANK13  BANK14
      Params:         0       0       0       0       0       0       0       0       0       0       0       0       0       0       0       0
      Locals:         5       0       0       0       0       0       0       0       0       0       0       0       0       0       0       0
      Temps:         19       0       0       0       0       0       0       0       0       0       0       0       0       0       0       0
      Totals:        24       0       0       0       0       0       0       0       0       0       0       0       0       0       0       0
Total ram usage:       24 bytes
 Hardware stack levels used:    1
 Hardware stack levels required when called:    3
 This function calls:
		_UserInterruptHandler
		i2_PHYGetLongRAMAddr
		i2_PHYGetShortRAMAddr
		i2_PHYSetShortRAMAddr
 This function is called by:
		Interrupt level 2
 This function uses a non-reentrant model


 *************** function i2_PHYSetShortRAMAddr *****************
 Defined at:
		line 124 in file "drv_mrf_miwi_24j40.c"
 Parameters:    Size  Location     Type
  address         1    wreg     unsigned char 
  value           1    2[COMRAM] unsigned char 
 Auto vars:     Size  Location     Type
  address         1    3[COMRAM] unsigned char 
  PHYSetShortR    1    4[COMRAM] volatile unsigned char 
 Return value:  Size  Location     Type
		None               void
 Registers used:
		wreg, status,2, cstack
 Tracked objects:
		On entry : 
		On exit  : 
		Unchanged: 
 Data sizes:     COMRAM   BANK0   BANK1   BANK2   BANK3   BANK4   BANK5   BANK6   BANK7   BANK8   BANK9  BANK10  BANK11  BANK12  BANK13  BANK14
      Params:         1       0       0       0       0       0       0       0       0       0       0       0       0       0       0       0
      Locals:         2       0       0       0       0       0       0       0       0       0       0       0       0       0       0       0
      Temps:          0       0       0       0       0       0       0       0       0       0       0       0       0       0       0       0
      Totals:         3       0       0       0       0       0       0       0       0       0       0       0       0       0       0       0
Total ram usage:        3 bytes
 Hardware stack levels used:    1
 Hardware stack levels required when called:    1
 This function calls:
		i2_SPIPut
 This function is called by:
		_high_isr
 This function uses a non-reentrant model


 *************** function i2_PHYGetShortRAMAddr *****************
 Defined at:
		line 154 in file "drv_mrf_miwi_24j40.c"
 Parameters:    Size  Location     Type
  address         1    wreg     unsigned char 
 Auto vars:     Size  Location     Type
  address         1    2[COMRAM] unsigned char 
  PHYGetShortR    1    4[COMRAM] volatile unsigned char 
  PHYGetShortR    1    3[COMRAM] unsigned char 
 Return value:  Size  Location     Type
                  1    wreg      unsigned char 
 Registers used:
		wreg, status,2, cstack
 Tracked objects:
		On entry : 
		On exit  : 
		Unchanged: 
 Data sizes:     COMRAM   BANK0   BANK1   BANK2   BANK3   BANK4   BANK5   BANK6   BANK7   BANK8   BANK9  BANK10  BANK11  BANK12  BANK13  BANK14
      Params:         0       0       0       0       0       0       0       0       0       0       0       0       0       0       0       0
      Locals:         3       0       0       0       0       0       0       0       0       0       0       0       0       0       0       0
      Temps:          0       0       0       0       0       0       0       0       0       0       0       0       0       0       0       0
      Totals:         3       0       0       0       0       0       0       0       0       0       0       0       0       0       0       0
Total ram usage:        3 bytes
 Hardware stack levels used:    1
 Hardware stack levels required when called:    2
 This function calls:
		i2_SPIGet
		i2_SPIPut
 This function is called by:
		_high_isr
 This function uses a non-reentrant model


 *************** function i2_PHYGetLongRAMAddr *****************
 Defined at:
		line 185 in file "drv_mrf_miwi_24j40.c"
 Parameters:    Size  Location     Type
  address         2    2[COMRAM] unsigned int 
 Auto vars:     Size  Location     Type
  PHYGetLongRA    1    7[COMRAM] volatile unsigned char 
  PHYGetLongRA    1    6[COMRAM] unsigned char 
 Return value:  Size  Location     Type
                  1    wreg      unsigned char 
 Registers used:
		wreg, status,2, status,0, cstack
 Tracked objects:
		On entry : 
		On exit  : 
		Unchanged: 
 Data sizes:     COMRAM   BANK0   BANK1   BANK2   BANK3   BANK4   BANK5   BANK6   BANK7   BANK8   BANK9  BANK10  BANK11  BANK12  BANK13  BANK14
      Params:         2       0       0       0       0       0       0       0       0       0       0       0       0       0       0       0
      Locals:         2       0       0       0       0       0       0       0       0       0       0       0       0       0       0       0
      Temps:          2       0       0       0       0       0       0       0       0       0       0       0       0       0       0       0
      Totals:         6       0       0       0       0       0       0       0       0       0       0       0       0       0       0       0
Total ram usage:        6 bytes
 Hardware stack levels used:    1
 Hardware stack levels required when called:    2
 This function calls:
		i2_SPIGet
		i2_SPIPut
 This function is called by:
		_high_isr
 This function uses a non-reentrant model


 *************** function i2_SPIGet *****************
 Defined at:
		line 102 in file "spi.c"
 Parameters:    Size  Location     Type
		None
 Auto vars:     Size  Location     Type
		None
 Return value:  Size  Location     Type
                  1    wreg      unsigned char 
 Registers used:
		wreg, status,2, cstack
 Tracked objects:
		On entry : 
		On exit  : 
		Unchanged: 
 Data sizes:     COMRAM   BANK0   BANK1   BANK2   BANK3   BANK4   BANK5   BANK6   BANK7   BANK8   BANK9  BANK10  BANK11  BANK12  BANK13  BANK14
      Params:         0       0       0       0       0       0       0       0       0       0       0       0       0       0       0       0
      Locals:         0       0       0       0       0       0       0       0       0       0       0       0       0       0       0       0
      Temps:          0       0       0       0       0       0       0       0       0       0       0       0       0       0       0       0
      Totals:         0       0       0       0       0       0       0       0       0       0       0       0       0       0       0       0
Total ram usage:        0 bytes
 Hardware stack levels used:    1
 Hardware stack levels required when called:    1
 This function calls:
		i2_SPIPut
 This function is called by:
		i2_PHYGetShortRAMAddr
		i2_PHYGetLongRAMAddr
 This function uses a non-reentrant model


 *************** function i2_SPIPut *****************
 Defined at:
		line 45 in file "spi.c"
 Parameters:    Size  Location     Type
  v               1    wreg     unsigned char 
 Auto vars:     Size  Location     Type
  v               1    1[COMRAM] unsigned char 
  SPIPut          1    0[COMRAM] unsigned char 
 Return value:  Size  Location     Type
		None               void
 Registers used:
		wreg
 Tracked objects:
		On entry : 
		On exit  : 
		Unchanged: 
 Data sizes:     COMRAM   BANK0   BANK1   BANK2   BANK3   BANK4   BANK5   BANK6   BANK7   BANK8   BANK9  BANK10  BANK11  BANK12  BANK13  BANK14
      Params:         0       0       0       0       0       0       0       0       0       0       0       0       0       0       0       0
      Locals:         2       0       0       0       0       0       0       0       0       0       0       0       0       0       0       0
      Temps:          0       0       0       0       0       0       0       0       0       0       0       0       0       0       0       0
      Totals:         2       0       0       0       0       0       0       0       0       0       0       0       0       0       0       0
Total ram usage:        2 bytes
 Hardware stack levels used:    1
 This function calls:
		Nothing
 This function is called by:
		i2_SPIGet
		i2_PHYSetShortRAMAddr
		i2_PHYGetShortRAMAddr
		i2_PHYGetLongRAMAddr
 This function uses a non-reentrant model


 *************** function _UserInterruptHandler *****************
 Defined at:
		line 186 in file "lcd.c"
 Parameters:    Size  Location     Type
		None
 Auto vars:     Size  Location     Type
		None
 Return value:  Size  Location     Type
		None               void
 Registers used:
		None
 Tracked objects:
		On entry : 
		On exit  : 
		Unchanged: 
 Data sizes:     COMRAM   BANK0   BANK1   BANK2   BANK3   BANK4   BANK5   BANK6   BANK7   BANK8   BANK9  BANK10  BANK11  BANK12  BANK13  BANK14
      Params:         0       0       0       0       0       0       0       0       0       0       0       0       0       0       0       0
      Locals:         0       0       0       0       0       0       0       0       0       0       0       0       0       0       0       0
      Temps:          0       0       0       0       0       0       0       0       0       0       0       0       0       0       0       0
      Totals:         0       0       0       0       0       0       0       0       0       0       0       0       0       0       0       0
Total ram usage:        0 bytes
 Hardware stack levels used:    1
 This function calls:
		Nothing
 This function is called by:
		_high_isr
 This function uses a non-reentrant model



MODULE INFORMATION

Module		Function		Class		Link	Load	Size
C:\Program Files\Microchip\xc8\v1.33\sources\common\ftge.c
		___ftge        		CODE           	96C6	0000	212

C:\Program Files\Microchip\xc8\v1.33\sources\common\ftge.c estimated size: 212

drv_mrf_miwi_24j40.c
		_PHYGetLongRAMA		CODE           	9F50	0000	104
		_PHYSetLongRAMA		CODE           	A020	0000	102
		_PHYGetShortRAM		CODE           	A3FE	0000	54
		_PHYSetShortRAM		CODE           	A4CC	0000	50
		_InitMRF24J40  		CODE           	71DE	0000	754
		_MiMAC_Received		CODE           	436C	0000	1934
		_MiMAC_DiscardP		CODE           	A626	0000	34
		_high_isr      		CODE           	0008	0000	508
		_MiMAC_ChannelA		CODE           	A23C	0000	74
		_MiMAC_SetChann		CODE           	A194	0000	86
		_MiMAC_Init    		CODE           	A13E	0000	86
		_MiMAC_SendPack		CODE           	6108	0000	1270
		_MiMAC_SetAltAd		CODE           	9E76	0000	114

drv_mrf_miwi_24j40.c estimated size: 5170

delay.c
		_DELAY_ms      		CODE           	951A	0000	214
		_DELAY_10us    		CODE           	9914	0000	186

delay.c estimated size: 400

C:\Program Files\Microchip\xc8\v1.33\sources\common\Umul32.c
		___lmul        		CODE           	9D78	0000	134

C:\Program Files\Microchip\xc8\v1.33\sources\common\Umul32.c estimated size: 134

button.c
		_BUTTON_Pressed		CODE           	893C	0000	376

button.c estimated size: 376

C:\Program Files\Microchip\xc8\v1.33\sources\common\ftmul.c
		___ftmul       		CODE           	8AB4	0000	374

C:\Program Files\Microchip\xc8\v1.33\sources\common\ftmul.c estimated size: 374

C:\Program Files\Microchip\xc8\v1.33\sources\common\isdigit.c
		_isdigit       		CODE           	A558	0000	44

C:\Program Files\Microchip\xc8\v1.33\sources\common\isdigit.c estimated size: 44

C:\Program Files\Microchip\xc8\v1.33\sources\common\ftdiv.c
		___ftdiv       		CODE           	8C2A	0000	344

C:\Program Files\Microchip\xc8\v1.33\sources\common\ftdiv.c estimated size: 344

serial_flash.c
		_SSTGetID      		CODE           	A52C	0000	44

serial_flash.c estimated size: 44

C:\Program Files\Microchip\xc8\v1.33\sources\common\lbtoft.c
		___lbtoft      		CODE           	A468	0000	50

C:\Program Files\Microchip\xc8\v1.33\sources\common\lbtoft.c estimated size: 50

C:\Program Files\Microchip\xc8\v1.33\sources\common\lwdiv.c
		___lwdiv       		CODE           	9DFE	0000	120

C:\Program Files\Microchip\xc8\v1.33\sources\common\lwdiv.c estimated size: 120

C:\Program Files\Microchip\xc8\v1.33\sources\common\memset.c
		_memset        		CODE           	A390	0000	56

C:\Program Files\Microchip\xc8\v1.33\sources\common\memset.c estimated size: 56

C:\Program Files\Microchip\xc8\v1.33\sources\common\awdiv.c
		___awdiv       		CODE           	9438	0000	226

C:\Program Files\Microchip\xc8\v1.33\sources\common\awdiv.c estimated size: 226

C:\Program Files\Microchip\xc8\v1.33\sources\common\lbmod.c
		___lbmod       		CODE           	A2CA	0000	68

C:\Program Files\Microchip\xc8\v1.33\sources\common\lbmod.c estimated size: 68

eeprom.c
		_EEPROMRead    		CODE           	A434	0000	52
		_Read_MAC_Addre		CODE           	8FF4	0000	286

eeprom.c estimated size: 338

C:\Program Files\Microchip\xc8\v1.33\sources\common\fttol.c
		___fttol       		CODE           	87C0	0000	380

C:\Program Files\Microchip\xc8\v1.33\sources\common\fttol.c estimated size: 380

C:\Program Files\Microchip\xc8\v1.33\sources\common\lwtoft.c
		___lwtoft      		CODE           	A4FE	0000	46

C:\Program Files\Microchip\xc8\v1.33\sources\common\lwtoft.c estimated size: 46

symbol.c
		_InitSymbolTime		CODE           	A69A	0000	22
		_MiWi_TickGet  		CODE           	9FB8	0000	104

symbol.c estimated size: 126

C:\Program Files\Microchip\xc8\v1.33\sources\common\ftadd.c
		___ftadd       		CODE           	7A6A	0000	640

C:\Program Files\Microchip\xc8\v1.33\sources\common\ftadd.c estimated size: 640

spi.c
		_SPIPut2       		CODE           	A648	0000	28
		_SPIGet        		CODE           	A6FC	0000	10
		_SPIGet2       		CODE           	A6F2	0000	10
		_SPIPut        		CODE           	A664	0000	28

spi.c estimated size: 76

range_demo.c
		_RangeDemo     		CODE           	50F6	0000	1412

range_demo.c estimated size: 1412

shared
		__stringdata   		MEDIUMCONST    	FC01	0000	1013
		_dpowers       		MEDIUMCONST    	FBEF	0000	10
		_ScanTime      		MEDIUMCONST    	FBA7	0000	60
		i2_PHYGetShortR		CODE           	A5B0	0000	42
		i2_PHYGetLongRA		CODE           	A1EA	0000	82
		i2_PHYSetShortR		CODE           	A5DA	0000	40
		__initializatio		CODE           	9C64	0000	128
		_octpowers     		MEDIUMCONST    	FBE3	0000	12
		i2_SPIGet      		CODE           	A706	0000	10
		_hexpowers     		MEDIUMCONST    	FBF9	0000	8
		i2_SPIPut      		CODE           	A680	0000	26

shared estimated size: 1431

C:\Program Files\Microchip\xc8\v1.33\sources\common\doprnt.c
		_sprintf       		CODE           	30A2	0000	2774

C:\Program Files\Microchip\xc8\v1.33\sources\common\doprnt.c estimated size: 2774

miwi_mesh.c
		_MiApp_NoiseDet		CODE           	83E4	0000	566
		_UnicastShortAd		CODE           	9B30	0000	156
		_MiApp_Establis		CODE           	5BCE	0000	1338
		_MiApp_Protocol		CODE           	861A	0000	422
		_MiApp_UnicastA		CODE           	65FE	0000	1166
		_MiApp_StartCon		CODE           	8ED0	0000	292
		_SendMACPacket 		CODE           	99CE	0000	180
		_SendBeacon    		CODE           	8D82	0000	334
		_SendIndirectPa		CODE           	3B78	0000	2036
		_SearchForLongA		CODE           	95F0	0000	214
		_MiApp_Broadcas		CODE           	9332	0000	262
		_findNextNetwor		CODE           	A350	0000	64
		_SearchForShort		CODE           	9BCC	0000	152
		_MiApp_UnicastC		CODE           	81A6	0000	574
		_OpenSocket    		CODE           	6A8C	0000	1078
		_RouteMessage  		CODE           	567A	0000	1364
		_MiApp_SetChann		CODE           	A602	0000	36
		_SaveIndirectMe		CODE           	74D0	0000	738
		_MiWiTasks     		CODE           	0208	0000	7618
		_MiApp_DiscardM		CODE           	A710	0000	8
		_BroadcastJitte		CODE           	9858	0000	188
		_MiApp_MessageA		CODE           	A6D8	0000	16
		_MiApp_SearchCo		CODE           	7CEA	0000	622
		_isSameAddress 		CODE           	A0E6	0000	88
		_AddNodeToNetwo		CODE           	9112	0000	278
		_MiApp_Connecti		CODE           	A584	0000	44

miwi_mesh.c estimated size: 19834

lcd.c
		_LCD_BacklightO		CODE           	A71C	0000	4
		_LCD_Erase     		CODE           	A286	0000	68
		_LCD_Initialize		CODE           	9CEE	0000	138
		_LCD_Update    		CODE           	979A	0000	190
		_LCD_Display   		CODE           	9EE8	0000	104
		_UserInterruptH		CODE           	A722	0000	2
		_LCD_BacklightO		CODE           	A718	0000	4
		_LCD_WriteCmd  		CODE           	A6C4	0000	20
		_LCD_WriteData 		CODE           	A6B0	0000	20

lcd.c estimated size: 550

C:\Program Files\Microchip\xc8\v1.33\sources\common\Umul16.c
		___wmul        		CODE           	A3C8	0000	54

C:\Program Files\Microchip\xc8\v1.33\sources\common\Umul16.c estimated size: 54

C:\Program Files\Microchip\xc8\v1.33\sources\common\ftneg.c
		___ftneg       		CODE           	A49A	0000	50

C:\Program Files\Microchip\xc8\v1.33\sources\common\ftneg.c estimated size: 50

self_test.c
		_SelfTest      		CODE           	6EC2	0000	796

self_test.c estimated size: 796

C:\Program Files\Microchip\xc8\v1.33\sources\common\float.c
		___ftpack      		CODE           	9228	0000	266

C:\Program Files\Microchip\xc8\v1.33\sources\common\float.c estimated size: 266

main.c
		_main          		CODE           	1FCA	0000	4312

main.c estimated size: 4312

system.c
		_SYSTEM_Initial		CODE           	9A82	0000	174

system.c estimated size: 174

C:\Program Files\Microchip\xc8\v1.33\sources\common\lwmod.c
		___lwmod       		CODE           	A086	0000	96

C:\Program Files\Microchip\xc8\v1.33\sources\common\lwmod.c estimated size: 96

temp_demo.c
		_ReadTempSensor		CODE           	77B2	0000	696
		_PrintTempLCD  		CODE           	7F58	0000	590
		_Read_VBGVoltag		CODE           	A30E	0000	66
		_TempDemo      		CODE           	4AFA	0000	1532

temp_demo.c estimated size: 2884

