Microchip MPLAB XC8 Compiler V1.33 ()

Linker command line:

--edf=C:\Program Files (x86)\Microchip\xc8\v1.33\dat\en_msgs.txt -cs \
  -h+dist/default/production\projet_sansfils.X.production.sym \
  --cmf=dist/default/production\projet_sansfils.X.production.cmf -z \
  -Q18F46J50 -oC:\Users\e1271816\AppData\Local\Temp\s5g4.6 \
  -Mdist/default/production/projet_sansfils.X.production.map -E1 -ver=XC8 \
  -ASTACK=0A00h-0ebfh -pstack=STACK -ACODE=00h-0FFF7h -ACONST=00h-0FFF7h \
  -ASMALLCONST=0F00h-0FFFhx240,0FF00h-0FFF7h -AMEDIUMCONST=0F00h-0FFF7h \
  -ACOMRAM=01h-05Fh -AABS1=00h-0EBFh -ABIGRAM=01h-0EBFh \
  -ARAM=060h-0FFh,0100h-01FFhx13,0E00h-0EBFh -ABANK0=060h-0FFh \
  -ABANK1=0100h-01FFh -ABANK2=0200h-02FFh -ABANK3=0300h-03FFh \
  -ABANK4=0400h-04FFh -ABANK5=0500h-05FFh -ABANK6=0600h-06FFh \
  -ABANK7=0700h-07FFh -ABANK8=0800h-08FFh -ABANK9=0900h-09FFh \
  -ABANK10=0A00h-0AFFh -ABANK11=0B00h-0BFFh -ABANK12=0C00h-0CFFh \
  -ABANK13=0D00h-0DFFh -ABANK14=0E00h-0EBFh \
  -ASFR=0EC0h-0EFFh,0F00h-0F5Fh,0F60h-0FFFh \
  -preset_vec=00h,intcode=08h,intcodelo,powerup,init,end_init \
  -pramtop=0F00h -psmallconst=SMALLCONST -pmediumconst=MEDIUMCONST \
  -pconst=CONST -AFARRAM=00h-00h -ACONFIG=0FFF8h-0FFFFh -pconfig=CONFIG \
  -pjflash_buffer=0F800h \
  -prdata=COMRAM,nvrram=COMRAM,nvbit=COMRAM,rbss=COMRAM,rbit=COMRAM \
  -pfarbss=FARRAM,fardata=FARRAM,nvFARRAM=FARRAM \
  -pintsave_regs=BIGRAM,bigbss=BIGRAM,bigdata=BIGRAM -pbss=RAM \
  -pidata=CODE,irdata=CODE,ibigdata=CODE,ifardata=CODE \
  C:\Users\e1271816\AppData\Local\Temp\s5g4.obj \
  dist/default/production\projet_sansfils.X.production.obj 

Object code version is 3.11

Machine type is 18F46J50

Call graph: (short form)




                Name                               Link     Load   Length Selector   Space Scale
C:\Users\e1271816\AppData\Local\Temp\s5g4.obj
                end_init                            204      204        4        4       0
                reset_vec                             0        0        4        0       0
                config                             FFF8     FFF8        8     FFF8       0
dist/default/production\projet_sansfils.X.production.obj
                intcode                               8        8      1FC        4       0
                mediumconst                        FBC6     FBC6      432     7DE3       0
                text87                             C93A     C93A        2        4       0
                text86                             C884     C884       1A        4       0
                text85                             C91A     C91A        A        4       0
                text84                             C47A     C47A       52        4       0
                text83                             C7D8     C7D8       2A        4       0
                text82                             C802     C802       28        4       0
                text80                             C934     C934        4        4       0
                text79                             C868     C868       1C        4       0
                text78                             C910     C910        A        4       0
                text77                             B5AA     B5AA       E0        4       0
                text76                             C4CC     C4CC       50        4       0
                text75                             B760     B760       D6        4       0
                text74                             BC8A     BC8A       92        4       0
                text73                             C636     C636       40        4       0
                text72                             B3AC     B3AC      11C        4       0
                text71                             C1F2     C1F2       68        4       0
                text70                             C5F2     C5F2       44        4       0
                text69                             BA8A     BA8A       BC        4       0
                text68                             BEC4     BEC4       86        4       0
                text67                             B68A     B68A       D6        4       0
                text66                             C82A     C82A       22        4       0
                text65                             C924     C924        8        4       0
                text64                             C84C     C84C       1C        4       0
                text63                             C25A     C25A       66        4       0
                text62                             C74E     C74E       32        4       0
                text61                             C424     C424       56        4       0
                text60                             C566     C566       48        4       0
                text59                             C906     C906        A        4       0
                text58                             C18A     C18A       68        4       0
                text57                             C6E4     C6E4       36        4       0
                text56                             C51C     C51C       4A        4       0
                text55                             B4C8     B4C8       E2        4       0
                text54                             A5D2     A5D2      270        4       0
                text53                             6AFA     6AFA      78E        4       0
                text52                             9FFE     9FFE      2F2        4       0
                text51                             C042     C042       76        4       0
                text50                             87A8     87A8      502        4       0
                text49                             A2F0     A2F0      2E2        4       0
                text48                             B01E     B01E      142        4       0
                text47                             B836     B836       D2        4       0
                text46                             B160     B160      12E        4       0
                text45                             C320     C320       58        4       0
                text44                             5B26     5B26      840        4       0
                text43                             BD1C     BD1C       90        4       0
                text42                             6366     6366      794        4       0
                text41                             8CAA     8CAA      48C        4       0
                text40                             BDAC     BDAC       8E        4       0
                text39                             B908     B908       C4        4       0
                text38                              208      208     3D70        4       0
                text37                             C8EC     C8EC       10        4       0
                text36                             AAAA     AAAA      268        4       0
                text35                             7D74     7D74      52C        4       0
                text34                             9136     9136      482        4       0
                text33                             82A0     82A0      508        4       0
                text32                             C89E     C89E       16        4       0
                text31                             C3CE     C3CE       56        4       0
                text30                             C378     C378       56        4       0
                text29                             AD12     AD12      194        4       0
                text28                             C0B8     C0B8       6A        4       0
                text27                             780C     780C      568        4       0
                text26                             9CF2     9CF2      30C        4       0
                text25                             AEA6     AEA6      178        4       0
                text24                             C930     C930        4        4       0
                text23                             C92C     C92C        4        4       0
                text22                             C8C8     C8C8       14        4       0
                text21                             C676     C676       38        4       0
                text20                             C5AE     C5AE       44        4       0
                text19                             C8B4     C8B4       14        4       0
                text18                             B9CC     B9CC       BE        4       0
                text17                             BFCA     BFCA       78        4       0
                text16                             C2C0     C2C0       60        4       0
                text15                             C6AE     C6AE       36        4       0
                text14                             C7AC     C7AC       2C        4       0
                text13                             5050     5050      AD6        4       0
                text12                             C122     C122       68        4       0
                text11                             A842     A842      268        4       0
                text10                             7288     7288      584        4       0
                text9                              C71A     C71A       34        4       0
                text8                              B28E     B28E      11E        4       0
                text7                              BE3A     BE3A       8A        4       0
                text6                              BB46     BB46       AE        4       0
                text5                              C780     C780       2C        4       0
                text4                              99CA     99CA      328        4       0
                text3                              C8DC     C8DC       10        4       0
                text2                              BF4A     BF4A       80        4       0
                text1                              95B8     95B8      412        4       0
                text0                              3F78     3F78     10D8        4       0
                cstackCOMRAM                          1        1       20        1       1
                cstackBANK0                          60       60       9F       60       1
                cstackBANK1                         1B5      1B5       2E      100       1
                cstackBANK4                         4A0      4A0       1B      400       1
                bssBANK6                            600      600       80      600       1
                bssBANK5                            500      500       86      500       1
                bssBANK4                            400      400       A0      400       1
                bssBANK3                            300      300       EE      300       1
                bssBANK2                            200      200       F5      200       1
                dataBANK1                           1E3      1E3        A      100       1
                bssBANK1                            100      100       B5      100       1
                dataCOMRAM                           3F       3F        2        1       1
                bssCOMRAM                            21       21       1E        1       1
                cinit                              BBF4     BBF4       96        4       0
                idataBANK1                         C8FC     C8FC        A        4       0
                idataCOMRAM                        C938     C938        2        4       0

TOTAL           Name                               Link     Load   Length     Space
        CLASS   STACK          

        CLASS   CODE           
                end_init                            204      204        4         0
                intcode                               8        8      1FC         0
                reset_vec                             0        0        4         0
                text87                             C93A     C93A        2         0
                text86                             C884     C884       1A         0
                text85                             C91A     C91A        A         0
                text84                             C47A     C47A       52         0
                text83                             C7D8     C7D8       2A         0
                text82                             C802     C802       28         0
                text80                             C934     C934        4         0
                text79                             C868     C868       1C         0
                text78                             C910     C910        A         0
                text77                             B5AA     B5AA       E0         0
                text76                             C4CC     C4CC       50         0
                text75                             B760     B760       D6         0
                text74                             BC8A     BC8A       92         0
                text73                             C636     C636       40         0
                text72                             B3AC     B3AC      11C         0
                text71                             C1F2     C1F2       68         0
                text70                             C5F2     C5F2       44         0
                text69                             BA8A     BA8A       BC         0
                text68                             BEC4     BEC4       86         0
                text67                             B68A     B68A       D6         0
                text66                             C82A     C82A       22         0
                text65                             C924     C924        8         0
                text64                             C84C     C84C       1C         0
                text63                             C25A     C25A       66         0
                text62                             C74E     C74E       32         0
                text61                             C424     C424       56         0
                text60                             C566     C566       48         0
                text59                             C906     C906        A         0
                text58                             C18A     C18A       68         0
                text57                             C6E4     C6E4       36         0
                text56                             C51C     C51C       4A         0
                text55                             B4C8     B4C8       E2         0
                text54                             A5D2     A5D2      270         0
                text53                             6AFA     6AFA      78E         0
                text52                             9FFE     9FFE      2F2         0
                text51                             C042     C042       76         0
                text50                             87A8     87A8      502         0
                text49                             A2F0     A2F0      2E2         0
                text48                             B01E     B01E      142         0
                text47                             B836     B836       D2         0
                text46                             B160     B160      12E         0
                text45                             C320     C320       58         0
                text44                             5B26     5B26      840         0
                text43                             BD1C     BD1C       90         0
                text42                             6366     6366      794         0
                text41                             8CAA     8CAA      48C         0
                text40                             BDAC     BDAC       8E         0
                text39                             B908     B908       C4         0
                text38                              208      208     3D70         0
                text37                             C8EC     C8EC       10         0
                text36                             AAAA     AAAA      268         0
                text35                             7D74     7D74      52C         0
                text34                             9136     9136      482         0
                text33                             82A0     82A0      508         0
                text32                             C89E     C89E       16         0
                text31                             C3CE     C3CE       56         0
                text30                             C378     C378       56         0
                text29                             AD12     AD12      194         0
                text28                             C0B8     C0B8       6A         0
                text27                             780C     780C      568         0
                text26                             9CF2     9CF2      30C         0
                text25                             AEA6     AEA6      178         0
                text24                             C930     C930        4         0
                text23                             C92C     C92C        4         0
                text22                             C8C8     C8C8       14         0
                text21                             C676     C676       38         0
                text20                             C5AE     C5AE       44         0
                text19                             C8B4     C8B4       14         0
                text18                             B9CC     B9CC       BE         0
                text17                             BFCA     BFCA       78         0
                text16                             C2C0     C2C0       60         0
                text15                             C6AE     C6AE       36         0
                text14                             C7AC     C7AC       2C         0
                text13                             5050     5050      AD6         0
                text12                             C122     C122       68         0
                text11                             A842     A842      268         0
                text10                             7288     7288      584         0
                text9                              C71A     C71A       34         0
                text8                              B28E     B28E      11E         0
                text7                              BE3A     BE3A       8A         0
                text6                              BB46     BB46       AE         0
                text5                              C780     C780       2C         0
                text4                              99CA     99CA      328         0
                text3                              C8DC     C8DC       10         0
                text2                              BF4A     BF4A       80         0
                text1                              95B8     95B8      412         0
                text0                              3F78     3F78     10D8         0
                cinit                              BBF4     BBF4       96         0
                idataBANK1                         C8FC     C8FC        A         0
                idataCOMRAM                        C938     C938        2         0

        CLASS   CONST          

        CLASS   SMALLCONST     

        CLASS   MEDIUMCONST    
                mediumconst                        FBC6     FBC6      432         0

        CLASS   COMRAM         
                cstackCOMRAM                          1        1       20         1
                dataCOMRAM                           3F       3F        2         1
                bssCOMRAM                            21       21       1E         1

        CLASS   ABS1           

        CLASS   BIGRAM         

        CLASS   RAM            

        CLASS   BANK0          
                cstackBANK0                          60       60       9F         1

        CLASS   BANK1          
                cstackBANK1                         1B5      1B5       2E         1
                dataBANK1                           1E3      1E3        A         1
                bssBANK1                            100      100       B5         1

        CLASS   BANK2          
                bssBANK2                            200      200       F5         1

        CLASS   BANK3          
                bssBANK3                            300      300       EE         1

        CLASS   BANK4          
                cstackBANK4                         4A0      4A0       1B         1
                bssBANK4                            400      400       A0         1

        CLASS   BANK5          
                bssBANK5                            500      500       86         1

        CLASS   BANK6          
                bssBANK6                            600      600       80         1

        CLASS   BANK7          

        CLASS   BANK8          

        CLASS   BANK9          

        CLASS   BANK10         

        CLASS   BANK11         

        CLASS   BANK12         

        CLASS   BANK13         

        CLASS   BANK14         

        CLASS   SFR            

        CLASS   FARRAM         

        CLASS   CONFIG         
                config                             FFF8     FFF8        8         0

        CLASS   IDLOC          



SEGMENTS        Name                           Load    Length   Top    Selector   Space  Class

                reset_vec                      000000  000004  000004         0       0  CODE    
                cstackCOMRAM                   000001  000040  000041         1       1  COMRAM  
                intcode                        000008  00C934  00C93C         4       0  CODE    
                cstackBANK0                    000060  00009F  0000FF        60       1  BANK0   
                bssBANK1                       000100  0000ED  0001ED       100       1  BANK1   
                bssBANK2                       000200  0000F5  0002F5       200       1  BANK2   
                bssBANK3                       000300  0000EE  0003EE       300       1  BANK3   
                bssBANK4                       000400  0000BB  0004BB       400       1  BANK4   
                bssBANK5                       000500  000086  000586       500       1  BANK5   
                bssBANK6                       000600  000080  000680       600       1  BANK6   
                mediumconst                    00FBC6  000432  00FFF8      7DE3       0  MEDIUMCO
                config                         00FFF8  000008  010000      FFF8       0  CONFIG  


UNUSED ADDRESS RANGES

        Name                Unused          Largest block    Delta
        BANK0            000FF-000FF               1
        BANK1            001ED-001FF              13
        BANK10           00A00-00AFF             100
        BANK11           00B00-00BFF             100
        BANK12           00C00-00CFF             100
        BANK13           00D00-00DFF             100
        BANK14           00E00-00EBF              C0
        BANK2            002F5-002FF               B
        BANK3            003EE-003FF              12
        BANK4            004BB-004FF              45
        BANK5            00586-005FF              7A
        BANK6            00680-006FF              80
        BANK7            00700-007FF             100
        BANK8            00800-008FF             100
        BANK9            00900-009FF             100
        BIGRAM           00041-0005F              1F
                         000FF-000FF               1
                         001ED-001FF              13
                         002F5-002FF               B
                         003EE-003FF              12
                         004BB-004FF              45
                         00586-005FF              7A
                         00680-00EBF             840
        CODE             00004-00007               4
                         0C93C-0FBC5            328A
        COMRAM           00041-0005F              1F
        CONST            00004-00007               4
                         0C93C-0FBC5            328A
        MEDIUMCONST      0C93C-0FBC5            328A
        RAM              000FF-000FF               1
                         001ED-001FF              13
                         002F5-002FF               B
                         003EE-003FF              12
                         004BB-004FF              45
                         00586-005FF              7A
                         00680-00EBF             100
        SFR              00EC0-00FFF              60
        SMALLCONST       0C93C-0FBC5             100
        STACK            00A00-00EBF             4C0

                                  Symbol Table

?_MiWi_TickGet                              cstackBANK0   00060
?___awdiv                                   cstackBANK0   00060
?___awmod                                   cstackBANK0   00060
?___lmul                                    cstackBANK0   00060
?___lwdiv                                   cstackBANK0   00060
?___lwmod                                   cstackBANK0   00067
?___wmul                                    cstackBANK0   00060
?_sprintf                                   cstackBANK0   0006C
AddNodeToNetworkTable@handle                cstackBANK0   00068
AddNodeToNetworkTable@i                     cstackBANK0   00067
BUTTON_Pressed@result                       cstackBANK0   00075
BUTTON_Pressed@t                            cstackBANK0   00071
BUTTON_Pressed@tickDifference               cstackBANK0   0006D
BroadcastJitter@jitter                      cstackBANK0   0007A
BroadcastJitter@range                       cstackBANK0   00079
BroadcastJitter@t1                          cstackBANK0   00071
BroadcastJitter@t2                          cstackBANK0   00075
DELAY_ms@cyclesRequiredForEntireDelay       cstackBANK0   0006E
DELAY_ms@ms                                 cstackBANK0   0006C
EEPROMRead@addr                             cstackBANK0   00064
EEPROMRead@count                            cstackBANK0   00065
EEPROMRead@dest                             cstackBANK0   00062
FindDepth@depth                             cstackBANK0   00061
FindDepth@loopCheck                         cstackBANK0   00060
FindDepth@nodeMSB                           cstackBANK0   00063
FindDepth@target                            cstackBANK0   00062
FindRoutingPath@destMSB                     cstackBANK0   00071
FindRoutingPath@destRole                    cstackBANK0   0006E
FindRoutingPath@i                           cstackBANK0   00074
FindRoutingPath@j                           cstackBANK0   00070
FindRoutingPath@k                           cstackBANK0   00072
FindRoutingPath@loopCheck                   cstackBANK0   0006F
FindRoutingPath@target                      cstackBANK0   00073
FindRoutingPath@treeSteps                   cstackBANK0   0006D
InitMRF24J40@_dcnt                          cstackBANK0   0006B
InitMRF24J40@_dcnt_2975                     cstackBANK0   0006F
InitMRF24J40@_ms                            cstackBANK0   00073
InitMRF24J40@_ms_2976                       cstackBANK0   00077
InitMRF24J40@i                              cstackBANK0   0007D
InitMRF24J40@j                              cstackBANK0   0007B
LCD_Display@delay                           cstackBANK0   00090
LCD_Display@i                               cstackBANK0   00091
LCD_Display@text                            cstackBANK0   0008D
LCD_Display@value                           cstackBANK0   0008F
LCD_Update@i                                cstackBANK0   00063
LCD_WriteCmd@data                           cstackBANK0   00062
LCD_WriteData@data                          cstackBANK0   00062
MiApp_BroadcastPacket@SecEn                 cstackBANK0   000A0
MiApp_ConnectionMode@Mode                   cstackBANK0   0006E
MiApp_EstablishConnection@ActiveScanIndex   cstackBANK1   001DA
MiApp_EstablishConnection@Mode              cstackBANK0   000F9
MiApp_EstablishConnection@i                 cstackBANK1   001D9
MiApp_EstablishConnection@retry             cstackBANK1   001D8
MiApp_EstablishConnection@t1                cstackBANK1   001D0
MiApp_EstablishConnection@t2                cstackBANK1   001D4
MiApp_NoiseDetection@ChannelMap             cstackBANK0   0006E
MiApp_NoiseDetection@DetectionMode          cstackBANK0   00073
MiApp_NoiseDetection@OptimalChannel         cstackBANK0   0008F
MiApp_NoiseDetection@RSSIValue              cstackBANK0   00074
MiApp_NoiseDetection@RSSIcheck              cstackBANK0   00091
MiApp_NoiseDetection@ScanDuration           cstackBANK0   00072
MiApp_NoiseDetection@channelMask            cstackBANK0   00082
MiApp_NoiseDetection@i                      cstackBANK0   00094
MiApp_NoiseDetection@j                      cstackBANK0   0008E
MiApp_NoiseDetection@k                      cstackBANK0   00090
MiApp_NoiseDetection@maxRSSI                cstackBANK0   00093
MiApp_NoiseDetection@minRSSI                cstackBANK0   00092
MiApp_NoiseDetection@t1                     cstackBANK0   00086
MiApp_NoiseDetection@t2                     cstackBANK0   0008A
MiApp_ProtocolInit@MIP                      cstackBANK0   00085
MiApp_ProtocolInit@bNetworkFreezer          cstackBANK0   00084
MiApp_ProtocolInit@i                        cstackBANK0   00089
MiApp_ProtocolInit@j                        cstackBANK0   00088
MiApp_SearchConnection@ChannelMap           cstackBANK0   000E9
MiApp_SearchConnection@ScanDuration         cstackBANK1   001C1
MiApp_SearchConnection@backupChannel        cstackBANK1   001C2
MiApp_SearchConnection@channelMask          cstackBANK1   001B5
MiApp_SearchConnection@i                    cstackBANK1   001C3
MiApp_SearchConnection@t1                   cstackBANK1   001B9
MiApp_SearchConnection@t2                   cstackBANK1   001BD
MiApp_SetChannel@channel                    cstackBANK0   0006D
MiApp_StartConnection@ChannelMap            cstackBANK0   00096
MiApp_StartConnection@Mode                  cstackBANK0   0009B
MiApp_StartConnection@RSSIValue             cstackBANK0   0009D
MiApp_StartConnection@ScanDuration          cstackBANK0   00095
MiApp_StartConnection@channel               cstackBANK0   0009C
MiApp_UnicastAddress@DestAddress            cstackBANK0   000E9
MiApp_UnicastAddress@MiWiPROFrameControl    cstackBANK1   001C5
MiApp_UnicastAddress@PermanentAddr          cstackBANK0   000EB
MiApp_UnicastAddress@SecEn                  cstackBANK0   000EC
MiApp_UnicastAddress@handle                 cstackBANK1   001C7
MiApp_UnicastAddress@i                      cstackBANK1   001C6
MiApp_UnicastAddress@t1                     cstackBANK1   001B5
MiApp_UnicastAddress@t1_4261                cstackBANK1   001BD
MiApp_UnicastAddress@t2                     cstackBANK1   001B9
MiApp_UnicastAddress@t2_4272                cstackBANK1   001C1
MiApp_UnicastConnection@ConnectionIndex     cstackBANK0   000FB
MiApp_UnicastConnection@MiWiPROFrameControl cstackBANK0   000FA
MiApp_UnicastConnection@SecEn               cstackBANK0   000E9
MiApp_UnicastConnection@t1                  cstackBANK0   000F2
MiApp_UnicastConnection@t2                  cstackBANK0   000F6
MiMAC_ChannelAssessment@RSSIcheck           cstackBANK0   00068
MiMAC_Init@i                                cstackBANK0   00081
MiMAC_Init@initValue                        cstackBANK0   0007E
MiMAC_ReceivedPacket@addrMode               cstackBANK0   00066
MiMAC_ReceivedPacket@bIntraPAN              cstackBANK0   00068
MiMAC_ReceivedPacket@i                      cstackBANK0   00067
MiMAC_SendPacket@IntraPAN                   cstackBANK0   00098
MiMAC_SendPacket@MACPayload                 cstackBANK0   00085
MiMAC_SendPacket@MACPayloadLen              cstackBANK0   00087
MiMAC_SendPacket@frameControl               cstackBANK0   00099
MiMAC_SendPacket@headerLength               cstackBANK0   0009A
MiMAC_SendPacket@i                          cstackBANK0   0009B
MiMAC_SendPacket@loc                        cstackBANK0   0009C
MiMAC_SendPacket@t1                         cstackBANK0   00090
MiMAC_SendPacket@t2                         cstackBANK0   00094
MiMAC_SendPacket@transParam                 cstackBANK0   0007E
MiMAC_SetAltAddress@Address                 cstackBANK0   00065
MiMAC_SetAltAddress@PANID                   cstackBANK0   00067
MiMAC_SetChannel@channel                    cstackBANK0   00069
MiMAC_SetChannel@offsetFreq                 cstackBANK0   00068
MiWiPROTasks@CapacityByte                   cstackBANK0   000C7
MiWiPROTasks@ChannelMap                     cstackBANK0   000CC
MiWiPROTasks@associateStatus                cstackBANK0   000C1
MiWiPROTasks@associateStatus_3999           cstackBANK0   000C4
MiWiPROTasks@backupChannel                  cstackBANK0   000C0
MiWiPROTasks@cIndex                         cstackBANK0   000E4
MiWiPROTasks@destPANID                      cstackBANK0   000D1
MiWiPROTasks@destShortAddress               cstackBANK0   000E0
MiWiPROTasks@entry                          cstackBANK0   000E3
MiWiPROTasks@entry2                         cstackBANK0   000BC
MiWiPROTasks@entry2_4010                    cstackBANK0   000BF
MiWiPROTasks@entry_3957                     cstackBANK0   000CA
MiWiPROTasks@entry_4000                     cstackBANK0   000BD
MiWiPROTasks@handle                         cstackBANK0   000D0
MiWiPROTasks@handle_3998                    cstackBANK0   000E2
MiWiPROTasks@i                              cstackBANK0   000E8
MiWiPROTasks@index                          cstackBANK0   000C9
MiWiPROTasks@index_3959                     cstackBANK0   000C2
MiWiPROTasks@index_4008                     cstackBANK0   000CB
MiWiPROTasks@initiator                      cstackBANK0   000C3
MiWiPROTasks@j                              cstackBANK0   000C5
MiWiPROTasks@j_3934                         cstackBANK0   000E7
MiWiPROTasks@j_3968                         cstackBANK0   000DB
MiWiPROTasks@j_4001                         cstackBANK0   000D3
MiWiPROTasks@j_4043                         cstackBANK0   000D4
MiWiPROTasks@loopCheck                      cstackBANK0   000BB
MiWiPROTasks@loopCheckTarget                cstackBANK0   000C8
MiWiPROTasks@loopCheck_4009                 cstackBANK0   000BE
MiWiPROTasks@rxIndex                        cstackBANK0   000C6
MiWiPROTasks@sourcePANID                    cstackBANK0   000D5
MiWiPROTasks@sourceShortAddress             cstackBANK0   000E5
MiWiPROTasks@t1                             cstackBANK0   000DC
MiWiPROTasks@t2                             cstackBANK0   000D7
MiWi_TickGet@currentTime                    cstackBANK0   00065
MiWi_TickGet@failureCounter                 cstackBANK0   00064
MultiCast@MultiCastMode                     cstackBANK0   0009E
MultiCast@SecEn                             cstackBANK0   0009D
MultiCast@i                                 cstackBANK0   0009F
NVMInit@result                              cstackBANK0   00066
NVMRead@addr                                cstackBANK0   00064
NVMRead@count                               cstackBANK0   00066
NVMRead@dest                                cstackBANK0   00062
NVMRead@oldRFIE                             cstackBANK0   0006B
NVMWrite@PageCounter                        cstackBANK0   0006C
NVMWrite@addr                               cstackBANK0   00064
NVMWrite@count                              cstackBANK0   00066
NVMWrite@oldRFIE                            cstackBANK0   0006B
NVMWrite@source                             cstackBANK0   00062
NVMalloc@location                           cstackBANK0   00062
NVMalloc@size                               cstackBANK0   00060
OpenSocket@i                                cstackBANK0   000F7
PHYGetLongRAMAddr@address                   cstackBANK0   00062
PHYGetLongRAMAddr@tmpRFIE                   cstackBANK0   00067
PHYGetLongRAMAddr@toReturn                  cstackBANK0   00066
PHYGetShortRAMAddr@address                  cstackBANK0   00062
PHYGetShortRAMAddr@tmpRFIE                  cstackBANK0   00064
PHYGetShortRAMAddr@toReturn                 cstackBANK0   00063
PHYSetLongRAMAddr@address                   cstackBANK0   00062
PHYSetLongRAMAddr@tmpRFIE                   cstackBANK0   00067
PHYSetLongRAMAddr@value                     cstackBANK0   00064
PHYSetShortRAMAddr@address                  cstackBANK0   00063
PHYSetShortRAMAddr@tmpRFIE                  cstackBANK0   00064
PHYSetShortRAMAddr@value                    cstackBANK0   00062
RangeDemo@Pkt_Loss_Cnt                      cstackBANK1   001BF
RangeDemo@Run_Demo                          cstackBANK1   001C9
RangeDemo@Tx_Packet                         cstackBANK1   001BE
RangeDemo@pktCmd                            cstackBANK1   001BD
RangeDemo@rssi                              cstackBANK1   001CA
RangeDemo@switch_val                        cstackBANK1   001C4
RangeDemo@tick1                             cstackBANK1   001C5
RangeDemo@tick2                             cstackBANK1   001C0
Read_MAC_Address@i                          cstackBANK0   00068
RouteMessage@PANID                          cstackBANK0   0009D
RouteMessage@SecEn                          cstackBANK0   000A1
RouteMessage@ShortAddress                   cstackBANK0   0009F
RouteMessage@i                              cstackBANK0   000A8
RouteMessage@i_4070                         cstackBANK0   000A6
RouteMessage@parentNode                     cstackBANK0   000A7
SPIPut2@i                                   cstackBANK0   00060
SPIPut2@v                                   cstackBANK0   00061
SPIPut@i                                    cstackBANK0   00060
SPIPut@v                                    cstackBANK0   00061
SSTGetID@dest                               cstackBANK0   00062
SaveIndirectMessage@Broadcast               cstackBANK0   00073
SaveIndirectMessage@DestinationAddress      cstackBANK0   0006B
SaveIndirectMessage@DestinationPANID        cstackBANK0   00069
SaveIndirectMessage@SecurityEnabled         cstackBANK0   0006E
SaveIndirectMessage@i                       cstackBANK0   00075
SaveIndirectMessage@isAltAddress            cstackBANK0   0006D
SaveIndirectMessage@j                       cstackBANK0   00074
SearchForLongAddress@i                      cstackBANK0   00064
SearchForLongAddress@j                      cstackBANK0   00063
SearchForShortAddress@i                     cstackBANK0   00060
SelfTest@Tx_Success                         cstackBANK1   001C6
SelfTest@Tx_Trials                          cstackBANK1   001C4
SelfTest@myChannel                          cstackBANK1   001C7
SelfTest@scanresult                         cstackBANK1   001C5
SendBeacon@i                                cstackBANK0   000A4
SendIndirectPacket@Address                  cstackBANK0   000A4
SendIndirectPacket@AltAddress               cstackBANK0   000A6
SendIndirectPacket@i                        cstackBANK0   000AE
SendIndirectPacket@index                    cstackBANK0   000AD
SendIndirectPacket@isAltAddress             cstackBANK0   000A8
SendIndirectPacket@j                        cstackBANK0   000AC
SendIndirectPacket@packetType               cstackBANK0   000AB
SendMACPacket@Address                       cstackBANK0   0009F
SendMACPacket@ModeMask                      cstackBANK0   000A2
SendMACPacket@PANID                         cstackBANK0   0009D
SendMACPacket@PacketType                    cstackBANK0   000A1
TempDemo@Run_Demo                           cstackBANK0   000FE
TempDemo@switch_val                         cstackBANK0   000F9
TempDemo@tick1                              cstackBANK0   000FA
TempDemo@tick2                              cstackBANK0   000F5
TempDemo@tick3                              cstackBANK0   000F1
UnicastShortAddress@DestAddress             cstackBANK0   000A9
_ANCON0                                     (abs)         00F48
_ANCON1                                     (abs)         00F49
_AcknowledgementAddr                        bssBANK1      00198
_AcknowledgementSeq                         dataBANK1     001E3
_ActiveScanResultIndex                      bssCOMRAM     00021
_ActiveScanResults                          bssBANK3      00380
_AddNodeToNetworkTable                      text72        0B3AC
_AdditionalNodeID                           bssCOMRAM     00022
_BRG16                                      (abs)         07BF3
_BRGH                                       (abs)         07D6A
_BUTTON_Pressed                             text25        0AEA6
_BankIndex                                  dataCOMRAM    0003F
_BroadcastJitter                            text69        0BA8A
_ConnMode                                   bssCOMRAM     0003B
_ConnectionEntry                            bssBANK1      00126
_ConnectionTable                            bssBANK2      00228
_CurrentNodeIndex                           bssBANK1      00127
_DELAY_ms                                   text67        0B68A
_EECON2                                     (abs)         00FA7
_EEPROMRead                                 text9         0C71A
_EEPROM_Val                                 bssBANK1      00195
_EnergyScanResults                          bssBANK3      00300
_FamilyTree                                 bssBANK2      002D5
_FindDepth                                  text43        0BD1C
_FindRoutingPath                            text42        06366
_FrequencyAgilityInfo                       bssBANK1      00181
_IEEESeqNum                                 bssBANK1      00128
_INTCON2bits                                (abs)         00FF1
_INTCONbits                                 (abs)         00FF2
_InitMRF24J40                               text52        09FFE
_InitSymbolTimer                            text32        0C89E
_LATAbits                                   (abs)         00F89
_LATCbits                                   (abs)         00F8B
_LATDbits                                   (abs)         00F8C
_LATEbits                                   (abs)         00F8D
_LCDText                                    bssBANK2      002B4
_LCD_BacklightOFF                           text24        0C930
_LCD_BacklightON                            text23        0C92C
_LCD_Display                                text12        0C122
_LCD_Erase                                  text20        0C5AE
_LCD_Initialize                             text7         0BE3A
_LCD_Update                                 text18        0B9CC
_LCD_WriteCmd                               text22        0C8C8
_LCD_WriteData                              text19        0C8B4
_MACCurrentChannel                          bssBANK1      00129
_MACInitParams                              bssBANK1      0011F
_MACRxPacket                                bssCOMRAM     00028
_MAC_PANID                                  bssBANK1      0019A
_MRF24J40Status                             bssCOMRAM     00023
_MTP                                        bssBANK1      0018A
_MacroNop                                   text80        0C934
_MiApp_BroadcastPacket                      text3         0C8DC
_MiApp_ConnectionMode                       text76        0C4CC
_MiApp_DiscardMessage                       text65        0C924
_MiApp_EstablishConnection                  text33        082A0
_MiApp_MessageAvailable                     text37        0C8EC
_MiApp_NoiseDetection                       text54        0A5D2
_MiApp_ProtocolInit                         text27        0780C
_MiApp_SearchConnection                     text36        0AAAA
_MiApp_SetChannel                           text60        0C566
_MiApp_StartConnection                      text26        09CF2
_MiApp_UnicastAddress                       text35        07D74
_MiApp_UnicastConnection                    text11        0A842
_MiMAC_ChannelAssessment                    text56        0C51C
_MiMAC_DiscardPacket                        text66        0C82A
_MiMAC_Init                                 text31        0C3CE
_MiMAC_ReceivedPacket                       text53        06AFA
_MiMAC_SendPacket                           text50        087A8
_MiMAC_SetAltAddress                        text51        0C042
_MiMAC_SetChannel                           text61        0C424
_MiWiPROAckRequired                         bssBANK1      0012A
_MiWiPROCapacityInfo                        bssBANK1      0012B
_MiWiPRONVMStatus                           bssBANK1      0012C
_MiWiPROSeqNum                              bssCOMRAM     00024
_MiWiPROStateMachine                        bssCOMRAM     00025
_MiWiPROStatus                              bssCOMRAM     00026
_MiWiPROTasks                               text38        00208
_MiWi_TickGet                               text71        0C1F2
_MultiCast                                  text48        0B01E
_NVMInit                                    text29        0AD12
_NVMRead                                    text28        0C0B8
_NVMWrite                                   text77        0B5AA
_NVMalloc                                   text30        0C378
_NeighborRoutingTable                       bssBANK6      00600
_NetFreezerEnable                           bssBANK1      0012D
_NodeTemp                                   bssBANK3      003BC
_OSCCON                                     (abs)         00FD3
_OSCTUNEbits                                (abs)         00F9B
_OpenSocket                                 text34        09136
_PHYGetLongRAMAddr                          text58        0C18A
_PHYGetShortRAMAddr                         text57        0C6E4
_PHYSetLongRAMAddr                          text63        0C25A
_PHYSetShortRAMAddr                         text62        0C74E
_PIE1bits                                   (abs)         00F9D
_PIR1bits                                   (abs)         00F9E
_PIR3bits                                   (abs)         00FA4
_PORTBbits                                  (abs)         00F81
_PPSCONbits                                 (abs)         00EFF
_PacketRecords                              bssBANK2      00200
_RPINR1                                     (abs)         00EE7
_RPINR21                                    (abs)         00EFB
_RPOR19                                     (abs)         00ED9
_RPOR21                                     (abs)         00EDB
_RandomSendInfo                             bssBANK3      00340
_RangeDemo                                  text10        07288
_Read_MAC_Address                           text8         0B28E
_RouteMessage                               text41        08CAA
_RouterFailures                             bssBANK3      00320
_RoutingTable                               bssBANK1      00191
_RxBuffer                                   bssBANK4      00400
_SPBRG                                      (abs)         00FB0
_SPEN                                       (abs)         07D67
_SPIGet                                     text59        0C906
_SPIGet2                                    text78        0C910
_SPIPut                                     text64        0C84C
_SPIPut2                                    text79        0C868
_SSP1BUF                                    (abs)         00FC9
_SSP1CON1                                   (abs)         00FC6
_SSP1CON1bits                               (abs)         00FC6
_SSP1STAT                                   (abs)         00FC7
_SSP2BUF                                    (abs)         00F75
_SSP2CON1                                   (abs)         00F72
_SSP2CON1bits                               (abs)         00F72
_SSP2STAT                                   (abs)         00F73
_SSTGetID                                   text5         0C780
_SST_Val                                    bssBANK1      001B4
_SYNC                                       (abs)         07D6C
_SYSTEM_Initialize                          text6         0BB46
_SaveIndirectMessage                        text49        0A2F0
_ScanTime                                   mediumconst   0FBC7
_SearchForLongAddress                       text75        0B760
_SearchForShortAddress                      text74        0BC8A
_SelfTest                                   text4         099CA
_SendBeacon                                 text46        0B160
_SendIndirectPacket                         text44        05B26
_SendMACPacket                              text47        0B836
_T1CON                                      (abs)         00FCD
_T1CONbits                                  (abs)         00FCD
_TMR0L                                      (abs)         00FD6
_TMR1H                                      (abs)         00FCF
_TMR1L                                      (abs)         00FCE
_TRISAbits                                  (abs)         00F92
_TRISBbits                                  (abs)         00F93
_TRISCbits                                  (abs)         00F94
_TRISDbits                                  (abs)         00F95
_TRISEbits                                  (abs)         00F96
_TX9                                        (abs)         07D6E
_TXEN                                       (abs)         07D6D
_TXIF                                       (abs)         07CF4
_TXREG                                      (abs)         00FAE
_TempDemo                                   text1         095B8
_TxBuffer                                   bssBANK1      00133
_TxData                                     bssBANK1      0012E
_UnicastShortAddress                        text40        0BDAC
_UserInterruptHandler                       text87        0C93A
_WDTCONbits                                 (abs)         00FC0
__CFG_CPUDIV$OSC3_PLL3                      (abs)         00000
__CFG_OSC$INTOSCPLL                         (abs)         00000
__CFG_PLLDIV$2                              (abs)         00000
__CFG_WDTEN$OFF                             (abs)         00000
__CFG_WDTPS$2048                            (abs)         00000
__CFG_XINST$OFF                             (abs)         00000
__HRAM                                      (abs)         00000
__Habs1                                     abs1          00000
__Hbank0                                    bank0         00000
__Hbank1                                    bank1         00000
__Hbank10                                   bank10        00000
__Hbank11                                   bank11        00000
__Hbank12                                   bank12        00000
__Hbank13                                   bank13        00000
__Hbank14                                   bank14        00000
__Hbank2                                    bank2         00000
__Hbank3                                    bank3         00000
__Hbank4                                    bank4         00000
__Hbank5                                    bank5         00000
__Hbank6                                    bank6         00000
__Hbank7                                    bank7         00000
__Hbank8                                    bank8         00000
__Hbank9                                    bank9         00000
__Hbigbss                                   bigbss        00000
__Hbigdata                                  bigdata       00000
__Hbigram                                   bigram        00000
__Hbss                                      bss           00000
__HbssBANK1                                 bssBANK1      00000
__HbssBANK2                                 bssBANK2      00000
__HbssBANK3                                 bssBANK3      00000
__HbssBANK4                                 bssBANK4      00000
__HbssBANK5                                 bssBANK5      00000
__HbssBANK6                                 bssBANK6      00000
__HbssCOMRAM                                bssCOMRAM     00000
__Hcinit                                    cinit         00000
__Hclrtext                                  clrtext       00000
__Hcomram                                   comram        00000
__Hconfig                                   config        10000
__Hconst                                    const         00000
__HcstackBANK0                              cstackBANK0   00000
__HcstackBANK1                              cstackBANK1   00000
__HcstackBANK4                              cstackBANK4   00000
__HcstackCOMRAM                             cstackCOMRAM  00000
__Hdata                                     data          00000
__HdataBANK1                                dataBANK1     00000
__HdataCOMRAM                               dataCOMRAM    00000
__Hend_init                                 end_init      00208
__Hfarbss                                   farbss        00000
__Hfardata                                  fardata       00000
__Hibigdata                                 ibigdata      00000
__Hidata                                    idata         00000
__HidataBANK1                               idataBANK1    00000
__HidataCOMRAM                              idataCOMRAM   00000
__Hidloc                                    idloc         00000
__Hifardata                                 ifardata      00000
__Hinit                                     init          00204
__Hintcode                                  intcode       00204
__Hintcode_body                             intcode_body  00000
__Hintcodelo                                intcodelo     00204
__Hintentry                                 intentry      00000
__Hintret                                   intret        00000
__Hintsave_regs                             intsave_regs  00000
__Hirdata                                   irdata        00000
__Hjflash_buffer                            jflash_buffer 0F800
__Hmediumconst                              mediumconst   0FFF8
__HnvFARRAM                                 nvFARRAM      00000
__Hnvbit                                    nvbit         00000
__Hnvrram                                   nvrram        00000
__Hparam                                    rparam        00000
__Hpowerup                                  powerup       00204
__Hram                                      ram           00000
__Hramtop                                   ramtop        00F00
__Hrbit                                     rbit          00000
__Hrbss                                     rbss          00000
__Hrdata                                    rdata         00000
__Hreset_vec                                reset_vec     00004
__Hrparam                                   rparam        00000
__Hsfr                                      sfr           00000
__Hsmallconst                               smallconst    00000
__Hspace_0                                  (abs)         10000
__Hspace_1                                  (abs)         00680
__Hspace_2                                  (abs)         00000
__Hstack                                    stack         00000
__Hstruct                                   struct        00000
__Htemp                                     temp          00000
__Htext                                     text          00000
__Htext0                                    text0         00000
__Htext1                                    text1         00000
__Htext10                                   text10        00000
__Htext11                                   text11        00000
__Htext12                                   text12        00000
__Htext13                                   text13        00000
__Htext14                                   text14        00000
__Htext15                                   text15        00000
__Htext16                                   text16        00000
__Htext17                                   text17        00000
__Htext18                                   text18        00000
__Htext19                                   text19        00000
__Htext2                                    text2         00000
__Htext20                                   text20        00000
__Htext21                                   text21        00000
__Htext22                                   text22        00000
__Htext23                                   text23        00000
__Htext24                                   text24        00000
__Htext25                                   text25        00000
__Htext26                                   text26        00000
__Htext27                                   text27        00000
__Htext28                                   text28        00000
__Htext29                                   text29        00000
__Htext3                                    text3         00000
__Htext30                                   text30        00000
__Htext31                                   text31        00000
__Htext32                                   text32        00000
__Htext33                                   text33        00000
__Htext34                                   text34        00000
__Htext35                                   text35        00000
__Htext36                                   text36        00000
__Htext37                                   text37        00000
__Htext38                                   text38        00000
__Htext39                                   text39        00000
__Htext4                                    text4         00000
__Htext40                                   text40        00000
__Htext41                                   text41        00000
__Htext42                                   text42        00000
__Htext43                                   text43        00000
__Htext44                                   text44        00000
__Htext45                                   text45        00000
__Htext46                                   text46        00000
__Htext47                                   text47        00000
__Htext48                                   text48        00000
__Htext49                                   text49        00000
__Htext5                                    text5         00000
__Htext50                                   text50        00000
__Htext51                                   text51        00000
__Htext52                                   text52        00000
__Htext53                                   text53        00000
__Htext54                                   text54        00000
__Htext55                                   text55        00000
__Htext56                                   text56        00000
__Htext57                                   text57        00000
__Htext58                                   text58        00000
__Htext59                                   text59        00000
__Htext6                                    text6         00000
__Htext60                                   text60        00000
__Htext61                                   text61        00000
__Htext62                                   text62        00000
__Htext63                                   text63        00000
__Htext64                                   text64        00000
__Htext65                                   text65        00000
__Htext66                                   text66        00000
__Htext67                                   text67        00000
__Htext68                                   text68        00000
__Htext69                                   text69        00000
__Htext7                                    text7         00000
__Htext70                                   text70        00000
__Htext71                                   text71        00000
__Htext72                                   text72        00000
__Htext73                                   text73        00000
__Htext74                                   text74        00000
__Htext75                                   text75        00000
__Htext76                                   text76        00000
__Htext77                                   text77        00000
__Htext78                                   text78        00000
__Htext79                                   text79        00000
__Htext8                                    text8         00000
__Htext80                                   text80        00000
__Htext82                                   text82        00000
__Htext83                                   text83        00000
__Htext84                                   text84        00000
__Htext85                                   text85        00000
__Htext86                                   text86        00000
__Htext87                                   text87        00000
__Htext9                                    text9         00000
__LRAM                                      (abs)         00001
__Labs1                                     abs1          00000
__Lbank0                                    bank0         00000
__Lbank1                                    bank1         00000
__Lbank10                                   bank10        00000
__Lbank11                                   bank11        00000
__Lbank12                                   bank12        00000
__Lbank13                                   bank13        00000
__Lbank14                                   bank14        00000
__Lbank2                                    bank2         00000
__Lbank3                                    bank3         00000
__Lbank4                                    bank4         00000
__Lbank5                                    bank5         00000
__Lbank6                                    bank6         00000
__Lbank7                                    bank7         00000
__Lbank8                                    bank8         00000
__Lbank9                                    bank9         00000
__Lbigbss                                   bigbss        00000
__Lbigdata                                  bigdata       00000
__Lbigram                                   bigram        00000
__Lbss                                      bss           00000
__LbssBANK1                                 bssBANK1      00000
__LbssBANK2                                 bssBANK2      00000
__LbssBANK3                                 bssBANK3      00000
__LbssBANK4                                 bssBANK4      00000
__LbssBANK5                                 bssBANK5      00000
__LbssBANK6                                 bssBANK6      00000
__LbssCOMRAM                                bssCOMRAM     00000
__Lcinit                                    cinit         00000
__Lclrtext                                  clrtext       00000
__Lcomram                                   comram        00000
__Lconfig                                   config        0FFF8
__Lconst                                    const         00000
__LcstackBANK0                              cstackBANK0   00000
__LcstackBANK1                              cstackBANK1   00000
__LcstackBANK4                              cstackBANK4   00000
__LcstackCOMRAM                             cstackCOMRAM  00000
__Ldata                                     data          00000
__LdataBANK1                                dataBANK1     00000
__LdataCOMRAM                               dataCOMRAM    00000
__Lend_init                                 end_init      00204
__Lfarbss                                   farbss        00000
__Lfardata                                  fardata       00000
__Libigdata                                 ibigdata      00000
__Lidata                                    idata         00000
__LidataBANK1                               idataBANK1    00000
__LidataCOMRAM                              idataCOMRAM   00000
__Lidloc                                    idloc         00000
__Lifardata                                 ifardata      00000
__Linit                                     init          00204
__Lintcode                                  intcode       00008
__Lintcode_body                             intcode_body  00000
__Lintcodelo                                intcodelo     00204
__Lintentry                                 intentry      00000
__Lintret                                   intret        00000
__Lintsave_regs                             intsave_regs  00000
__Lirdata                                   irdata        00000
__Ljflash_buffer                            jflash_buffer 0F800
__Lmediumconst                              mediumconst   0FBC6
__LnvFARRAM                                 nvFARRAM      00000
__Lnvbit                                    nvbit         00000
__Lnvrram                                   nvrram        00000
__Lparam                                    rparam        00000
__Lpowerup                                  powerup       00204
__Lram                                      ram           00000
__Lramtop                                   ramtop        00F00
__Lrbit                                     rbit          00000
__Lrbss                                     rbss          00000
__Lrdata                                    rdata         00000
__Lreset_vec                                reset_vec     00000
__Lrparam                                   rparam        00000
__Lsfr                                      sfr           00000
__Lsmallconst                               smallconst    00000
__Lspace_0                                  (abs)         00000
__Lspace_1                                  (abs)         00000
__Lspace_2                                  (abs)         00000
__Lstack                                    stack         00000
__Lstruct                                   struct        00000
__Ltemp                                     temp          00000
__Ltext                                     text          00000
__Ltext0                                    text0         00000
__Ltext1                                    text1         00000
__Ltext10                                   text10        00000
__Ltext11                                   text11        00000
__Ltext12                                   text12        00000
__Ltext13                                   text13        00000
__Ltext14                                   text14        00000
__Ltext15                                   text15        00000
__Ltext16                                   text16        00000
__Ltext17                                   text17        00000
__Ltext18                                   text18        00000
__Ltext19                                   text19        00000
__Ltext2                                    text2         00000
__Ltext20                                   text20        00000
__Ltext21                                   text21        00000
__Ltext22                                   text22        00000
__Ltext23                                   text23        00000
__Ltext24                                   text24        00000
__Ltext25                                   text25        00000
__Ltext26                                   text26        00000
__Ltext27                                   text27        00000
__Ltext28                                   text28        00000
__Ltext29                                   text29        00000
__Ltext3                                    text3         00000
__Ltext30                                   text30        00000
__Ltext31                                   text31        00000
__Ltext32                                   text32        00000
__Ltext33                                   text33        00000
__Ltext34                                   text34        00000
__Ltext35                                   text35        00000
__Ltext36                                   text36        00000
__Ltext37                                   text37        00000
__Ltext38                                   text38        00000
__Ltext39                                   text39        00000
__Ltext4                                    text4         00000
__Ltext40                                   text40        00000
__Ltext41                                   text41        00000
__Ltext42                                   text42        00000
__Ltext43                                   text43        00000
__Ltext44                                   text44        00000
__Ltext45                                   text45        00000
__Ltext46                                   text46        00000
__Ltext47                                   text47        00000
__Ltext48                                   text48        00000
__Ltext49                                   text49        00000
__Ltext5                                    text5         00000
__Ltext50                                   text50        00000
__Ltext51                                   text51        00000
__Ltext52                                   text52        00000
__Ltext53                                   text53        00000
__Ltext54                                   text54        00000
__Ltext55                                   text55        00000
__Ltext56                                   text56        00000
__Ltext57                                   text57        00000
__Ltext58                                   text58        00000
__Ltext59                                   text59        00000
__Ltext6                                    text6         00000
__Ltext60                                   text60        00000
__Ltext61                                   text61        00000
__Ltext62                                   text62        00000
__Ltext63                                   text63        00000
__Ltext64                                   text64        00000
__Ltext65                                   text65        00000
__Ltext66                                   text66        00000
__Ltext67                                   text67        00000
__Ltext68                                   text68        00000
__Ltext69                                   text69        00000
__Ltext7                                    text7         00000
__Ltext70                                   text70        00000
__Ltext71                                   text71        00000
__Ltext72                                   text72        00000
__Ltext73                                   text73        00000
__Ltext74                                   text74        00000
__Ltext75                                   text75        00000
__Ltext76                                   text76        00000
__Ltext77                                   text77        00000
__Ltext78                                   text78        00000
__Ltext79                                   text79        00000
__Ltext8                                    text8         00000
__Ltext80                                   text80        00000
__Ltext82                                   text82        00000
__Ltext83                                   text83        00000
__Ltext84                                   text84        00000
__Ltext85                                   text85        00000
__Ltext86                                   text86        00000
__Ltext87                                   text87        00000
__Ltext9                                    text9         00000
__S0                                        (abs)         10000
__S1                                        (abs)         00680
__S2                                        (abs)         00000
___awdiv                                    text55        0B4C8
___awdiv@counter                            cstackBANK0   00064
___awdiv@dividend                           cstackBANK0   00060
___awdiv@divisor                            cstackBANK0   00062
___awdiv@quotient                           cstackBANK0   00066
___awdiv@sign                               cstackBANK0   00065
___awmod                                    text39        0B908
___awmod@counter                            cstackBANK0   00064
___awmod@dividend                           cstackBANK0   00060
___awmod@divisor                            cstackBANK0   00062
___awmod@sign                               cstackBANK0   00065
___inthi_sp                                 stack         00000
___intlo_sp                                 stack         00000
___lbmod                                    text70        0C5F2
___lbmod@counter                            cstackBANK0   00062
___lbmod@dividend                           cstackBANK0   00061
___lbmod@divisor                            cstackBANK0   00060
___lbmod@rem                                cstackBANK0   00063
___lmul                                     text68        0BEC4
___lmul@multiplicand                        cstackBANK0   00064
___lmul@multiplier                          cstackBANK0   00060
___lmul@product                             cstackBANK0   00068
___lwdiv                                    text17        0BFCA
___lwdiv@counter                            cstackBANK0   00064
___lwdiv@dividend                           cstackBANK0   00060
___lwdiv@divisor                            cstackBANK0   00062
___lwdiv@quotient                           cstackBANK0   00065
___lwmod                                    text16        0C2C0
___lwmod@counter                            cstackBANK0   0006B
___lwmod@dividend                           cstackBANK0   00067
___lwmod@divisor                            cstackBANK0   00069
___sp                                       stack         00000
___wmul                                     text15        0C6AE
___wmul@multiplicand                        cstackBANK0   00062
___wmul@multiplier                          cstackBANK0   00060
___wmul@product                             cstackBANK0   00064
__accesstop                                 (abs)         00060
__activetblptr                              (abs)         00002
__end_of_AddNodeToNetworkTable              text72        0B4C8
__end_of_BUTTON_Pressed                     text25        0B01E
__end_of_BroadcastJitter                    text69        0BB46
__end_of_DELAY_ms                           text67        0B760
__end_of_EEPROMRead                         text9         0C74E
__end_of_FindDepth                          text43        0BDAC
__end_of_FindRoutingPath                    text42        06AFA
__end_of_InitMRF24J40                       text52        0A2F0
__end_of_InitSymbolTimer                    text32        0C8B4
__end_of_LCD_BacklightOFF                   text24        0C934
__end_of_LCD_BacklightON                    text23        0C930
__end_of_LCD_Display                        text12        0C18A
__end_of_LCD_Erase                          text20        0C5F2
__end_of_LCD_Initialize                     text7         0BEC4
__end_of_LCD_Update                         text18        0BA8A
__end_of_LCD_WriteCmd                       text22        0C8DC
__end_of_LCD_WriteData                      text19        0C8C8
__end_of_MacroNop                           text80        0C938
__end_of_MiApp_BroadcastPacket              text3         0C8EC
__end_of_MiApp_ConnectionMode               text76        0C51C
__end_of_MiApp_DiscardMessage               text65        0C92C
__end_of_MiApp_EstablishConnection          text33        087A8
__end_of_MiApp_MessageAvailable             text37        0C8FC
__end_of_MiApp_NoiseDetection               text54        0A842
__end_of_MiApp_ProtocolInit                 text27        07D74
__end_of_MiApp_SearchConnection             text36        0AD12
__end_of_MiApp_SetChannel                   text60        0C5AE
__end_of_MiApp_StartConnection              text26        09FFE
__end_of_MiApp_UnicastAddress               text35        082A0
__end_of_MiApp_UnicastConnection            text11        0AAAA
__end_of_MiMAC_ChannelAssessment            text56        0C566
__end_of_MiMAC_DiscardPacket                text66        0C84C
__end_of_MiMAC_Init                         text31        0C424
__end_of_MiMAC_ReceivedPacket               text53        07288
__end_of_MiMAC_SendPacket                   text50        08CAA
__end_of_MiMAC_SetAltAddress                text51        0C0B8
__end_of_MiMAC_SetChannel                   text61        0C47A
__end_of_MiWiPROTasks                       text38        03F78
__end_of_MiWi_TickGet                       text71        0C25A
__end_of_MultiCast                          text48        0B160
__end_of_NVMInit                            text29        0AEA6
__end_of_NVMRead                            text28        0C122
__end_of_NVMWrite                           text77        0B68A
__end_of_NVMalloc                           text30        0C3CE
__end_of_OpenSocket                         text34        095B8
__end_of_PHYGetLongRAMAddr                  text58        0C1F2
__end_of_PHYGetShortRAMAddr                 text57        0C71A
__end_of_PHYSetLongRAMAddr                  text63        0C2C0
__end_of_PHYSetShortRAMAddr                 text62        0C780
__end_of_RangeDemo                          text10        0780C
__end_of_Read_MAC_Address                   text8         0B3AC
__end_of_RouteMessage                       text41        09136
__end_of_SPIGet                             text59        0C910
__end_of_SPIGet2                            text78        0C91A
__end_of_SPIPut                             text64        0C868
__end_of_SPIPut2                            text79        0C884
__end_of_SSTGetID                           text5         0C7AC
__end_of_SYSTEM_Initialize                  text6         0BBF4
__end_of_SaveIndirectMessage                text49        0A5D2
__end_of_ScanTime                           mediumconst   0FC03
__end_of_SearchForLongAddress               text75        0B836
__end_of_SearchForShortAddress              text74        0BD1C
__end_of_SelfTest                           text4         09CF2
__end_of_SendBeacon                         text46        0B28E
__end_of_SendIndirectPacket                 text44        06366
__end_of_SendMACPacket                      text47        0B908
__end_of_TempDemo                           text1         099CA
__end_of_UnicastShortAddress                text40        0BE3A
__end_of_UserInterruptHandler               text87        0C93C
__end_of___awdiv                            text55        0B5AA
__end_of___awmod                            text39        0B9CC
__end_of___lbmod                            text70        0C636
__end_of___lmul                             text68        0BF4A
__end_of___lwdiv                            text17        0C042
__end_of___lwmod                            text16        0C320
__end_of___wmul                             text15        0C6E4
__end_of__initialization                    cinit         0BC80
__end_of__stringdata                        mediumconst   0FFF7
__end_of_dpowers                            mediumconst   0FC19
__end_of_findNextNetworkEntry               text73        0C676
__end_of_hexpowers                          mediumconst   0FC21
[...]
 Defined at:
		line 144 in file "spi.c"
 Parameters:    Size  Location     Type
  v               1    wreg     unsigned char 
 Auto vars:     Size  Location     Type
  v               1    1[BANK0 ] unsigned char 
  i               1    0[BANK0 ] unsigned char 
 Return value:  Size  Location     Type
		None               void
 Registers used:
		wreg
 Tracked objects:
		On entry : 
		On exit  : 
		Unchanged: 
 Data sizes:     COMRAM   BANK0   BANK1   BANK2   BANK3   BANK4   BANK5   BANK6   BANK7   BANK8   BANK9  BANK10  BANK11  BANK12  BANK13  BANK14
      Params:         0       0       0       0       0       0       0       0       0       0       0       0       0       0       0       0
      Locals:         0       2       0       0       0       0       0       0       0       0       0       0       0       0       0       0
      Temps:          0       0       0       0       0       0       0       0       0       0       0       0       0       0       0       0
      Totals:         0       2       0       0       0       0       0       0       0       0       0       0       0       0       0       0
Total ram usage:        2 bytes
 Hardware stack levels used:    1
 Hardware stack levels required when called:    4
 This function calls:
		Nothing
 This function is called by:
		_EEPROMRead
		_LCD_WriteCmd
		_LCD_WriteData
		_SSTGetID
		_SPIGet2
		_NVMRead
		_NVMWrite
		_SSTRead
		_SSTWrite
 This function uses a non-reentrant model


 *************** function _MacroNop *****************
 Defined at:
		line 309 in file "miwi_pro.c"
 Parameters:    Size  Location     Type
		None
 Auto vars:     Size  Location     Type
		None
 Return value:  Size  Location     Type
		None               void
 Registers used:
		None
 Tracked objects:
		On entry : 
		On exit  : 
		Unchanged: 
 Data sizes:     COMRAM   BANK0   BANK1   BANK2   BANK3   BANK4   BANK5   BANK6   BANK7   BANK8   BANK9  BANK10  BANK11  BANK12  BANK13  BANK14
      Params:         0       0       0       0       0       0       0       0       0       0       0       0       0       0       0       0
      Locals:         0       0       0       0       0       0       0       0       0       0       0       0       0       0       0       0
      Temps:          0       0       0       0       0       0       0       0       0       0       0       0       0       0       0       0
      Totals:         0       0       0       0       0       0       0       0       0       0       0       0       0       0       0       0
Total ram usage:        0 bytes
 Hardware stack levels used:    1
 Hardware stack levels required when called:    4
 This function calls:
		Nothing
 This function is called by:
		_NVMWrite
		_MiApp_ResyncConnection
 This function uses a non-reentrant model


 *************** function _high_isr *****************
 Defined at:
		line 1852 in file "drv_mrf_miwi_24j40.c"
 Parameters:    Size  Location     Type
		None
 Auto vars:     Size  Location     Type
  results         1   27[COMRAM] struct _DRIVER_UINT8_UNI
  RxBank          1   30[COMRAM] unsigned char 
  flags           2   28[COMRAM] struct .
  i               1   31[COMRAM] unsigned char 
 Return value:  Size  Location     Type
		None               void
 Registers used:
		wreg, fsr2l, fsr2h, status,2, status,0, prodl, prodh, cstack
 Tracked objects:
		On entry : 
		On exit  : 
		Unchanged: 
 Data sizes:     COMRAM   BANK0   BANK1   BANK2   BANK3   BANK4   BANK5   BANK6   BANK7   BANK8   BANK9  BANK10  BANK11  BANK12  BANK13  BANK14
      Params:         0       0       0       0       0       0       0       0       0       0       0       0       0       0       0       0
      Locals:         5       0       0       0       0       0       0       0       0       0       0       0       0       0       0       0
      Temps:         19       0       0       0       0       0       0       0       0       0       0       0       0       0       0       0
      Totals:        24       0       0       0       0       0       0       0       0       0       0       0       0       0       0       0
Total ram usage:       24 bytes
 Hardware stack levels used:    1
 Hardware stack levels required when called:    3
 This function calls:
		_UserInterruptHandler
		i2_PHYGetLongRAMAddr
		i2_PHYGetShortRAMAddr
		i2_PHYSetShortRAMAddr
 This function is called by:
		Interrupt level 2
 This function uses a non-reentrant model


 *************** function i2_PHYSetShortRAMAddr *****************
 Defined at:
		line 124 in file "drv_mrf_miwi_24j40.c"
 Parameters:    Size  Location     Type
  address         1    wreg     unsigned char 
  value           1    2[COMRAM] unsigned char 
 Auto vars:     Size  Location     Type
  address         1    3[COMRAM] unsigned char 
  PHYSetShortR    1    4[COMRAM] volatile unsigned char 
 Return value:  Size  Location     Type
		None               void
 Registers used:
		wreg, status,2, cstack
 Tracked objects:
		On entry : 
		On exit  : 
		Unchanged: 
 Data sizes:     COMRAM   BANK0   BANK1   BANK2   BANK3   BANK4   BANK5   BANK6   BANK7   BANK8   BANK9  BANK10  BANK11  BANK12  BANK13  BANK14
      Params:         1       0       0       0       0       0       0       0       0       0       0       0       0       0       0       0
      Locals:         2       0       0       0       0       0       0       0       0       0       0       0       0       0       0       0
      Temps:          0       0       0       0       0       0       0       0       0       0       0       0       0       0       0       0
      Totals:         3       0       0       0       0       0       0       0       0       0       0       0       0       0       0       0
Total ram usage:        3 bytes
 Hardware stack levels used:    1
 Hardware stack levels required when called:    1
 This function calls:
		i2_SPIPut
 This function is called by:
		_high_isr
 This function uses a non-reentrant model


 *************** function i2_PHYGetShortRAMAddr *****************
 Defined at:
		line 154 in file "drv_mrf_miwi_24j40.c"
 Parameters:    Size  Location     Type
  address         1    wreg     unsigned char 
 Auto vars:     Size  Location     Type
  address         1    2[COMRAM] unsigned char 
  PHYGetShortR    1    4[COMRAM] volatile unsigned char 
  PHYGetShortR    1    3[COMRAM] unsigned char 
 Return value:  Size  Location     Type
                  1    wreg      unsigned char 
 Registers used:
		wreg, status,2, cstack
 Tracked objects:
		On entry : 
		On exit  : 
		Unchanged: 
 Data sizes:     COMRAM   BANK0   BANK1   BANK2   BANK3   BANK4   BANK5   BANK6   BANK7   BANK8   BANK9  BANK10  BANK11  BANK12  BANK13  BANK14
      Params:         0       0       0       0       0       0       0       0       0       0       0       0       0       0       0       0
      Locals:         3       0       0       0       0       0       0       0       0       0       0       0       0       0       0       0
      Temps:          0       0       0       0       0       0       0       0       0       0       0       0       0       0       0       0
      Totals:         3       0       0       0       0       0       0       0       0       0       0       0       0       0       0       0
Total ram usage:        3 bytes
 Hardware stack levels used:    1
 Hardware stack levels required when called:    2
 This function calls:
		i2_SPIGet
		i2_SPIPut
 This function is called by:
		_high_isr
 This function uses a non-reentrant model


 *************** function i2_PHYGetLongRAMAddr *****************
 Defined at:
		line 185 in file "drv_mrf_miwi_24j40.c"
 Parameters:    Size  Location     Type
  address         2    2[COMRAM] unsigned int 
 Auto vars:     Size  Location     Type
  PHYGetLongRA    1    7[COMRAM] volatile unsigned char 
  PHYGetLongRA    1    6[COMRAM] unsigned char 
 Return value:  Size  Location     Type
                  1    wreg      unsigned char 
 Registers used:
		wreg, status,2, status,0, cstack
 Tracked objects:
		On entry : 
		On exit  : 
		Unchanged: 
 Data sizes:     COMRAM   BANK0   BANK1   BANK2   BANK3   BANK4   BANK5   BANK6   BANK7   BANK8   BANK9  BANK10  BANK11  BANK12  BANK13  BANK14
      Params:         2       0       0       0       0       0       0       0       0       0       0       0       0       0       0       0
      Locals:         2       0       0       0       0       0       0       0       0       0       0       0       0       0       0       0
      Temps:          2       0       0       0       0       0       0       0       0       0       0       0       0       0       0       0
      Totals:         6       0       0       0       0       0       0       0       0       0       0       0       0       0       0       0
Total ram usage:        6 bytes
 Hardware stack levels used:    1
 Hardware stack levels required when called:    2
 This function calls:
		i2_SPIGet
		i2_SPIPut
 This function is called by:
		_high_isr
 This function uses a non-reentrant model


 *************** function i2_SPIGet *****************
 Defined at:
		line 102 in file "spi.c"
 Parameters:    Size  Location     Type
		None
 Auto vars:     Size  Location     Type
		None
 Return value:  Size  Location     Type
                  1    wreg      unsigned char 
 Registers used:
		wreg, status,2, cstack
 Tracked objects:
		On entry : 
		On exit  : 
		Unchanged: 
 Data sizes:     COMRAM   BANK0   BANK1   BANK2   BANK3   BANK4   BANK5   BANK6   BANK7   BANK8   BANK9  BANK10  BANK11  BANK12  BANK13  BANK14
      Params:         0       0       0       0       0       0       0       0       0       0       0       0       0       0       0       0
      Locals:         0       0       0       0       0       0       0       0       0       0       0       0       0       0       0       0
      Temps:          0       0       0       0       0       0       0       0       0       0       0       0       0       0       0       0
      Totals:         0       0       0       0       0       0       0       0       0       0       0       0       0       0       0       0
Total ram usage:        0 bytes
 Hardware stack levels used:    1
 Hardware stack levels required when called:    1
 This function calls:
		i2_SPIPut
 This function is called by:
		i2_PHYGetShortRAMAddr
		i2_PHYGetLongRAMAddr
 This function uses a non-reentrant model


 *************** function i2_SPIPut *****************
 Defined at:
		line 45 in file "spi.c"
 Parameters:    Size  Location     Type
  v               1    wreg     unsigned char 
 Auto vars:     Size  Location     Type
  v               1    1[COMRAM] unsigned char 
  SPIPut          1    0[COMRAM] unsigned char 
 Return value:  Size  Location     Type
		None               void
 Registers used:
		wreg
 Tracked objects:
		On entry : 
		On exit  : 
		Unchanged: 
 Data sizes:     COMRAM   BANK0   BANK1   BANK2   BANK3   BANK4   BANK5   BANK6   BANK7   BANK8   BANK9  BANK10  BANK11  BANK12  BANK13  BANK14
      Params:         0       0       0       0       0       0       0       0       0       0       0       0       0       0       0       0
      Locals:         2       0       0       0       0       0       0       0       0       0       0       0       0       0       0       0
      Temps:          0       0       0       0       0       0       0       0       0       0       0       0       0       0       0       0
      Totals:         2       0       0       0       0       0       0       0       0       0       0       0       0       0       0       0
Total ram usage:        2 bytes
 Hardware stack levels used:    1
 This function calls:
		Nothing
 This function is called by:
		i2_SPIGet
		i2_PHYSetShortRAMAddr
		i2_PHYGetShortRAMAddr
		i2_PHYGetLongRAMAddr
 This function uses a non-reentrant model


 *************** function _UserInterruptHandler *****************
 Defined at:
		line 186 in file "lcd.c"
 Parameters:    Size  Location     Type
		None
 Auto vars:     Size  Location     Type
		None
 Return value:  Size  Location     Type
		None               void
 Registers used:
		None
 Tracked objects:
		On entry : 
		On exit  : 
		Unchanged: 
 Data sizes:     COMRAM   BANK0   BANK1   BANK2   BANK3   BANK4   BANK5   BANK6   BANK7   BANK8   BANK9  BANK10  BANK11  BANK12  BANK13  BANK14
      Params:         0       0       0       0       0       0       0       0       0       0       0       0       0       0       0       0
      Locals:         0       0       0       0       0       0       0       0       0       0       0       0       0       0       0       0
      Temps:          0       0       0       0       0       0       0       0       0       0       0       0       0       0       0       0
      Totals:         0       0       0       0       0       0       0       0       0       0       0       0       0       0       0       0
Total ram usage:        0 bytes
 Hardware stack levels used:    1
 This function calls:
		Nothing
 This function is called by:
		_high_isr
 This function uses a non-reentrant model



MODULE INFORMATION

Module		Function		Class		Link	Load	Size
drv_mrf_miwi_24j40.c
		_PHYGetLongRAMA		CODE           	C18A	0000	104
		_PHYSetLongRAMA		CODE           	C25A	0000	102
		_PHYGetShortRAM		CODE           	C6E4	0000	54
		_PHYSetShortRAM		CODE           	C74E	0000	50
		_InitMRF24J40  		CODE           	9FFE	0000	754
		_MiMAC_Received		CODE           	6AFA	0000	1934
		_MiMAC_DiscardP		CODE           	C82A	0000	34
		_high_isr      		CODE           	0008	0000	508
		_MiMAC_ChannelA		CODE           	C51C	0000	74
		_MiMAC_SetChann		CODE           	C424	0000	86
		_MiMAC_Init    		CODE           	C3CE	0000	86
		_MiMAC_SendPack		CODE           	87A8	0000	1282
		_MiMAC_SetAltAd		CODE           	C042	0000	118

drv_mrf_miwi_24j40.c estimated size: 5186

delay.c
		_DELAY_ms      		CODE           	B68A	0000	214

delay.c estimated size: 214

button.c
		_BUTTON_Pressed		CODE           	AEA6	0000	376

button.c estimated size: 376

C:\Program Files (x86)\Microchip\xc8\v1.33\sources\common\doprnt.c
		_sprintf       		CODE           	5050	0000	2774

C:\Program Files (x86)\Microchip\xc8\v1.33\sources\common\doprnt.c estimated size: 2774

C:\Program Files (x86)\Microchip\xc8\v1.33\sources\common\lwmod.c
		___lwmod       		CODE           	C2C0	0000	96

C:\Program Files (x86)\Microchip\xc8\v1.33\sources\common\lwmod.c estimated size: 96

C:\Program Files (x86)\Microchip\xc8\v1.33\sources\common\awmod.c
		___awmod       		CODE           	B908	0000	196

C:\Program Files (x86)\Microchip\xc8\v1.33\sources\common\awmod.c estimated size: 196

C:\Program Files (x86)\Microchip\xc8\v1.33\sources\common\Umul16.c
		___wmul        		CODE           	C6AE	0000	54

C:\Program Files (x86)\Microchip\xc8\v1.33\sources\common\Umul16.c estimated size: 54

serial_flash.c
		_SSTGetID      		CODE           	C780	0000	44

serial_flash.c estimated size: 44

miwi_pro.c
		_MiApp_NoiseDet		CODE           	A5D2	0000	624
		_UnicastShortAd		CODE           	BDAC	0000	142
		_MiApp_Establis		CODE           	82A0	0000	1288
		_MiApp_Protocol		CODE           	780C	0000	1384
		_MiApp_UnicastA		CODE           	7D74	0000	1324
		_MiApp_StartCon		CODE           	9CF2	0000	780
		_SendMACPacket 		CODE           	B836	0000	210
		_SendBeacon    		CODE           	B160	0000	302
		_MiWiPROTasks  		CODE           	0208	0000	15728
		_SendIndirectPa		CODE           	5B26	0000	2112
		_SearchForLongA		CODE           	B760	0000	214
		_MacroNop      		CODE           	C934	0000	4
		_MiApp_Broadcas		CODE           	C8DC	0000	16
		_findNextNetwor		CODE           	C636	0000	64
		_SearchForShort		CODE           	BC8A	0000	146
		_MiApp_UnicastC		CODE           	A842	0000	616
		_OpenSocket    		CODE           	9136	0000	1154
		_FindRoutingPat		CODE           	6366	0000	1940
		_RouteMessage  		CODE           	8CAA	0000	1164
		_MiApp_SetChann		CODE           	C566	0000	72
		_SaveIndirectMe		CODE           	A2F0	0000	738
		_MiApp_DiscardM		CODE           	C924	0000	8
		_MultiCast     		CODE           	B01E	0000	322
		_FindDepth     		CODE           	BD1C	0000	144
		_BroadcastJitte		CODE           	BA8A	0000	188
		_MiApp_MessageA		CODE           	C8EC	0000	16
		_MiApp_SearchCo		CODE           	AAAA	0000	616
		_isSameAddress 		CODE           	C320	0000	88
		_AddNodeToNetwo		CODE           	B3AC	0000	284
		_MiApp_Connecti		CODE           	C4CC	0000	80

miwi_pro.c estimated size: 31768

eeprom.c
		_EEPROMRead    		CODE           	C71A	0000	52
		_Read_MAC_Addre		CODE           	B28E	0000	286

eeprom.c estimated size: 338

symbol.c
		_InitSymbolTime		CODE           	C89E	0000	22
		_MiWi_TickGet  		CODE           	C1F2	0000	104

symbol.c estimated size: 126

C:\Program Files (x86)\Microchip\xc8\v1.33\sources\common\Umul32.c
		___lmul        		CODE           	BEC4	0000	134

C:\Program Files (x86)\Microchip\xc8\v1.33\sources\common\Umul32.c estimated size: 134

C:\Program Files (x86)\Microchip\xc8\v1.33\sources\common\lwdiv.c
		___lwdiv       		CODE           	BFCA	0000	120

C:\Program Files (x86)\Microchip\xc8\v1.33\sources\common\lwdiv.c estimated size: 120

C:\Program Files (x86)\Microchip\xc8\v1.33\sources\common\awdiv.c
		___awdiv       		CODE           	B4C8	0000	226

C:\Program Files (x86)\Microchip\xc8\v1.33\sources\common\awdiv.c estimated size: 226

spi.c
		_SPIPut2       		CODE           	C868	0000	28
		_SPIGet        		CODE           	C906	0000	10
		_SPIGet2       		CODE           	C910	0000	10
		_SPIPut        		CODE           	C84C	0000	28

spi.c estimated size: 76

C:\Program Files (x86)\Microchip\xc8\v1.33\sources\common\lbmod.c
		___lbmod       		CODE           	C5F2	0000	68

C:\Program Files (x86)\Microchip\xc8\v1.33\sources\common\lbmod.c estimated size: 68

range_demo.c
		_RangeDemo     		CODE           	7288	0000	1412

range_demo.c estimated size: 1412

shared
		__stringdata   		MEDIUMCONST    	FC21	0000	982
		_dpowers       		MEDIUMCONST    	FC0F	0000	10
		_ScanTime      		MEDIUMCONST    	FBC7	0000	60
		i2_PHYGetShortR		CODE           	C7D8	0000	42
		i2_PHYGetLongRA		CODE           	C47A	0000	82
		i2_PHYSetShortR		CODE           	C802	0000	40
		__initializatio		CODE           	BBF4	0000	140
		_octpowers     		MEDIUMCONST    	FC03	0000	12
		i2_SPIGet      		CODE           	C91A	0000	10
		_hexpowers     		MEDIUMCONST    	FC19	0000	8
		i2_SPIPut      		CODE           	C884	0000	26

shared estimated size: 1412

C:\Program Files (x86)\Microchip\xc8\v1.33\sources\common\memset.c
		_memset        		CODE           	C676	0000	56

C:\Program Files (x86)\Microchip\xc8\v1.33\sources\common\memset.c estimated size: 56

lcd.c
		_LCD_BacklightO		CODE           	C930	0000	4
		_LCD_Erase     		CODE           	C5AE	0000	68
		_LCD_Initialize		CODE           	BE3A	0000	138
		_LCD_Update    		CODE           	B9CC	0000	190
		_LCD_Display   		CODE           	C122	0000	104
		_UserInterruptH		CODE           	C93A	0000	2
		_LCD_BacklightO		CODE           	C92C	0000	4
		_LCD_WriteCmd  		CODE           	C8C8	0000	20
		_LCD_WriteData 		CODE           	C8B4	0000	20

lcd.c estimated size: 550

miwi_nvm.c
		_NVMWrite      		CODE           	B5AA	0000	224
		_NVMInit       		CODE           	AD12	0000	404
		_NVMalloc      		CODE           	C378	0000	86
		_NVMRead       		CODE           	C0B8	0000	106

miwi_nvm.c estimated size: 820

self_test.c
		_SelfTest      		CODE           	99CA	0000	808

self_test.c estimated size: 808

main.c
		_main          		CODE           	3F78	0000	4312

main.c estimated size: 4312

system.c
		_SYSTEM_Initial		CODE           	BB46	0000	174

system.c estimated size: 174

temp_demo.c
		_TempDemo      		CODE           	95B8	0000	1042
		_transmit      		CODE           	BF4A	0000	128

temp_demo.c estimated size: 1170

C:\Program Files (x86)\Microchip\xc8\v1.33\sources\common\isdigit.c
		_isdigit       		CODE           	C7AC	0000	44

C:\Program Files (x86)\Microchip\xc8\v1.33\sources\common\isdigit.c estimated size: 44

